2023-02-03T09:32:07.654665-05:00 KALIFORNIAGL systemd-modules-load[463]: Inserted module 'lp'
2023-02-03T09:32:07.654779-05:00 KALIFORNIAGL kernel: [    0.000000] microcode: microcode updated early to revision 0x28, date = 2019-11-12
2023-02-03T09:32:07.654958-05:00 KALIFORNIAGL systemd-modules-load[463]: Inserted module 'ppdev'
2023-02-03T09:32:07.654967-05:00 KALIFORNIAGL kernel: [    0.000000] Linux version 6.0.0-kali6-amd64 (devel@kali.org) (gcc-12 (Debian 12.2.0-10) 12.2.0, GNU ld (GNU Binutils for Debian) 2.39.50.20221208) #1 SMP PREEMPT_DYNAMIC Debian 6.0.12-1kali1 (2022-12-19)
2023-02-03T09:32:07.654969-05:00 KALIFORNIAGL kernel: [    0.000000] Command line: BOOT_IMAGE=/boot/vmlinuz-6.0.0-kali6-amd64 root=UUID=c7c3c9f5-90dc-438b-b95b-9c1f2a01b803 ro quiet splash
2023-02-03T09:32:07.654970-05:00 KALIFORNIAGL kernel: [    0.000000] x86/fpu: Supporting XSAVE feature 0x001: 'x87 floating point registers'
2023-02-03T09:32:07.654968-05:00 KALIFORNIAGL systemd-modules-load[463]: Inserted module 'parport_pc'
2023-02-03T09:32:07.654971-05:00 KALIFORNIAGL kernel: [    0.000000] x86/fpu: Supporting XSAVE feature 0x002: 'SSE registers'
2023-02-03T09:32:07.654971-05:00 KALIFORNIAGL kernel: [    0.000000] x86/fpu: Supporting XSAVE feature 0x004: 'AVX registers'
2023-02-03T09:32:07.654972-05:00 KALIFORNIAGL kernel: [    0.000000] x86/fpu: xstate_offset[2]:  576, xstate_sizes[2]:  256
2023-02-03T09:32:07.654972-05:00 KALIFORNIAGL systemd[1]: Starting Flush Journal to Persistent Storage...
2023-02-03T09:32:07.654974-05:00 KALIFORNIAGL kernel: [    0.000000] x86/fpu: Enabled xstate features 0x7, context size is 832 bytes, using 'standard' format.
2023-02-03T09:32:07.654975-05:00 KALIFORNIAGL kernel: [    0.000000] signal: max sigframe size: 1776
2023-02-03T09:32:07.654976-05:00 KALIFORNIAGL kernel: [    0.000000] BIOS-provided physical RAM map:
2023-02-03T09:32:07.654977-05:00 KALIFORNIAGL kernel: [    0.000000] BIOS-e820: [mem 0x0000000000000000-0x000000000009d7ff] usable
2023-02-03T09:32:07.654976-05:00 KALIFORNIAGL systemd[1]: Finished Coldplug All udev Devices.
2023-02-03T09:32:07.654977-05:00 KALIFORNIAGL kernel: [    0.000000] BIOS-e820: [mem 0x000000000009d800-0x000000000009ffff] reserved
2023-02-03T09:32:07.654978-05:00 KALIFORNIAGL kernel: [    0.000000] BIOS-e820: [mem 0x00000000000e0000-0x00000000000fffff] reserved
2023-02-03T09:32:07.654980-05:00 KALIFORNIAGL kernel: [    0.000000] BIOS-e820: [mem 0x0000000000100000-0x00000000cb8e5fff] usable
2023-02-03T09:32:07.654979-05:00 KALIFORNIAGL systemd[1]: Starting Helper to synchronize boot up for ifupdown...
2023-02-03T09:32:07.654981-05:00 KALIFORNIAGL kernel: [    0.000000] BIOS-e820: [mem 0x00000000cb8e6000-0x00000000cb8ecfff] ACPI NVS
2023-02-03T09:32:07.654983-05:00 KALIFORNIAGL kernel: [    0.000000] BIOS-e820: [mem 0x00000000cb8ed000-0x00000000cbd34fff] usable
2023-02-03T09:32:07.654983-05:00 KALIFORNIAGL kernel: [    0.000000] BIOS-e820: [mem 0x00000000cbd35000-0x00000000cc345fff] reserved
2023-02-03T09:32:07.654984-05:00 KALIFORNIAGL kernel: [    0.000000] BIOS-e820: [mem 0x00000000cc346000-0x00000000dd866fff] usable
2023-02-03T09:32:07.654985-05:00 KALIFORNIAGL kernel: [    0.000000] BIOS-e820: [mem 0x00000000dd867000-0x00000000dd8f8fff] reserved
2023-02-03T09:32:07.654985-05:00 KALIFORNIAGL kernel: [    0.000000] BIOS-e820: [mem 0x00000000dd8f9000-0x00000000dd959fff] usable
2023-02-03T09:32:07.654983-05:00 KALIFORNIAGL systemd[1]: Finished Helper to synchronize boot up for ifupdown.
2023-02-03T09:32:07.654987-05:00 KALIFORNIAGL kernel: [    0.000000] BIOS-e820: [mem 0x00000000dd95a000-0x00000000dda98fff] ACPI NVS
2023-02-03T09:32:07.654987-05:00 KALIFORNIAGL kernel: [    0.000000] BIOS-e820: [mem 0x00000000dda99000-0x00000000deffefff] reserved
2023-02-03T09:32:07.654988-05:00 KALIFORNIAGL kernel: [    0.000000] BIOS-e820: [mem 0x00000000defff000-0x00000000deffffff] usable
2023-02-03T09:32:07.654988-05:00 KALIFORNIAGL kernel: [    0.000000] BIOS-e820: [mem 0x00000000f8000000-0x00000000fbffffff] reserved
2023-02-03T09:32:07.654989-05:00 KALIFORNIAGL kernel: [    0.000000] BIOS-e820: [mem 0x00000000fec00000-0x00000000fec00fff] reserved
2023-02-03T09:32:07.654990-05:00 KALIFORNIAGL kernel: [    0.000000] BIOS-e820: [mem 0x00000000fed00000-0x00000000fed03fff] reserved
2023-02-03T09:32:07.654992-05:00 KALIFORNIAGL kernel: [    0.000000] BIOS-e820: [mem 0x00000000fed1c000-0x00000000fed1ffff] reserved
2023-02-03T09:32:07.654987-05:00 KALIFORNIAGL systemd[1]: Finished Create Static Device Nodes in /dev.
2023-02-03T09:32:07.654992-05:00 KALIFORNIAGL kernel: [    0.000000] BIOS-e820: [mem 0x00000000fee00000-0x00000000fee00fff] reserved
2023-02-03T09:32:07.654993-05:00 KALIFORNIAGL kernel: [    0.000000] BIOS-e820: [mem 0x00000000ff000000-0x00000000ffffffff] reserved
2023-02-03T09:32:07.654994-05:00 KALIFORNIAGL kernel: [    0.000000] BIOS-e820: [mem 0x0000000100000000-0x000000041effffff] usable
2023-02-03T09:32:07.654994-05:00 KALIFORNIAGL kernel: [    0.000000] NX (Execute Disable) protection: active
2023-02-03T09:32:07.654995-05:00 KALIFORNIAGL kernel: [    0.000000] SMBIOS 2.8 present.
2023-02-03T09:32:07.654994-05:00 KALIFORNIAGL systemd[1]: Reached target Preparation for Local File Systems.
2023-02-03T09:32:07.654996-05:00 KALIFORNIAGL kernel: [    0.000000] DMI: MSI MS-7930/Z97S SLI PLUS (MS-7930), BIOS V1.0 04/28/2014
2023-02-03T09:32:07.654999-05:00 KALIFORNIAGL kernel: [    0.000000] tsc: Fast TSC calibration using PIT
2023-02-03T09:32:07.654998-05:00 KALIFORNIAGL systemd[1]: Starting Rule-based Manager for Device Events and Files...
2023-02-03T09:32:07.655000-05:00 KALIFORNIAGL kernel: [    0.000000] tsc: Detected 4000.073 MHz processor
2023-02-03T09:32:07.655001-05:00 KALIFORNIAGL kernel: [    0.000544] e820: update [mem 0x00000000-0x00000fff] usable ==> reserved
2023-02-03T09:32:07.655011-05:00 KALIFORNIAGL kernel: [    0.000546] e820: remove [mem 0x000a0000-0x000fffff] usable
2023-02-03T09:32:07.655012-05:00 KALIFORNIAGL kernel: [    0.000553] last_pfn = 0x41f000 max_arch_pfn = 0x400000000
2023-02-03T09:32:07.655013-05:00 KALIFORNIAGL kernel: [    0.000632] x86/PAT: Configuration [0-7]: WB  WC  UC- UC  WB  WP  UC- WT  
2023-02-03T09:32:07.655012-05:00 KALIFORNIAGL systemd-udevd[487]: Using default interface naming scheme 'v252'.
2023-02-03T09:32:07.655014-05:00 KALIFORNIAGL kernel: [    0.001023] e820: update [mem 0xe0000000-0xffffffff] usable ==> reserved
2023-02-03T09:32:07.655015-05:00 KALIFORNIAGL kernel: [    0.001027] last_pfn = 0xdf000 max_arch_pfn = 0x400000000
2023-02-03T09:32:07.655016-05:00 KALIFORNIAGL kernel: [    0.006577] found SMP MP-table at [mem 0x000fd8f0-0x000fd8ff]
2023-02-03T09:32:07.655016-05:00 KALIFORNIAGL kernel: [    0.006587] Using GB pages for direct mapping
2023-02-03T09:32:07.655017-05:00 KALIFORNIAGL kernel: [    0.007189] RAMDISK: [mem 0x2e7fd000-0x333f5fff]
2023-02-03T09:32:07.655018-05:00 KALIFORNIAGL kernel: [    0.007193] ACPI: Early table checksum verification disabled
2023-02-03T09:32:07.655015-05:00 KALIFORNIAGL systemd[1]: Started Rule-based Manager for Device Events and Files.
2023-02-03T09:32:07.655020-05:00 KALIFORNIAGL kernel: [    0.007195] ACPI: RSDP 0x00000000000F04A0 000024 (v02 ALASKA)
2023-02-03T09:32:07.655021-05:00 KALIFORNIAGL kernel: [    0.007197] ACPI: XSDT 0x00000000DDA62088 00008C (v01 ALASKA A M I    01072009 AMI  00010013)
2023-02-03T09:32:07.655021-05:00 KALIFORNIAGL kernel: [    0.007201] ACPI: FACP 0x00000000DDA74970 00010C (v05 ALASKA A M I    01072009 AMI  00010013)
2023-02-03T09:32:07.655022-05:00 KALIFORNIAGL kernel: [    0.007205] ACPI: DSDT 0x00000000DDA621A8 0127C6 (v02 ALASKA A M I    00000006 INTL 20120711)
2023-02-03T09:32:07.655022-05:00 KALIFORNIAGL kernel: [    0.007207] ACPI: FACS 0x00000000DDA98F80 000040
2023-02-03T09:32:07.655020-05:00 KALIFORNIAGL systemd-modules-load[463]: Inserted module 'nvidia_drm'
2023-02-03T09:32:07.655023-05:00 KALIFORNIAGL kernel: [    0.007209] ACPI: APIC 0x00000000DDA74A80 000092 (v03 ALASKA A M I    01072009 AMI  00010013)
2023-02-03T09:32:07.655023-05:00 KALIFORNIAGL kernel: [    0.007211] ACPI: FPDT 0x00000000DDA74B18 000044 (v01 ALASKA A M I    01072009 AMI  00010013)
2023-02-03T09:32:07.655026-05:00 KALIFORNIAGL kernel: [    0.007213] ACPI: ASF! 0x00000000DDA74B60 0000A5 (v32 INTEL   HCG     00000001 TFSM 000F4240)
2023-02-03T09:32:07.655026-05:00 KALIFORNIAGL kernel: [    0.007215] ACPI: SSDT 0x00000000DDA74C08 000BEE (v01 Ther_R Ther_Rvp 00001000 INTL 20120711)
2023-02-03T09:32:07.655027-05:00 KALIFORNIAGL kernel: [    0.007217] ACPI: SSDT 0x00000000DDA757F8 000539 (v01 PmRef  Cpu0Ist  00003000 INTL 20051117)
2023-02-03T09:32:07.655027-05:00 KALIFORNIAGL kernel: [    0.007219] ACPI: SSDT 0x00000000DDA75D38 000B74 (v01 CpuRef CpuSsdt  00003000 INTL 20051117)
2023-02-03T09:32:07.655028-05:00 KALIFORNIAGL kernel: [    0.007221] ACPI: MCFG 0x00000000DDA768B0 00003C (v01 ALASKA A M I    01072009 MSFT 00000097)
2023-02-03T09:32:07.655028-05:00 KALIFORNIAGL kernel: [    0.007223] ACPI: HPET 0x00000000DDA768F0 000038 (v01 ALASKA A M I    01072009 AMI. 00000005)
2023-02-03T09:32:07.655024-05:00 KALIFORNIAGL systemd-udevd[518]: event_source: Failed to get device name: No such file or directory
2023-02-03T09:32:07.655039-05:00 KALIFORNIAGL kernel: [    0.007225] ACPI: SSDT 0x00000000DDA76928 00036D (v01 SataRe SataTabl 00001000 INTL 20120711)
2023-02-03T09:32:07.655040-05:00 KALIFORNIAGL kernel: [    0.007227] ACPI: SSDT 0x00000000DDA76C98 005B5E (v01 SaSsdt SaSsdt   00003000 INTL 20120711)
2023-02-03T09:32:07.655041-05:00 KALIFORNIAGL kernel: [    0.007230] ACPI: DMAR 0x00000000DDA7C7F8 000080 (v01 INTEL  BDW      00000001 INTL 00000001)
2023-02-03T09:32:07.655041-05:00 KALIFORNIAGL kernel: [    0.007232] ACPI: SSDT 0x00000000DDA7C878 000579 (v01 Intel_ IsctTabl 00001000 INTL 20120711)
2023-02-03T09:32:07.655042-05:00 KALIFORNIAGL kernel: [    0.007233] ACPI: Reserving FACP table memory at [mem 0xdda74970-0xdda74a7b]
2023-02-03T09:32:07.655043-05:00 KALIFORNIAGL kernel: [    0.007234] ACPI: Reserving DSDT table memory at [mem 0xdda621a8-0xdda7496d]
2023-02-03T09:32:07.655040-05:00 KALIFORNIAGL mtp-probe: checking bus 1, device 4: "/sys/devices/pci0000:00/0000:00:14.0/usb1/1-4"
2023-02-03T09:32:07.655043-05:00 KALIFORNIAGL kernel: [    0.007235] ACPI: Reserving FACS table memory at [mem 0xdda98f80-0xdda98fbf]
2023-02-03T09:32:07.655046-05:00 KALIFORNIAGL kernel: [    0.007235] ACPI: Reserving APIC table memory at [mem 0xdda74a80-0xdda74b11]
2023-02-03T09:32:07.655046-05:00 KALIFORNIAGL kernel: [    0.007236] ACPI: Reserving FPDT table memory at [mem 0xdda74b18-0xdda74b5b]
2023-02-03T09:32:07.655045-05:00 KALIFORNIAGL mtp-probe: checking bus 1, device 3: "/sys/devices/pci0000:00/0000:00:14.0/usb1/1-3"
2023-02-03T09:32:07.655047-05:00 KALIFORNIAGL kernel: [    0.007237] ACPI: Reserving ASF! table memory at [mem 0xdda74b60-0xdda74c04]
2023-02-03T09:32:07.655048-05:00 KALIFORNIAGL kernel: [    0.007237] ACPI: Reserving SSDT table memory at [mem 0xdda74c08-0xdda757f5]
2023-02-03T09:32:07.655049-05:00 KALIFORNIAGL kernel: [    0.007238] ACPI: Reserving SSDT table memory at [mem 0xdda757f8-0xdda75d30]
2023-02-03T09:32:07.655049-05:00 KALIFORNIAGL kernel: [    0.007238] ACPI: Reserving SSDT table memory at [mem 0xdda75d38-0xdda768ab]
2023-02-03T09:32:07.655049-05:00 KALIFORNIAGL systemd[1]: Starting Show Plymouth Boot Screen...
2023-02-03T09:32:07.655051-05:00 KALIFORNIAGL kernel: [    0.007239] ACPI: Reserving MCFG table memory at [mem 0xdda768b0-0xdda768eb]
2023-02-03T09:32:07.655052-05:00 KALIFORNIAGL kernel: [    0.007239] ACPI: Reserving HPET table memory at [mem 0xdda768f0-0xdda76927]
2023-02-03T09:32:07.655052-05:00 KALIFORNIAGL kernel: [    0.007240] ACPI: Reserving SSDT table memory at [mem 0xdda76928-0xdda76c94]
2023-02-03T09:32:07.655053-05:00 KALIFORNIAGL kernel: [    0.007241] ACPI: Reserving SSDT table memory at [mem 0xdda76c98-0xdda7c7f5]
2023-02-03T09:32:07.655053-05:00 KALIFORNIAGL kernel: [    0.007241] ACPI: Reserving DMAR table memory at [mem 0xdda7c7f8-0xdda7c877]
2023-02-03T09:32:07.655054-05:00 KALIFORNIAGL kernel: [    0.007242] ACPI: Reserving SSDT table memory at [mem 0xdda7c878-0xdda7cdf0]
2023-02-03T09:32:07.655052-05:00 KALIFORNIAGL mtp-probe: bus: 1, device: 4 was not an MTP device
2023-02-03T09:32:07.655056-05:00 KALIFORNIAGL kernel: [    0.007282] No NUMA configuration found
2023-02-03T09:32:07.655056-05:00 KALIFORNIAGL kernel: [    0.007282] Faking a node at [mem 0x0000000000000000-0x000000041effffff]
2023-02-03T09:32:07.655057-05:00 KALIFORNIAGL kernel: [    0.007289] NODE_DATA(0) allocated [mem 0x41efd5000-0x41effffff]
2023-02-03T09:32:07.655057-05:00 KALIFORNIAGL kernel: [    0.007476] Zone ranges:
2023-02-03T09:32:07.655056-05:00 KALIFORNIAGL systemd[1]: Finished Load Kernel Modules.
2023-02-03T09:32:07.655059-05:00 KALIFORNIAGL kernel: [    0.007477]   DMA      [mem 0x0000000000001000-0x0000000000ffffff]
2023-02-03T09:32:07.655059-05:00 KALIFORNIAGL kernel: [    0.007478]   DMA32    [mem 0x0000000001000000-0x00000000ffffffff]
2023-02-03T09:32:07.655060-05:00 KALIFORNIAGL kernel: [    0.007480]   Normal   [mem 0x0000000100000000-0x000000041effffff]
2023-02-03T09:32:07.655062-05:00 KALIFORNIAGL kernel: [    0.007481]   Device   empty
2023-02-03T09:32:07.655062-05:00 KALIFORNIAGL kernel: [    0.007481] Movable zone start for each node
2023-02-03T09:32:07.655063-05:00 KALIFORNIAGL kernel: [    0.007483] Early memory node ranges
2023-02-03T09:32:07.655063-05:00 KALIFORNIAGL kernel: [    0.007484]   node   0: [mem 0x0000000000001000-0x000000000009cfff]
2023-02-03T09:32:07.655064-05:00 KALIFORNIAGL kernel: [    0.007484]   node   0: [mem 0x0000000000100000-0x00000000cb8e5fff]
2023-02-03T09:32:07.655061-05:00 KALIFORNIAGL mtp-probe: bus: 1, device: 3 was not an MTP device
2023-02-03T09:32:07.655065-05:00 KALIFORNIAGL kernel: [    0.007485]   node   0: [mem 0x00000000cb8ed000-0x00000000cbd34fff]
2023-02-03T09:32:07.655067-05:00 KALIFORNIAGL systemd[1]: Finished Flush Journal to Persistent Storage.
2023-02-03T09:32:07.655069-05:00 KALIFORNIAGL kernel: [    0.007486]   node   0: [mem 0x00000000cc346000-0x00000000dd866fff]
2023-02-03T09:32:07.655070-05:00 KALIFORNIAGL kernel: [    0.007486]   node   0: [mem 0x00000000dd8f9000-0x00000000dd959fff]
2023-02-03T09:32:07.655070-05:00 KALIFORNIAGL kernel: [    0.007487]   node   0: [mem 0x00000000defff000-0x00000000deffffff]
2023-02-03T09:32:07.655071-05:00 KALIFORNIAGL kernel: [    0.007488]   node   0: [mem 0x0000000100000000-0x000000041effffff]
2023-02-03T09:32:07.655071-05:00 KALIFORNIAGL kernel: [    0.007489] Initmem setup node 0 [mem 0x0000000000001000-0x000000041effffff]
2023-02-03T09:32:07.655070-05:00 KALIFORNIAGL mtp-probe: checking bus 1, device 5: "/sys/devices/pci0000:00/0000:00:14.0/usb1/1-6"
2023-02-03T09:32:07.655072-05:00 KALIFORNIAGL kernel: [    0.007493] On node 0, zone DMA: 1 pages in unavailable ranges
2023-02-03T09:32:07.655073-05:00 KALIFORNIAGL kernel: [    0.007518] On node 0, zone DMA: 99 pages in unavailable ranges
2023-02-03T09:32:07.655074-05:00 KALIFORNIAGL mtp-probe: checking bus 2, device 2: "/sys/devices/pci0000:00/0000:00:14.0/usb2/2-6"
2023-02-03T09:32:07.655075-05:00 KALIFORNIAGL kernel: [    0.013130] On node 0, zone DMA32: 7 pages in unavailable ranges
2023-02-03T09:32:07.655077-05:00 KALIFORNIAGL kernel: [    0.013669] On node 0, zone DMA32: 1553 pages in unavailable ranges
2023-02-03T09:32:07.655078-05:00 KALIFORNIAGL kernel: [    0.013672] On node 0, zone DMA32: 146 pages in unavailable ranges
2023-02-03T09:32:07.655078-05:00 KALIFORNIAGL kernel: [    0.013717] On node 0, zone DMA32: 5797 pages in unavailable ranges
2023-02-03T09:32:07.655079-05:00 KALIFORNIAGL kernel: [    0.013995] On node 0, zone Normal: 4096 pages in unavailable ranges
2023-02-03T09:32:07.655078-05:00 KALIFORNIAGL mtp-probe: bus: 1, device: 5 was not an MTP device
2023-02-03T09:32:07.655083-05:00 KALIFORNIAGL mtp-probe: bus: 2, device: 2 was not an MTP device
2023-02-03T09:32:07.655086-05:00 KALIFORNIAGL mtp-probe: checking bus 1, device 6: "/sys/devices/pci0000:00/0000:00:14.0/usb1/1-9"
2023-02-03T09:32:07.655101-05:00 KALIFORNIAGL mtp-probe: checking bus 1, device 7: "/sys/devices/pci0000:00/0000:00:14.0/usb1/1-13"
2023-02-03T09:32:07.655104-05:00 KALIFORNIAGL mtp-probe: checking bus 1, device 2: "/sys/devices/pci0000:00/0000:00:14.0/usb1/1-2"
2023-02-03T09:32:07.655107-05:00 KALIFORNIAGL mtp-probe: bus: 1, device: 7 was not an MTP device
2023-02-03T09:32:07.655110-05:00 KALIFORNIAGL mtp-probe: bus: 1, device: 6 was not an MTP device
2023-02-03T09:32:07.655113-05:00 KALIFORNIAGL mtp-probe: bus: 1, device: 2 was not an MTP device
2023-02-03T09:32:07.655117-05:00 KALIFORNIAGL systemd[1]: Starting Apply Kernel Variables...
2023-02-03T09:32:07.655122-05:00 KALIFORNIAGL systemd[1]: Finished Apply Kernel Variables.
2023-02-03T09:32:07.655125-05:00 KALIFORNIAGL systemd[1]: Started Show Plymouth Boot Screen.
2023-02-03T09:32:07.655129-05:00 KALIFORNIAGL systemd[1]: Dispatch Password Requests to Console Directory Watch was skipped because of an unmet condition check (ConditionPathExists=!/run/plymouth/pid).
2023-02-03T09:32:07.655132-05:00 KALIFORNIAGL systemd[1]: Started Forward Password Requests to Plymouth Directory Watch.
2023-02-03T09:32:07.655135-05:00 KALIFORNIAGL systemd[1]: Reached target Local Encrypted Volumes.
2023-02-03T09:32:07.655138-05:00 KALIFORNIAGL systemd[1]: Listening on Load/Save RF Kill Switch Status /dev/rfkill Watch.
2023-02-03T09:32:07.655143-05:00 KALIFORNIAGL systemd[1]: Found device KINGSTON_SA400S37480G 3.
2023-02-03T09:32:07.655147-05:00 KALIFORNIAGL systemd[1]: Activating swap /dev/disk/by-uuid/422714ea-fe6a-4a8a-b38a-fb143c14737d...
2023-02-03T09:32:07.655150-05:00 KALIFORNIAGL systemd[1]: Activated swap /dev/disk/by-uuid/422714ea-fe6a-4a8a-b38a-fb143c14737d.
2023-02-03T09:32:07.655153-05:00 KALIFORNIAGL kernel: [    0.014024] On node 0, zone Normal: 4096 pages in unavailable ranges
2023-02-03T09:32:07.655153-05:00 KALIFORNIAGL systemd[1]: Reached target Swaps.
2023-02-03T09:32:07.655156-05:00 KALIFORNIAGL kernel: [    0.014103] ACPI: PM-Timer IO Port: 0x1808
2023-02-03T09:32:07.655157-05:00 KALIFORNIAGL kernel: [    0.014108] ACPI: LAPIC_NMI (acpi_id[0xff] high edge lint[0x1])
2023-02-03T09:32:07.655158-05:00 KALIFORNIAGL kernel: [    0.014118] IOAPIC[0]: apic_id 8, version 32, address 0xfec00000, GSI 0-23
2023-02-03T09:32:07.655158-05:00 KALIFORNIAGL kernel: [    0.014119] ACPI: INT_SRC_OVR (bus 0 bus_irq 0 global_irq 2 dfl dfl)
2023-02-03T09:32:07.655157-05:00 KALIFORNIAGL systemd[1]: Dispatch Password Requests to Console Directory Watch was skipped because of an unmet condition check (ConditionPathExists=!/run/plymouth/pid).
2023-02-03T09:32:07.655159-05:00 KALIFORNIAGL kernel: [    0.014121] ACPI: INT_SRC_OVR (bus 0 bus_irq 9 global_irq 9 high level)
2023-02-03T09:32:07.655159-05:00 KALIFORNIAGL kernel: [    0.014124] ACPI: Using ACPI (MADT) for SMP configuration information
2023-02-03T09:32:07.655170-05:00 KALIFORNIAGL kernel: [    0.014125] ACPI: HPET id: 0x8086a701 base: 0xfed00000
2023-02-03T09:32:07.655171-05:00 KALIFORNIAGL kernel: [    0.014127] TSC deadline timer available
2023-02-03T09:32:07.655172-05:00 KALIFORNIAGL kernel: [    0.014128] smpboot: Allowing 8 CPUs, 0 hotplug CPUs
2023-02-03T09:32:07.655172-05:00 KALIFORNIAGL kernel: [    0.014141] PM: hibernation: Registered nosave memory: [mem 0x00000000-0x00000fff]
2023-02-03T09:32:07.655173-05:00 KALIFORNIAGL kernel: [    0.014142] PM: hibernation: Registered nosave memory: [mem 0x0009d000-0x0009dfff]
2023-02-03T09:32:07.655173-05:00 KALIFORNIAGL kernel: [    0.014143] PM: hibernation: Registered nosave memory: [mem 0x0009e000-0x0009ffff]
2023-02-03T09:32:07.655174-05:00 KALIFORNIAGL kernel: [    0.014143] PM: hibernation: Registered nosave memory: [mem 0x000a0000-0x000dffff]
2023-02-03T09:32:07.655160-05:00 KALIFORNIAGL systemd[1]: Starting Load Kernel Module efi_pstore...
2023-02-03T09:32:07.655176-05:00 KALIFORNIAGL kernel: [    0.014144] PM: hibernation: Registered nosave memory: [mem 0x000e0000-0x000fffff]
2023-02-03T09:32:07.655176-05:00 KALIFORNIAGL systemd[1]: First Boot Wizard was skipped because of an unmet condition check (ConditionFirstBoot=yes).
2023-02-03T09:32:07.655176-05:00 KALIFORNIAGL kernel: [    0.014145] PM: hibernation: Registered nosave memory: [mem 0xcb8e6000-0xcb8ecfff]
2023-02-03T09:32:07.655178-05:00 KALIFORNIAGL kernel: [    0.014146] PM: hibernation: Registered nosave memory: [mem 0xcbd35000-0xcc345fff]
2023-02-03T09:32:07.655179-05:00 KALIFORNIAGL kernel: [    0.014147] PM: hibernation: Registered nosave memory: [mem 0xdd867000-0xdd8f8fff]
2023-02-03T09:32:07.655179-05:00 KALIFORNIAGL systemd[1]: First Boot Complete was skipped because of an unmet condition check (ConditionFirstBoot=yes).
2023-02-03T09:32:07.655180-05:00 KALIFORNIAGL kernel: [    0.014148] PM: hibernation: Registered nosave memory: [mem 0xdd95a000-0xdda98fff]
2023-02-03T09:32:07.655181-05:00 KALIFORNIAGL kernel: [    0.014149] PM: hibernation: Registered nosave memory: [mem 0xdda99000-0xdeffefff]
2023-02-03T09:32:07.655182-05:00 KALIFORNIAGL systemd[1]: File System Check on Root Device was skipped because of an unmet condition check (ConditionPathExists=!/run/initramfs/fsck-root).
2023-02-03T09:32:07.655183-05:00 KALIFORNIAGL kernel: [    0.014150] PM: hibernation: Registered nosave memory: [mem 0xdf000000-0xf7ffffff]
2023-02-03T09:32:07.655184-05:00 KALIFORNIAGL kernel: [    0.014150] PM: hibernation: Registered nosave memory: [mem 0xf8000000-0xfbffffff]
2023-02-03T09:32:07.655184-05:00 KALIFORNIAGL kernel: [    0.014151] PM: hibernation: Registered nosave memory: [mem 0xfc000000-0xfebfffff]
2023-02-03T09:32:07.655185-05:00 KALIFORNIAGL kernel: [    0.014151] PM: hibernation: Registered nosave memory: [mem 0xfec00000-0xfec00fff]
2023-02-03T09:32:07.655186-05:00 KALIFORNIAGL kernel: [    0.014152] PM: hibernation: Registered nosave memory: [mem 0xfec01000-0xfecfffff]
2023-02-03T09:32:07.655186-05:00 KALIFORNIAGL kernel: [    0.014152] PM: hibernation: Registered nosave memory: [mem 0xfed00000-0xfed03fff]
2023-02-03T09:32:07.655184-05:00 KALIFORNIAGL systemd[1]: Repartition Root Disk was skipped because no trigger condition checks were met.
2023-02-03T09:32:07.655187-05:00 KALIFORNIAGL kernel: [    0.014153] PM: hibernation: Registered nosave memory: [mem 0xfed04000-0xfed1bfff]
2023-02-03T09:32:07.655188-05:00 KALIFORNIAGL kernel: [    0.014153] PM: hibernation: Registered nosave memory: [mem 0xfed1c000-0xfed1ffff]
2023-02-03T09:32:07.655189-05:00 KALIFORNIAGL kernel: [    0.014154] PM: hibernation: Registered nosave memory: [mem 0xfed20000-0xfedfffff]
2023-02-03T09:32:07.655189-05:00 KALIFORNIAGL kernel: [    0.014154] PM: hibernation: Registered nosave memory: [mem 0xfee00000-0xfee00fff]
2023-02-03T09:32:07.655188-05:00 KALIFORNIAGL systemd[1]: modprobe@efi_pstore.service: Deactivated successfully.
2023-02-03T09:32:07.655189-05:00 KALIFORNIAGL kernel: [    0.014155] PM: hibernation: Registered nosave memory: [mem 0xfee01000-0xfeffffff]
2023-02-03T09:32:07.655191-05:00 KALIFORNIAGL kernel: [    0.014155] PM: hibernation: Registered nosave memory: [mem 0xff000000-0xffffffff]
2023-02-03T09:32:07.655191-05:00 KALIFORNIAGL kernel: [    0.014157] [mem 0xdf000000-0xf7ffffff] available for PCI devices
2023-02-03T09:32:07.655192-05:00 KALIFORNIAGL kernel: [    0.014157] Booting paravirtualized kernel on bare hardware
2023-02-03T09:32:07.655193-05:00 KALIFORNIAGL kernel: [    0.014159] clocksource: refined-jiffies: mask: 0xffffffff max_cycles: 0xffffffff, max_idle_ns: 7645519600211568 ns
2023-02-03T09:32:07.655193-05:00 KALIFORNIAGL kernel: [    0.016980] setup_percpu: NR_CPUS:8192 nr_cpumask_bits:8 nr_cpu_ids:8 nr_node_ids:1
2023-02-03T09:32:07.655191-05:00 KALIFORNIAGL systemd[1]: Finished Load Kernel Module efi_pstore.
2023-02-03T09:32:07.655194-05:00 KALIFORNIAGL kernel: [    0.017144] percpu: Embedded 61 pages/cpu s212992 r8192 d28672 u262144
2023-02-03T09:32:07.655194-05:00 KALIFORNIAGL kernel: [    0.017149] pcpu-alloc: s212992 r8192 d28672 u262144 alloc=1*2097152
2023-02-03T09:32:07.655195-05:00 KALIFORNIAGL kernel: [    0.017151] pcpu-alloc: [0] 0 1 2 3 4 5 6 7 
2023-02-03T09:32:07.655196-05:00 KALIFORNIAGL systemd[1]: Platform Persistent Storage Archival was skipped because of an unmet condition check (ConditionDirectoryNotEmpty=/sys/fs/pstore).
2023-02-03T09:32:07.655196-05:00 KALIFORNIAGL kernel: [    0.017171] Fallback order for Node 0: 0 
2023-02-03T09:32:07.655197-05:00 KALIFORNIAGL kernel: [    0.017173] Built 1 zonelists, mobility grouping on.  Total pages: 4113062
2023-02-03T09:32:07.655198-05:00 KALIFORNIAGL kernel: [    0.017174] Policy zone: Normal
2023-02-03T09:32:07.655198-05:00 KALIFORNIAGL kernel: [    0.017175] Kernel command line: BOOT_IMAGE=/boot/vmlinuz-6.0.0-kali6-amd64 root=UUID=c7c3c9f5-90dc-438b-b95b-9c1f2a01b803 ro quiet splash
2023-02-03T09:32:07.655198-05:00 KALIFORNIAGL kernel: [    0.017216] Unknown kernel command line parameters "splash BOOT_IMAGE=/boot/vmlinuz-6.0.0-kali6-amd64", will be passed to user space.
2023-02-03T09:32:07.655199-05:00 KALIFORNIAGL kernel: [    0.017851] Dentry cache hash table entries: 2097152 (order: 12, 16777216 bytes, linear)
2023-02-03T09:32:07.655198-05:00 KALIFORNIAGL systemd[1]: Dispatch Password Requests to Console Directory Watch was skipped because of an unmet condition check (ConditionPathExists=!/run/plymouth/pid).
2023-02-03T09:32:07.655200-05:00 KALIFORNIAGL kernel: [    0.018185] Inode-cache hash table entries: 1048576 (order: 11, 8388608 bytes, linear)
2023-02-03T09:32:07.655201-05:00 KALIFORNIAGL kernel: [    0.018243] mem auto-init: stack:all(zero), heap alloc:on, heap free:off
2023-02-03T09:32:07.655200-05:00 KALIFORNIAGL systemd[1]: Starting Load Kernel Module efi_pstore...
2023-02-03T09:32:07.655201-05:00 KALIFORNIAGL kernel: [    0.018249] software IO TLB: area num 8.
2023-02-03T09:32:07.655203-05:00 KALIFORNIAGL kernel: [    0.040156] Memory: 3610076K/16714036K available (12294K kernel code, 2265K rwdata, 15972K rodata, 2716K init, 5420K bss, 478752K reserved, 0K cma-reserved)
2023-02-03T09:32:07.655203-05:00 KALIFORNIAGL kernel: [    0.040618] SLUB: HWalign=64, Order=0-3, MinObjects=0, CPUs=8, Nodes=1
2023-02-03T09:32:07.655203-05:00 KALIFORNIAGL kernel: [    0.040637] Kernel/User page tables isolation: enabled
2023-02-03T09:32:07.655203-05:00 KALIFORNIAGL systemd[1]: First Boot Wizard was skipped because of an unmet condition check (ConditionFirstBoot=yes).
2023-02-03T09:32:07.655205-05:00 KALIFORNIAGL kernel: [    0.040649] ftrace: allocating 39271 entries in 154 pages
2023-02-03T09:32:07.655205-05:00 KALIFORNIAGL kernel: [    0.045588] ftrace: allocated 154 pages with 4 groups
2023-02-03T09:32:07.655206-05:00 KALIFORNIAGL kernel: [    0.046028] Dynamic Preempt: voluntary
2023-02-03T09:32:07.655206-05:00 KALIFORNIAGL kernel: [    0.046071] rcu: Preemptible hierarchical RCU implementation.
2023-02-03T09:32:07.655206-05:00 KALIFORNIAGL kernel: [    0.046072] rcu: 	RCU restricting CPUs from NR_CPUS=8192 to nr_cpu_ids=8.
2023-02-03T09:32:07.655207-05:00 KALIFORNIAGL kernel: [    0.046073] 	Trampoline variant of Tasks RCU enabled.
2023-02-03T09:32:07.655207-05:00 KALIFORNIAGL kernel: [    0.046073] 	Rude variant of Tasks RCU enabled.
2023-02-03T09:32:07.655206-05:00 KALIFORNIAGL systemd[1]: First Boot Complete was skipped because of an unmet condition check (ConditionFirstBoot=yes).
2023-02-03T09:32:07.655208-05:00 KALIFORNIAGL kernel: [    0.046073] 	Tracing variant of Tasks RCU enabled.
2023-02-03T09:32:07.655209-05:00 KALIFORNIAGL kernel: [    0.046074] rcu: RCU calculated value of scheduler-enlistment delay is 25 jiffies.
2023-02-03T09:32:07.655209-05:00 KALIFORNIAGL kernel: [    0.046074] rcu: Adjusting geometry for rcu_fanout_leaf=16, nr_cpu_ids=8
2023-02-03T09:32:07.655209-05:00 KALIFORNIAGL kernel: [    0.049235] NR_IRQS: 524544, nr_irqs: 488, preallocated irqs: 16
2023-02-03T09:32:07.655210-05:00 KALIFORNIAGL kernel: [    0.049403] rcu: srcu_init: Setting srcu_struct sizes based on contention.
2023-02-03T09:32:07.655210-05:00 KALIFORNIAGL kernel: [    0.049441] random: crng init done
2023-02-03T09:32:07.655209-05:00 KALIFORNIAGL systemd[1]: File System Check on Root Device was skipped because of an unmet condition check (ConditionPathExists=!/run/initramfs/fsck-root).
2023-02-03T09:32:07.655212-05:00 KALIFORNIAGL kernel: [    0.053430] Console: colour VGA+ 80x25
2023-02-03T09:32:07.655212-05:00 KALIFORNIAGL kernel: [    0.053442] printk: console [tty0] enabled
2023-02-03T09:32:07.655212-05:00 KALIFORNIAGL kernel: [    0.053453] ACPI: Core revision 20220331
2023-02-03T09:32:07.655213-05:00 KALIFORNIAGL kernel: [    0.053543] clocksource: hpet: mask: 0xffffffff max_cycles: 0xffffffff, max_idle_ns: 133484882848 ns
2023-02-03T09:32:07.655214-05:00 KALIFORNIAGL kernel: [    0.053554] APIC: Switch to symmetric I/O mode setup
2023-02-03T09:32:07.655214-05:00 KALIFORNIAGL kernel: [    0.053555] DMAR: Host address width 39
2023-02-03T09:32:07.655212-05:00 KALIFORNIAGL systemd[1]: Repartition Root Disk was skipped because no trigger condition checks were met.
2023-02-03T09:32:07.655216-05:00 KALIFORNIAGL kernel: [    0.053556] DMAR: DRHD base: 0x000000fed90000 flags: 0x1
2023-02-03T09:32:07.655216-05:00 KALIFORNIAGL kernel: [    0.053560] DMAR: dmar0: reg_base_addr fed90000 ver 1:0 cap d2008c20660462 ecap f010da
2023-02-03T09:32:07.655217-05:00 KALIFORNIAGL kernel: [    0.053561] DMAR: RMRR base: 0x000000deea8000 end: 0x000000deeb7fff
2023-02-03T09:32:07.655217-05:00 KALIFORNIAGL kernel: [    0.053563] DMAR-IR: IOAPIC id 8 under DRHD base  0xfed90000 IOMMU 0
2023-02-03T09:32:07.655216-05:00 KALIFORNIAGL systemd[1]: modprobe@efi_pstore.service: Deactivated successfully.
2023-02-03T09:32:07.655217-05:00 KALIFORNIAGL kernel: [    0.053564] DMAR-IR: HPET id 0 under DRHD base 0xfed90000
2023-02-03T09:32:07.655218-05:00 KALIFORNIAGL kernel: [    0.053565] DMAR-IR: x2apic is disabled because BIOS sets x2apic opt out bit.
2023-02-03T09:32:07.655218-05:00 KALIFORNIAGL kernel: [    0.053566] DMAR-IR: Use 'intremap=no_x2apic_optout' to override the BIOS setting.
2023-02-03T09:32:07.655218-05:00 KALIFORNIAGL systemd[1]: Finished Load Kernel Module efi_pstore.
2023-02-03T09:32:07.655219-05:00 KALIFORNIAGL kernel: [    0.053808] DMAR-IR: Enabled IRQ remapping in xapic mode
2023-02-03T09:32:07.655221-05:00 KALIFORNIAGL kernel: [    0.053809] x2apic: IRQ remapping doesn't support X2APIC mode
2023-02-03T09:32:07.655221-05:00 KALIFORNIAGL kernel: [    0.054192] ..TIMER: vector=0x30 apic1=0 pin1=2 apic2=-1 pin2=-1
2023-02-03T09:32:07.655222-05:00 KALIFORNIAGL kernel: [    0.073554] clocksource: tsc-early: mask: 0xffffffffffffffff max_cycles: 0x39a8a26902b, max_idle_ns: 440795408509 ns
2023-02-03T09:32:07.655222-05:00 KALIFORNIAGL kernel: [    0.073557] Calibrating delay loop (skipped), value calculated using timer frequency.. 8000.14 BogoMIPS (lpj=16000292)
2023-02-03T09:32:07.655223-05:00 KALIFORNIAGL kernel: [    0.073559] pid_max: default: 32768 minimum: 301
2023-02-03T09:32:07.655221-05:00 KALIFORNIAGL systemd[1]: Platform Persistent Storage Archival was skipped because of an unmet condition check (ConditionDirectoryNotEmpty=/sys/fs/pstore).
2023-02-03T09:32:07.655225-05:00 KALIFORNIAGL kernel: [    0.073579] LSM: Security Framework initializing
2023-02-03T09:32:07.655226-05:00 KALIFORNIAGL kernel: [    0.073588] landlock: Up and running.
2023-02-03T09:32:07.655226-05:00 KALIFORNIAGL kernel: [    0.073589] Yama: disabled by default; enable with sysctl kernel.yama.*
2023-02-03T09:32:07.655226-05:00 KALIFORNIAGL kernel: [    0.073604] AppArmor: AppArmor initialized
2023-02-03T09:32:07.655225-05:00 KALIFORNIAGL systemd[1]: Starting Load/Save RF Kill Switch Status...
2023-02-03T09:32:07.655227-05:00 KALIFORNIAGL kernel: [    0.073606] TOMOYO Linux initialized
2023-02-03T09:32:07.655227-05:00 KALIFORNIAGL kernel: [    0.073610] LSM support for eBPF active
2023-02-03T09:32:07.655229-05:00 KALIFORNIAGL kernel: [    0.073647] Mount-cache hash table entries: 32768 (order: 6, 262144 bytes, linear)
2023-02-03T09:32:07.655229-05:00 KALIFORNIAGL kernel: [    0.073673] Mountpoint-cache hash table entries: 32768 (order: 6, 262144 bytes, linear)
2023-02-03T09:32:07.655229-05:00 KALIFORNIAGL kernel: [    0.073831] CPU0: Thermal monitoring enabled (TM1)
2023-02-03T09:32:07.655228-05:00 KALIFORNIAGL systemd[1]: Started Load/Save RF Kill Switch Status.
2023-02-03T09:32:07.655230-05:00 KALIFORNIAGL kernel: [    0.073852] process: using mwait in idle threads
2023-02-03T09:32:07.655231-05:00 KALIFORNIAGL kernel: [    0.073854] Last level iTLB entries: 4KB 1024, 2MB 1024, 4MB 1024
2023-02-03T09:32:07.655231-05:00 KALIFORNIAGL kernel: [    0.073855] Last level dTLB entries: 4KB 1024, 2MB 1024, 4MB 1024, 1GB 4
2023-02-03T09:32:07.655232-05:00 KALIFORNIAGL systemd[1]: Mounting Mount unit for core, revision 10577...
2023-02-03T09:32:07.655233-05:00 KALIFORNIAGL kernel: [    0.073857] Spectre V1 : Mitigation: usercopy/swapgs barriers and __user pointer sanitization
2023-02-03T09:32:07.655233-05:00 KALIFORNIAGL kernel: [    0.073859] Spectre V2 : Mitigation: Retpolines
2023-02-03T09:32:07.655234-05:00 KALIFORNIAGL kernel: [    0.073859] Spectre V2 : Spectre v2 / SpectreRSB mitigation: Filling RSB on context switch
2023-02-03T09:32:07.655234-05:00 KALIFORNIAGL kernel: [    0.073860] Spectre V2 : Spectre v2 / SpectreRSB : Filling RSB on VMEXIT
2023-02-03T09:32:07.655234-05:00 KALIFORNIAGL kernel: [    0.073860] Spectre V2 : Enabling Restricted Speculation for firmware calls
2023-02-03T09:32:07.655235-05:00 KALIFORNIAGL kernel: [    0.073861] Spectre V2 : mitigation: Enabling conditional Indirect Branch Prediction Barrier
2023-02-03T09:32:07.655236-05:00 KALIFORNIAGL kernel: [    0.073862] Spectre V2 : User space: Mitigation: STIBP via prctl
2023-02-03T09:32:07.655234-05:00 KALIFORNIAGL systemd[1]: Mounting Mount unit for core18, revision 1944...
2023-02-03T09:32:07.655237-05:00 KALIFORNIAGL systemd[1]: Virtual Machine and Container Storage (Compatibility) was skipped because of an unmet condition check (ConditionPathExists=/var/lib/machines.raw).
2023-02-03T09:32:07.655240-05:00 KALIFORNIAGL kernel: [    0.073863] Speculative Store Bypass: Mitigation: Speculative Store Bypass disabled via prctl
2023-02-03T09:32:07.655240-05:00 KALIFORNIAGL kernel: [    0.073865] MDS: Mitigation: Clear CPU buffers
2023-02-03T09:32:07.655240-05:00 KALIFORNIAGL systemd[1]: Reached target Containers.
2023-02-03T09:32:07.655240-05:00 KALIFORNIAGL kernel: [    0.073865] MMIO Stale Data: Unknown: No mitigations
2023-02-03T09:32:07.655242-05:00 KALIFORNIAGL systemd[1]: Mounted Mount unit for core, revision 10577.
2023-02-03T09:32:07.655246-05:00 KALIFORNIAGL systemd[1]: Mounted Mount unit for core18, revision 1944.
2023-02-03T09:32:07.655248-05:00 KALIFORNIAGL systemd[1]: Reached target Local File Systems.
2023-02-03T09:32:07.655250-05:00 KALIFORNIAGL systemd[1]: Starting Set console font and keymap...
2023-02-03T09:32:07.655252-05:00 KALIFORNIAGL systemd[1]: Starting Tell Plymouth To Write Out Runtime Data...
2023-02-03T09:32:07.655254-05:00 KALIFORNIAGL systemd[1]: Starting Set Up Additional Binary Formats...
2023-02-03T09:32:07.655256-05:00 KALIFORNIAGL systemd[1]: Commit a transient machine-id on disk was skipped because of an unmet condition check (ConditionPathIsMountPoint=/etc/machine-id).
2023-02-03T09:32:07.655260-05:00 KALIFORNIAGL systemd[1]: Starting Create Volatile Files and Directories...
2023-02-03T09:32:07.655262-05:00 KALIFORNIAGL systemd[1]: Finished Set console font and keymap.
2023-02-03T09:32:07.655264-05:00 KALIFORNIAGL systemd[1]: proc-sys-fs-binfmt_misc.automount: Got automount request for /proc/sys/fs/binfmt_misc, triggered by 1252 (systemd-binfmt)
2023-02-03T09:32:07.655267-05:00 KALIFORNIAGL systemd[1]: Mounting Arbitrary Executable File Formats File System...
2023-02-03T09:32:07.655269-05:00 KALIFORNIAGL systemd[1]: Received SIGRTMIN+20 from PID 355 (plymouthd).
2023-02-03T09:32:07.655271-05:00 KALIFORNIAGL systemd[1]: Finished Tell Plymouth To Write Out Runtime Data.
2023-02-03T09:32:07.655274-05:00 KALIFORNIAGL systemd[1]: Finished Create Volatile Files and Directories.
2023-02-03T09:32:07.655275-05:00 KALIFORNIAGL kernel: [    0.073866] SRBDS: Mitigation: Microcode
2023-02-03T09:32:07.655276-05:00 KALIFORNIAGL kernel: [    0.082452] Freeing SMP alternatives memory: 32K
2023-02-03T09:32:07.655276-05:00 KALIFORNIAGL kernel: [    0.085598] smpboot: CPU0: Intel(R) Core(TM) i7-4790K CPU @ 4.00GHz (family: 0x6, model: 0x3c, stepping: 0x3)
2023-02-03T09:32:07.655276-05:00 KALIFORNIAGL systemd[1]: Mounted Arbitrary Executable File Formats File System.
2023-02-03T09:32:07.655278-05:00 KALIFORNIAGL kernel: [    0.085675] cblist_init_generic: Setting adjustable number of callback queues.
2023-02-03T09:32:07.655279-05:00 KALIFORNIAGL kernel: [    0.085677] cblist_init_generic: Setting shift to 3 and lim to 1.
2023-02-03T09:32:07.655279-05:00 KALIFORNIAGL kernel: [    0.085687] cblist_init_generic: Setting shift to 3 and lim to 1.
2023-02-03T09:32:07.655280-05:00 KALIFORNIAGL kernel: [    0.085696] cblist_init_generic: Setting shift to 3 and lim to 1.
2023-02-03T09:32:07.655279-05:00 KALIFORNIAGL systemd[1]: Dispatch Password Requests to Console Directory Watch was skipped because of an unmet condition check (ConditionPathExists=!/run/plymouth/pid).
2023-02-03T09:32:07.655280-05:00 KALIFORNIAGL kernel: [    0.085703] Performance Events: PEBS fmt2+, Haswell events, 16-deep LBR, full-width counters, Intel PMU driver.
2023-02-03T09:32:07.655282-05:00 KALIFORNIAGL kernel: [    0.085729] ... version:                3
2023-02-03T09:32:07.655282-05:00 KALIFORNIAGL systemd[1]: Mounting RPC Pipe File System...
2023-02-03T09:32:07.655284-05:00 KALIFORNIAGL kernel: [    0.085729] ... bit width:              48
2023-02-03T09:32:07.655284-05:00 KALIFORNIAGL kernel: [    0.085730] ... generic registers:      4
2023-02-03T09:32:07.655285-05:00 KALIFORNIAGL kernel: [    0.085730] ... value mask:             0000ffffffffffff
2023-02-03T09:32:07.655285-05:00 KALIFORNIAGL kernel: [    0.085731] ... max period:             00007fffffffffff
2023-02-03T09:32:07.655285-05:00 KALIFORNIAGL kernel: [    0.085732] ... fixed-purpose events:   3
2023-02-03T09:32:07.655285-05:00 KALIFORNIAGL systemd[1]: Started Entropy Daemon based on the HAVEGE algorithm.
2023-02-03T09:32:07.655286-05:00 KALIFORNIAGL kernel: [    0.085732] ... event mask:             000000070000000f
2023-02-03T09:32:07.655286-05:00 KALIFORNIAGL kernel: [    0.085809] Estimated ratio of average max frequency by base frequency (times 1024): 1075
2023-02-03T09:32:07.655288-05:00 KALIFORNIAGL kernel: [    0.085822] rcu: Hierarchical SRCU implementation.
2023-02-03T09:32:07.655289-05:00 KALIFORNIAGL kernel: [    0.085822] rcu: 	Max phase no-delay instances is 1000.
2023-02-03T09:32:07.655289-05:00 KALIFORNIAGL kernel: [    0.086361] NMI watchdog: Enabled. Permanently consumes one hw-PMU counter.
2023-02-03T09:32:07.655289-05:00 KALIFORNIAGL kernel: [    0.086415] smp: Bringing up secondary CPUs ...
2023-02-03T09:32:07.655290-05:00 KALIFORNIAGL kernel: [    0.086468] x86: Booting SMP configuration:
2023-02-03T09:32:07.655290-05:00 KALIFORNIAGL kernel: [    0.086469] .... node  #0, CPUs:      #1 #2 #3 #4
2023-02-03T09:32:07.655287-05:00 KALIFORNIAGL systemd[1]: Starting Load Kernel Module efi_pstore...
2023-02-03T09:32:07.655292-05:00 KALIFORNIAGL kernel: [    0.090901] MDS CPU bug present and SMT on, data leak possible. See https://www.kernel.org/doc/html/latest/admin-guide/hw-vuln/mds.html for more details.
2023-02-03T09:32:07.655292-05:00 KALIFORNIAGL systemd[1]: First Boot Wizard was skipped because of an unmet condition check (ConditionFirstBoot=yes).
2023-02-03T09:32:07.655293-05:00 KALIFORNIAGL kernel: [    0.090901]  #5 #6 #7
2023-02-03T09:32:07.655293-05:00 KALIFORNIAGL kernel: [    0.090901] smp: Brought up 1 node, 8 CPUs
2023-02-03T09:32:07.655294-05:00 KALIFORNIAGL kernel: [    0.090901] smpboot: Max logical packages: 1
2023-02-03T09:32:07.655294-05:00 KALIFORNIAGL kernel: [    0.090901] smpboot: Total of 8 processors activated (64001.16 BogoMIPS)
2023-02-03T09:32:07.655294-05:00 KALIFORNIAGL kernel: [    0.114954] node 0 deferred pages initialised in 20ms
2023-02-03T09:32:07.655294-05:00 KALIFORNIAGL systemd[1]: First Boot Complete was skipped because of an unmet condition check (ConditionFirstBoot=yes).
2023-02-03T09:32:07.655296-05:00 KALIFORNIAGL kernel: [    0.114956] devtmpfs: initialized
2023-02-03T09:32:07.655297-05:00 KALIFORNIAGL kernel: [    0.114956] x86/mm: Memory block size: 128MB
2023-02-03T09:32:07.655298-05:00 KALIFORNIAGL kernel: [    0.114956] ACPI: PM: Registering ACPI NVS region [mem 0xcb8e6000-0xcb8ecfff] (28672 bytes)
2023-02-03T09:32:07.655296-05:00 KALIFORNIAGL systemd[1]: Commit a transient machine-id on disk was skipped because of an unmet condition check (ConditionPathIsMountPoint=/etc/machine-id).
2023-02-03T09:32:07.655298-05:00 KALIFORNIAGL kernel: [    0.114956] ACPI: PM: Registering ACPI NVS region [mem 0xdd95a000-0xdda98fff] (1306624 bytes)
2023-02-03T09:32:07.655299-05:00 KALIFORNIAGL kernel: [    0.114956] clocksource: jiffies: mask: 0xffffffff max_cycles: 0xffffffff, max_idle_ns: 7645041785100000 ns
2023-02-03T09:32:07.655300-05:00 KALIFORNIAGL kernel: [    0.114956] futex hash table entries: 2048 (order: 5, 131072 bytes, linear)
2023-02-03T09:32:07.655300-05:00 KALIFORNIAGL systemd[1]: Repartition Root Disk was skipped because no trigger condition checks were met.
2023-02-03T09:32:07.655302-05:00 KALIFORNIAGL kernel: [    0.114956] pinctrl core: initialized pinctrl subsystem
2023-02-03T09:32:07.655302-05:00 KALIFORNIAGL kernel: [    0.114956] NET: Registered PF_NETLINK/PF_ROUTE protocol family
2023-02-03T09:32:07.655303-05:00 KALIFORNIAGL kernel: [    0.114956] DMA: preallocated 2048 KiB GFP_KERNEL pool for atomic allocations
2023-02-03T09:32:07.655303-05:00 KALIFORNIAGL kernel: [    0.114956] DMA: preallocated 2048 KiB GFP_KERNEL|GFP_DMA pool for atomic allocations
2023-02-03T09:32:07.655302-05:00 KALIFORNIAGL systemd[1]: Starting Record System Boot/Shutdown in UTMP...
2023-02-03T09:32:07.655303-05:00 KALIFORNIAGL kernel: [    0.114956] DMA: preallocated 2048 KiB GFP_KERNEL|GFP_DMA32 pool for atomic allocations
2023-02-03T09:32:07.655304-05:00 KALIFORNIAGL kernel: [    0.114956] audit: initializing netlink subsys (disabled)
2023-02-03T09:32:07.655304-05:00 KALIFORNIAGL kernel: [    0.114956] audit: type=2000 audit(1675416721.060:1): state=initialized audit_enabled=0 res=1
2023-02-03T09:32:07.655306-05:00 KALIFORNIAGL kernel: [    0.114956] thermal_sys: Registered thermal governor 'fair_share'
2023-02-03T09:32:07.655305-05:00 KALIFORNIAGL systemd[1]: Finished Set Up Additional Binary Formats.
2023-02-03T09:32:07.655307-05:00 KALIFORNIAGL kernel: [    0.114956] thermal_sys: Registered thermal governor 'bang_bang'
2023-02-03T09:32:07.655308-05:00 KALIFORNIAGL kernel: [    0.114956] thermal_sys: Registered thermal governor 'step_wise'
2023-02-03T09:32:07.655308-05:00 KALIFORNIAGL kernel: [    0.114956] thermal_sys: Registered thermal governor 'user_space'
2023-02-03T09:32:07.655308-05:00 KALIFORNIAGL kernel: [    0.114956] thermal_sys: Registered thermal governor 'power_allocator'
2023-02-03T09:32:07.655309-05:00 KALIFORNIAGL kernel: [    0.114956] cpuidle: using governor ladder
2023-02-03T09:32:07.655308-05:00 KALIFORNIAGL systemd[1]: Starting Enable support for additional executable binary formats...
2023-02-03T09:32:07.655311-05:00 KALIFORNIAGL kernel: [    0.114956] cpuidle: using governor menu
2023-02-03T09:32:07.655310-05:00 KALIFORNIAGL systemd[1]: modprobe@efi_pstore.service: Deactivated successfully.
2023-02-03T09:32:07.655311-05:00 KALIFORNIAGL kernel: [    0.114956] ACPI FADT declares the system doesn't support PCIe ASPM, so disable it
2023-02-03T09:32:07.655313-05:00 KALIFORNIAGL kernel: [    0.114956] acpiphp: ACPI Hot Plug PCI Controller Driver version: 0.5
2023-02-03T09:32:07.655313-05:00 KALIFORNIAGL kernel: [    0.114956] PCI: MMCONFIG for domain 0000 [bus 00-3f] at [mem 0xf8000000-0xfbffffff] (base 0xf8000000)
2023-02-03T09:32:07.655313-05:00 KALIFORNIAGL kernel: [    0.114956] PCI: MMCONFIG at [mem 0xf8000000-0xfbffffff] reserved in E820
2023-02-03T09:32:07.655314-05:00 KALIFORNIAGL kernel: [    0.114956] pmd_set_huge: Cannot satisfy [mem 0xf8000000-0xf8200000] with a huge-page mapping due to MTRR override.
2023-02-03T09:32:07.655313-05:00 KALIFORNIAGL systemd[1]: Finished Load Kernel Module efi_pstore.
2023-02-03T09:32:07.655316-05:00 KALIFORNIAGL kernel: [    0.114956] PCI: Using configuration type 1 for base access
2023-02-03T09:32:07.655316-05:00 KALIFORNIAGL kernel: [    0.114956] core: PMU erratum BJ122, BV98, HSD29 worked around, HT is on
2023-02-03T09:32:07.655317-05:00 KALIFORNIAGL kernel: [    0.117997] kprobes: kprobe jump-optimization is enabled. All kprobes are optimized if possible.
2023-02-03T09:32:07.655316-05:00 KALIFORNIAGL systemd[1]: Platform Persistent Storage Archival was skipped because of an unmet condition check (ConditionDirectoryNotEmpty=/sys/fs/pstore).
2023-02-03T09:32:07.655318-05:00 KALIFORNIAGL kernel: [    0.118002] HugeTLB: registered 1.00 GiB page size, pre-allocated 0 pages
2023-02-03T09:32:07.655319-05:00 KALIFORNIAGL kernel: [    0.118002] HugeTLB: 16380 KiB vmemmap can be freed for a 1.00 GiB page
2023-02-03T09:32:07.655319-05:00 KALIFORNIAGL kernel: [    0.118002] HugeTLB: registered 2.00 MiB page size, pre-allocated 0 pages
2023-02-03T09:32:07.655320-05:00 KALIFORNIAGL systemd[1]: Finished Record System Boot/Shutdown in UTMP.
2023-02-03T09:32:07.655321-05:00 KALIFORNIAGL kernel: [    0.118002] HugeTLB: 28 KiB vmemmap can be freed for a 2.00 MiB page
2023-02-03T09:32:07.655322-05:00 KALIFORNIAGL kernel: [    0.118002] ACPI: Added _OSI(Module Device)
2023-02-03T09:32:07.655322-05:00 KALIFORNIAGL kernel: [    0.118002] ACPI: Added _OSI(Processor Device)
2023-02-03T09:32:07.655323-05:00 KALIFORNIAGL kernel: [    0.118002] ACPI: Added _OSI(3.0 _SCP Extensions)
2023-02-03T09:32:07.655323-05:00 KALIFORNIAGL kernel: [    0.118002] ACPI: Added _OSI(Processor Aggregator Device)
2023-02-03T09:32:07.655324-05:00 KALIFORNIAGL kernel: [    0.118002] ACPI: Added _OSI(Linux-Dell-Video)
2023-02-03T09:32:07.655324-05:00 KALIFORNIAGL kernel: [    0.118002] ACPI: Added _OSI(Linux-Lenovo-NV-HDMI-Audio)
2023-02-03T09:32:07.655322-05:00 KALIFORNIAGL systemd[1]: Reached target System Initialization.
2023-02-03T09:32:07.655326-05:00 KALIFORNIAGL kernel: [    0.118002] ACPI: Added _OSI(Linux-HPI-Hybrid-Graphics)
2023-02-03T09:32:07.655327-05:00 KALIFORNIAGL kernel: [    0.128183] ACPI: 7 ACPI AML tables successfully acquired and loaded
2023-02-03T09:32:07.655326-05:00 KALIFORNIAGL systemd[1]: Started CUPS Scheduler.
2023-02-03T09:32:07.655327-05:00 KALIFORNIAGL kernel: [    0.129041] ACPI: [Firmware Bug]: BIOS _OSI(Linux) query ignored
2023-02-03T09:32:07.655327-05:00 KALIFORNIAGL kernel: [    0.129773] ACPI: Dynamic OEM Table Load:
2023-02-03T09:32:07.655328-05:00 KALIFORNIAGL kernel: [    0.129777] ACPI: SSDT 0xFFFF8E1CC124E800 0003D3 (v01 PmRef  Cpu0Cst  00003001 INTL 20051117)
2023-02-03T09:32:07.655328-05:00 KALIFORNIAGL kernel: [    0.130318] ACPI: Dynamic OEM Table Load:
2023-02-03T09:32:07.655328-05:00 KALIFORNIAGL systemd[1]: Started Daily apt download activities.
2023-02-03T09:32:07.655331-05:00 KALIFORNIAGL kernel: [    0.130322] ACPI: SSDT 0xFFFF8E1DCF2B6000 0005AA (v01 PmRef  ApIst    00003000 INTL 20051117)
2023-02-03T09:32:07.655330-05:00 KALIFORNIAGL systemd[1]: Started Daily apt upgrade and clean activities.
2023-02-03T09:32:07.655332-05:00 KALIFORNIAGL kernel: [    0.130879] ACPI: Dynamic OEM Table Load:
2023-02-03T09:32:07.655333-05:00 KALIFORNIAGL kernel: [    0.130881] ACPI: SSDT 0xFFFF8E1CC13A4600 000119 (v01 PmRef  ApCst    00003000 INTL 20051117)
2023-02-03T09:32:07.655333-05:00 KALIFORNIAGL kernel: [    0.132796] ACPI: Interpreter enabled
2023-02-03T09:32:07.655333-05:00 KALIFORNIAGL kernel: [    0.132817] ACPI: PM: (supports S0 S3 S4 S5)
2023-02-03T09:32:07.655334-05:00 KALIFORNIAGL kernel: [    0.132818] ACPI: Using IOAPIC for interrupt routing
2023-02-03T09:32:07.655334-05:00 KALIFORNIAGL systemd[1]: Started Daily dpkg database backup timer.
2023-02-03T09:32:07.655334-05:00 KALIFORNIAGL kernel: [    0.132837] PCI: Using host bridge windows from ACPI; if necessary, use "pci=nocrs" and report a bug
2023-02-03T09:32:07.655336-05:00 KALIFORNIAGL kernel: [    0.132837] PCI: Using E820 reservations for host bridge windows
2023-02-03T09:32:07.655337-05:00 KALIFORNIAGL kernel: [    0.133270] ACPI: Enabled 9 GPEs in block 00 to 3F
2023-02-03T09:32:07.655337-05:00 KALIFORNIAGL kernel: [    0.133701] ACPI: PM: Power Resource [PG00]
2023-02-03T09:32:07.655336-05:00 KALIFORNIAGL systemd[1]: Started Periodic ext4 Online Metadata Check for All Filesystems.
2023-02-03T09:32:07.655338-05:00 KALIFORNIAGL kernel: [    0.133960] ACPI: PM: Power Resource [PG01]
2023-02-03T09:32:07.655339-05:00 KALIFORNIAGL kernel: [    0.134188] ACPI: PM: Power Resource [PG02]
2023-02-03T09:32:07.655340-05:00 KALIFORNIAGL kernel: [    0.142967] ACPI: PM: Power Resource [FN00]
2023-02-03T09:32:07.655340-05:00 KALIFORNIAGL systemd[1]: Started Daily exim4-base housekeeping.
2023-02-03T09:32:07.655342-05:00 KALIFORNIAGL kernel: [    0.143007] ACPI: PM: Power Resource [FN01]
2023-02-03T09:32:07.655343-05:00 KALIFORNIAGL kernel: [    0.143046] ACPI: PM: Power Resource [FN02]
2023-02-03T09:32:07.655344-05:00 KALIFORNIAGL kernel: [    0.143085] ACPI: PM: Power Resource [FN03]
2023-02-03T09:32:07.655344-05:00 KALIFORNIAGL kernel: [    0.143122] ACPI: PM: Power Resource [FN04]
2023-02-03T09:32:07.655344-05:00 KALIFORNIAGL kernel: [    0.143589] ACPI: PCI Root Bridge [PCI0] (domain 0000 [bus 00-3e])
2023-02-03T09:32:07.655344-05:00 KALIFORNIAGL systemd[1]: Started Discard unused blocks once a week.
2023-02-03T09:32:07.655345-05:00 KALIFORNIAGL kernel: [    0.143594] acpi PNP0A08:00: _OSC: OS supports [ExtendedConfig ASPM ClockPM Segments MSI HPX-Type3]
2023-02-03T09:32:07.655347-05:00 KALIFORNIAGL systemd[1]: Started Weekly GeoIP update.
2023-02-03T09:32:07.655348-05:00 KALIFORNIAGL kernel: [    0.143694] acpi PNP0A08:00: _OSC: platform does not support [PCIeHotplug SHPCHotplug PME]
2023-02-03T09:32:07.655348-05:00 KALIFORNIAGL kernel: [    0.143782] acpi PNP0A08:00: _OSC: OS now controls [AER PCIeCapability LTR]
2023-02-03T09:32:07.655349-05:00 KALIFORNIAGL kernel: [    0.143783] acpi PNP0A08:00: FADT indicates ASPM is unsupported, using BIOS configuration
2023-02-03T09:32:07.655349-05:00 KALIFORNIAGL kernel: [    0.144217] PCI host bridge to bus 0000:00
2023-02-03T09:32:07.655349-05:00 KALIFORNIAGL kernel: [    0.144218] pci_bus 0000:00: root bus resource [io  0x0000-0x0cf7 window]
2023-02-03T09:32:07.655350-05:00 KALIFORNIAGL kernel: [    0.144220] pci_bus 0000:00: root bus resource [io  0x0d00-0xffff window]
2023-02-03T09:32:07.655349-05:00 KALIFORNIAGL systemd[1]: Started Daily rotation of log files.
2023-02-03T09:32:07.655351-05:00 KALIFORNIAGL kernel: [    0.144221] pci_bus 0000:00: root bus resource [mem 0x000a0000-0x000bffff window]
2023-02-03T09:32:07.655352-05:00 KALIFORNIAGL kernel: [    0.144222] pci_bus 0000:00: root bus resource [mem 0x000d0000-0x000e7fff window]
2023-02-03T09:32:07.655351-05:00 KALIFORNIAGL systemd[1]: Started Daily timer for the Lynis security audit and vulnerability scanner.
2023-02-03T09:32:07.655352-05:00 KALIFORNIAGL kernel: [    0.144223] pci_bus 0000:00: root bus resource [mem 0xe0000000-0xfeafffff window]
2023-02-03T09:32:07.655353-05:00 KALIFORNIAGL kernel: [    0.144224] pci_bus 0000:00: root bus resource [bus 00-3e]
2023-02-03T09:32:07.655353-05:00 KALIFORNIAGL kernel: [    0.144236] pci 0000:00:00.0: [8086:0c00] type 00 class 0x060000
2023-02-03T09:32:07.655354-05:00 KALIFORNIAGL kernel: [    0.144286] pci 0000:00:01.0: [8086:0c01] type 01 class 0x060400
2023-02-03T09:32:07.655354-05:00 KALIFORNIAGL kernel: [    0.144313] pci 0000:00:01.0: PME# supported from D0 D3hot D3cold
2023-02-03T09:32:07.655354-05:00 KALIFORNIAGL systemd[1]: Started Daily man-db regeneration.
2023-02-03T09:32:07.655356-05:00 KALIFORNIAGL kernel: [    0.144486] pci 0000:00:14.0: [8086:8cb1] type 00 class 0x0c0330
2023-02-03T09:32:07.655356-05:00 KALIFORNIAGL kernel: [    0.144501] pci 0000:00:14.0: reg 0x10: [mem 0xf7420000-0xf742ffff 64bit]
2023-02-03T09:32:07.655357-05:00 KALIFORNIAGL kernel: [    0.144551] pci 0000:00:14.0: PME# supported from D3hot D3cold
2023-02-03T09:32:07.655357-05:00 KALIFORNIAGL kernel: [    0.144623] pci 0000:00:16.0: [8086:8cba] type 00 class 0x078000
2023-02-03T09:32:07.655357-05:00 KALIFORNIAGL kernel: [    0.144638] pci 0000:00:16.0: reg 0x10: [mem 0xf743a000-0xf743a00f 64bit]
2023-02-03T09:32:07.655358-05:00 KALIFORNIAGL kernel: [    0.144690] pci 0000:00:16.0: PME# supported from D0 D3hot D3cold
2023-02-03T09:32:07.655356-05:00 KALIFORNIAGL systemd[1]: Started Rotate ntpd stats daily.
2023-02-03T09:32:07.655361-05:00 KALIFORNIAGL kernel: [    0.144774] pci 0000:00:19.0: [8086:15a1] type 00 class 0x020000
2023-02-03T09:32:07.655361-05:00 KALIFORNIAGL kernel: [    0.144786] pci 0000:00:19.0: reg 0x10: [mem 0xf7400000-0xf741ffff]
2023-02-03T09:32:07.655361-05:00 KALIFORNIAGL systemd[1]: Started Clean PHP session files every 30 mins.
2023-02-03T09:32:07.655363-05:00 KALIFORNIAGL systemd[1]: Started Update the plocate database daily.
2023-02-03T09:32:07.655365-05:00 KALIFORNIAGL systemd[1]: Started Daily Cleanup of Temporary Directories.
2023-02-03T09:32:07.655367-05:00 KALIFORNIAGL systemd[1]: Reached target Path Units.
2023-02-03T09:32:07.655370-05:00 KALIFORNIAGL systemd[1]: Reached target Timer Units.
2023-02-03T09:32:07.655372-05:00 KALIFORNIAGL systemd[1]: Listening on CUPS Scheduler.
2023-02-03T09:32:07.655374-05:00 KALIFORNIAGL systemd[1]: Listening on D-Bus System Message Bus Socket.
2023-02-03T09:32:07.655377-05:00 KALIFORNIAGL systemd[1]: Starting Docker Socket for the API...
2023-02-03T09:32:07.655380-05:00 KALIFORNIAGL systemd[1]: Listening on Libvirt local socket.
2023-02-03T09:32:07.655382-05:00 KALIFORNIAGL systemd[1]: Listening on UUID daemon activation socket.
2023-02-03T09:32:07.655384-05:00 KALIFORNIAGL systemd[1]: Listening on Virtual machine lock manager socket.
2023-02-03T09:32:07.655386-05:00 KALIFORNIAGL systemd[1]: Listening on Virtual machine log manager socket.
2023-02-03T09:32:07.655388-05:00 KALIFORNIAGL systemd[1]: TPM2 PCR Barrier (Initialization) was skipped because of an unmet condition check (ConditionPathExists=/sys/firmware/efi/efivars/StubPcrKernelImage-4a67b082-0a4c-41cf-b6c7-440b29bb8c4f).
2023-02-03T09:32:07.655392-05:00 KALIFORNIAGL systemd[1]: Listening on Docker Socket for the API.
2023-02-03T09:32:07.655393-05:00 KALIFORNIAGL kernel: [    0.144793] pci 0000:00:19.0: reg 0x14: [mem 0xf7438000-0xf7438fff]
2023-02-03T09:32:07.655394-05:00 KALIFORNIAGL kernel: [    0.144799] pci 0000:00:19.0: reg 0x18: [io  0xf040-0xf05f]
2023-02-03T09:32:07.655394-05:00 KALIFORNIAGL kernel: [    0.144847] pci 0000:00:19.0: PME# supported from D0 D3hot D3cold
2023-02-03T09:32:07.655394-05:00 KALIFORNIAGL kernel: [    0.144900] pci 0000:00:1a.0: [8086:8cad] type 00 class 0x0c0320
2023-02-03T09:32:07.655394-05:00 KALIFORNIAGL systemd[1]: Reached target Socket Units.
2023-02-03T09:32:07.655395-05:00 KALIFORNIAGL kernel: [    0.144915] pci 0000:00:1a.0: reg 0x10: [mem 0xf7437000-0xf74373ff]
2023-02-03T09:32:07.655396-05:00 KALIFORNIAGL systemd[1]: Reached target Basic System.
2023-02-03T09:32:07.655397-05:00 KALIFORNIAGL kernel: [    0.144985] pci 0000:00:1a.0: PME# supported from D0 D3hot D3cold
2023-02-03T09:32:07.655398-05:00 KALIFORNIAGL kernel: [    0.145043] pci 0000:00:1b.0: [8086:8ca0] type 00 class 0x040300
2023-02-03T09:32:07.655398-05:00 KALIFORNIAGL kernel: [    0.145057] pci 0000:00:1b.0: reg 0x10: [mem 0xf7430000-0xf7433fff 64bit]
2023-02-03T09:32:07.655399-05:00 KALIFORNIAGL kernel: [    0.145116] pci 0000:00:1b.0: PME# supported from D0 D3hot D3cold
2023-02-03T09:32:07.655399-05:00 KALIFORNIAGL kernel: [    0.145170] pci 0000:00:1c.0: [8086:8c90] type 01 class 0x060400
2023-02-03T09:32:07.655399-05:00 KALIFORNIAGL kernel: [    0.145232] pci 0000:00:1c.0: PME# supported from D0 D3hot D3cold
2023-02-03T09:32:07.655399-05:00 KALIFORNIAGL systemd[1]: System is tainted: local-hwclock
2023-02-03T09:32:07.655401-05:00 KALIFORNIAGL kernel: [    0.145249] pci 0000:00:1c.0: Enabling MPC IRBNCE
2023-02-03T09:32:07.655402-05:00 KALIFORNIAGL kernel: [    0.145251] pci 0000:00:1c.0: Intel PCH root port ACS workaround enabled
2023-02-03T09:32:07.655403-05:00 KALIFORNIAGL kernel: [    0.145394] pci 0000:00:1c.2: [8086:244e] type 01 class 0x060401
2023-02-03T09:32:07.655403-05:00 KALIFORNIAGL kernel: [    0.145458] pci 0000:00:1c.2: PME# supported from D0 D3hot D3cold
2023-02-03T09:32:07.655401-05:00 KALIFORNIAGL systemd[1]: Starting Accounts Service...
2023-02-03T09:32:07.655403-05:00 KALIFORNIAGL kernel: [    0.145608] pci 0000:00:1c.3: [8086:8c96] type 01 class 0x060400
2023-02-03T09:32:07.655404-05:00 KALIFORNIAGL kernel: [    0.145671] pci 0000:00:1c.3: PME# supported from D0 D3hot D3cold
2023-02-03T09:32:07.655405-05:00 KALIFORNIAGL kernel: [    0.145687] pci 0000:00:1c.3: Enabling MPC IRBNCE
2023-02-03T09:32:07.655406-05:00 KALIFORNIAGL kernel: [    0.145689] pci 0000:00:1c.3: Intel PCH root port ACS workaround enabled
2023-02-03T09:32:07.655407-05:00 KALIFORNIAGL kernel: [    0.145831] pci 0000:00:1c.4: [8086:8c98] type 01 class 0x060400
2023-02-03T09:32:07.655405-05:00 KALIFORNIAGL systemd[1]: Manage Sound Card State (restore and store) was skipped because of an unmet condition check (ConditionPathExists=/etc/alsa/state-daemon.conf).
2023-02-03T09:32:07.655407-05:00 KALIFORNIAGL kernel: [    0.145894] pci 0000:00:1c.4: PME# supported from D0 D3hot D3cold
2023-02-03T09:32:07.655407-05:00 KALIFORNIAGL kernel: [    0.145910] pci 0000:00:1c.4: Enabling MPC IRBNCE
2023-02-03T09:32:07.655408-05:00 KALIFORNIAGL kernel: [    0.145911] pci 0000:00:1c.4: Intel PCH root port ACS workaround enabled
2023-02-03T09:32:07.655408-05:00 KALIFORNIAGL kernel: [    0.146049] pci 0000:00:1c.5: [8086:8c9a] type 01 class 0x060400
2023-02-03T09:32:07.655408-05:00 KALIFORNIAGL systemd[1]: Starting Save/Restore Sound Card State...
2023-02-03T09:32:07.655410-05:00 KALIFORNIAGL kernel: [    0.146113] pci 0000:00:1c.5: PME# supported from D0 D3hot D3cold
2023-02-03T09:32:07.655411-05:00 KALIFORNIAGL kernel: [    0.146128] pci 0000:00:1c.5: Enabling MPC IRBNCE
2023-02-03T09:32:07.655411-05:00 KALIFORNIAGL kernel: [    0.146130] pci 0000:00:1c.5: Intel PCH root port ACS workaround enabled
2023-02-03T09:32:07.655411-05:00 KALIFORNIAGL kernel: [    0.146269] pci 0000:00:1c.6: [8086:8c9c] type 01 class 0x060400
2023-02-03T09:32:07.655410-05:00 KALIFORNIAGL systemd[1]: Starting D-Bus System Message Bus...
2023-02-03T09:32:07.655412-05:00 KALIFORNIAGL kernel: [    0.146333] pci 0000:00:1c.6: PME# supported from D0 D3hot D3cold
2023-02-03T09:32:07.655412-05:00 KALIFORNIAGL kernel: [    0.146350] pci 0000:00:1c.6: Enabling MPC IRBNCE
2023-02-03T09:32:07.655413-05:00 KALIFORNIAGL haveged[1261]: haveged: command socket is listening at fd 3
2023-02-03T09:32:07.655414-05:00 KALIFORNIAGL kernel: [    0.146352] pci 0000:00:1c.6: Intel PCH root port ACS workaround enabled
2023-02-03T09:32:07.655415-05:00 KALIFORNIAGL kernel: [    0.146492] pci 0000:00:1c.7: [8086:8c9e] type 01 class 0x060400
2023-02-03T09:32:07.655415-05:00 KALIFORNIAGL kernel: [    0.146555] pci 0000:00:1c.7: PME# supported from D0 D3hot D3cold
2023-02-03T09:32:07.655415-05:00 KALIFORNIAGL kernel: [    0.146570] pci 0000:00:1c.7: Enabling MPC IRBNCE
2023-02-03T09:32:07.655416-05:00 KALIFORNIAGL kernel: [    0.146572] pci 0000:00:1c.7: Intel PCH root port ACS workaround enabled
2023-02-03T09:32:07.655416-05:00 KALIFORNIAGL kernel: [    0.146714] pci 0000:00:1d.0: [8086:8ca6] type 00 class 0x0c0320
2023-02-03T09:32:07.655416-05:00 KALIFORNIAGL kernel: [    0.146728] pci 0000:00:1d.0: reg 0x10: [mem 0xf7436000-0xf74363ff]
2023-02-03T09:32:07.655415-05:00 KALIFORNIAGL systemd[1]: Starting Remove Stale Online ext4 Metadata Check Snapshots...
2023-02-03T09:32:07.655418-05:00 KALIFORNIAGL kernel: [    0.146800] pci 0000:00:1d.0: PME# supported from D0 D3hot D3cold
2023-02-03T09:32:07.655419-05:00 KALIFORNIAGL kernel: [    0.146862] pci 0000:00:1f.0: [8086:8cc4] type 00 class 0x060100
2023-02-03T09:32:07.655418-05:00 KALIFORNIAGL systemd[1]: getty on tty2-tty6 if dbus and logind are not available was skipped because of an unmet condition check (ConditionPathExists=!/usr/bin/dbus-daemon).
2023-02-03T09:32:07.655420-05:00 KALIFORNIAGL kernel: [    0.147013] pci 0000:00:1f.2: [8086:8c82] type 00 class 0x010601
2023-02-03T09:32:07.655420-05:00 KALIFORNIAGL kernel: [    0.147023] pci 0000:00:1f.2: reg 0x10: [io  0xf090-0xf097]
2023-02-03T09:32:07.655420-05:00 KALIFORNIAGL kernel: [    0.147029] pci 0000:00:1f.2: reg 0x14: [io  0xf080-0xf083]
2023-02-03T09:32:07.655421-05:00 KALIFORNIAGL kernel: [    0.147034] pci 0000:00:1f.2: reg 0x18: [io  0xf070-0xf077]
2023-02-03T09:32:07.655423-05:00 KALIFORNIAGL kernel: [    0.147040] pci 0000:00:1f.2: reg 0x1c: [io  0xf060-0xf063]
2023-02-03T09:32:07.655421-05:00 KALIFORNIAGL systemd[1]: Started ntpsec-systemd-netif.service.
2023-02-03T09:32:07.655423-05:00 KALIFORNIAGL kernel: [    0.147046] pci 0000:00:1f.2: reg 0x20: [io  0xf020-0xf03f]
2023-02-03T09:32:07.655424-05:00 KALIFORNIAGL kernel: [    0.147052] pci 0000:00:1f.2: reg 0x24: [mem 0xf7435000-0xf74357ff]
2023-02-03T09:32:07.655425-05:00 KALIFORNIAGL kernel: [    0.147080] pci 0000:00:1f.2: PME# supported from D3hot
2023-02-03T09:32:07.655425-05:00 KALIFORNIAGL kernel: [    0.147130] pci 0000:00:1f.3: [8086:8ca2] type 00 class 0x0c0500
2023-02-03T09:32:07.655426-05:00 KALIFORNIAGL kernel: [    0.147144] pci 0000:00:1f.3: reg 0x10: [mem 0xf7434000-0xf74340ff 64bit]
2023-02-03T09:32:07.655425-05:00 KALIFORNIAGL alsactl[1267]: alsa-lib parser.c:2783:(load_toplevel_config) Unable to find the top-level configuration file '/usr/share/alsa/ucm2/ucm.conf'.
2023-02-03T09:32:07.655426-05:00 KALIFORNIAGL kernel: [    0.147160] pci 0000:00:1f.3: reg 0x20: [io  0xf000-0xf01f]
2023-02-03T09:32:07.655428-05:00 KALIFORNIAGL kernel: [    0.147236] pci 0000:01:00.0: [10de:2182] type 00 class 0x030000
2023-02-03T09:32:07.655428-05:00 KALIFORNIAGL kernel: [    0.147247] pci 0000:01:00.0: reg 0x10: [mem 0xf6000000-0xf6ffffff]
2023-02-03T09:32:07.655428-05:00 KALIFORNIAGL alsactl[1267]: alsa-lib main.c:1541:(snd_use_case_mgr_open) error: failed to import hw:0 use case configuration -2
2023-02-03T09:32:07.655429-05:00 KALIFORNIAGL kernel: [    0.147255] pci 0000:01:00.0: reg 0x14: [mem 0xe0000000-0xefffffff 64bit pref]
2023-02-03T09:32:07.655429-05:00 KALIFORNIAGL kernel: [    0.147263] pci 0000:01:00.0: reg 0x1c: [mem 0xf0000000-0xf1ffffff 64bit pref]
2023-02-03T09:32:07.655429-05:00 KALIFORNIAGL kernel: [    0.147269] pci 0000:01:00.0: reg 0x24: [io  0xe000-0xe07f]
2023-02-03T09:32:07.655430-05:00 KALIFORNIAGL kernel: [    0.147274] pci 0000:01:00.0: reg 0x30: [mem 0xf7000000-0xf707ffff pref]
2023-02-03T09:32:07.655435-05:00 KALIFORNIAGL kernel: [    0.147289] pci 0000:01:00.0: Video device with shadowed ROM at [mem 0x000c0000-0x000dffff]
2023-02-03T09:32:07.655435-05:00 KALIFORNIAGL kernel: [    0.147320] pci 0000:01:00.0: PME# supported from D0 D3hot
2023-02-03T09:32:07.655436-05:00 KALIFORNIAGL kernel: [    0.147366] pci 0000:01:00.0: 32.000 Gb/s available PCIe bandwidth, limited by 2.5 GT/s PCIe x16 link at 0000:00:01.0 (capable of 126.016 Gb/s with 8.0 GT/s PCIe x16 link)
2023-02-03T09:32:07.655430-05:00 KALIFORNIAGL systemd[1]: Starting Authorization Manager...
2023-02-03T09:32:07.655436-05:00 KALIFORNIAGL kernel: [    0.147408] pci 0000:01:00.1: [10de:1aeb] type 00 class 0x040300
2023-02-03T09:32:07.655437-05:00 KALIFORNIAGL kernel: [    0.147418] pci 0000:01:00.1: reg 0x10: [mem 0xf7080000-0xf7083fff]
2023-02-03T09:32:07.655437-05:00 KALIFORNIAGL kernel: [    0.147515] pci 0000:01:00.2: [10de:1aec] type 00 class 0x0c0330
2023-02-03T09:32:07.655439-05:00 KALIFORNIAGL kernel: [    0.147528] pci 0000:01:00.2: reg 0x10: [mem 0xf2000000-0xf203ffff 64bit pref]
2023-02-03T09:32:07.655438-05:00 KALIFORNIAGL alsactl[1267]: alsa-lib parser.c:2783:(load_toplevel_config) Unable to find the top-level configuration file '/usr/share/alsa/ucm2/ucm.conf'.
2023-02-03T09:32:07.655439-05:00 KALIFORNIAGL kernel: [    0.147540] pci 0000:01:00.2: reg 0x1c: [mem 0xf2040000-0xf204ffff 64bit pref]
2023-02-03T09:32:07.655440-05:00 KALIFORNIAGL kernel: [    0.147582] pci 0000:01:00.2: PME# supported from D0 D3hot
2023-02-03T09:32:07.655440-05:00 KALIFORNIAGL kernel: [    0.147622] pci 0000:01:00.3: [10de:1aed] type 00 class 0x0c8000
2023-02-03T09:32:07.655440-05:00 KALIFORNIAGL kernel: [    0.147632] pci 0000:01:00.3: reg 0x10: [mem 0xf7084000-0xf7084fff]
2023-02-03T09:32:07.655441-05:00 KALIFORNIAGL kernel: [    0.147692] pci 0000:01:00.3: PME# supported from D0 D3hot
2023-02-03T09:32:07.655443-05:00 KALIFORNIAGL kernel: [    0.147748] pci 0000:00:01.0: PCI bridge to [bus 01]
2023-02-03T09:32:07.655441-05:00 KALIFORNIAGL alsactl[1267]: alsa-lib main.c:1541:(snd_use_case_mgr_open) error: failed to import hw:1 use case configuration -2
2023-02-03T09:32:07.655443-05:00 KALIFORNIAGL kernel: [    0.147749] pci 0000:00:01.0:   bridge window [io  0xe000-0xefff]
2023-02-03T09:32:07.655444-05:00 KALIFORNIAGL kernel: [    0.147751] pci 0000:00:01.0:   bridge window [mem 0xf6000000-0xf70fffff]
2023-02-03T09:32:07.655444-05:00 KALIFORNIAGL kernel: [    0.147753] pci 0000:00:01.0:   bridge window [mem 0xe0000000-0xf20fffff 64bit pref]
2023-02-03T09:32:07.655444-05:00 KALIFORNIAGL kernel: [    0.147793] acpiphp: Slot [1] registered
2023-02-03T09:32:07.655445-05:00 KALIFORNIAGL kernel: [    0.147797] pci 0000:00:1c.0: PCI bridge to [bus 02]
2023-02-03T09:32:07.655445-05:00 KALIFORNIAGL kernel: [    0.147859] pci 0000:03:00.0: [1b21:1080] type 01 class 0x060400
2023-02-03T09:32:07.655444-05:00 KALIFORNIAGL alsactl[1267]: alsa-lib parser.c:2783:(load_toplevel_config) Unable to find the top-level configuration file '/usr/share/alsa/ucm2/ucm.conf'.
2023-02-03T09:32:07.655448-05:00 KALIFORNIAGL kernel: [    0.147997] pci 0000:03:00.0: supports D1 D2
2023-02-03T09:32:07.655448-05:00 KALIFORNIAGL kernel: [    0.147998] pci 0000:03:00.0: PME# supported from D0 D1 D2 D3hot D3cold
2023-02-03T09:32:07.655448-05:00 KALIFORNIAGL kernel: [    0.157572] pci 0000:00:1c.2: PCI bridge to [bus 03-04] (subtractive decode)
2023-02-03T09:32:07.655449-05:00 KALIFORNIAGL kernel: [    0.157580] pci 0000:00:1c.2:   bridge window [io  0x0000-0x0cf7 window] (subtractive decode)
2023-02-03T09:32:07.655448-05:00 KALIFORNIAGL alsactl[1267]: alsa-lib main.c:1541:(snd_use_case_mgr_open) error: failed to import hw:2 use case configuration -2
2023-02-03T09:32:07.655449-05:00 KALIFORNIAGL kernel: [    0.157581] pci 0000:00:1c.2:   bridge window [io  0x0d00-0xffff window] (subtractive decode)
2023-02-03T09:32:07.655450-05:00 KALIFORNIAGL kernel: [    0.157582] pci 0000:00:1c.2:   bridge window [mem 0x000a0000-0x000bffff window] (subtractive decode)
2023-02-03T09:32:07.655451-05:00 KALIFORNIAGL systemd[1]: Regenerate SSH host keys was skipped because of an unmet condition check (ConditionPathExistsGlob=!/etc/ssh/ssh_host_*_key).
2023-02-03T09:32:07.655453-05:00 KALIFORNIAGL kernel: [    0.157583] pci 0000:00:1c.2:   bridge window [mem 0x000d0000-0x000e7fff window] (subtractive decode)
2023-02-03T09:32:07.655453-05:00 KALIFORNIAGL kernel: [    0.157584] pci 0000:00:1c.2:   bridge window [mem 0xe0000000-0xfeafffff window] (subtractive decode)
2023-02-03T09:32:07.655454-05:00 KALIFORNIAGL kernel: [    0.157631] pci_bus 0000:04: extended config space not accessible
2023-02-03T09:32:07.655454-05:00 KALIFORNIAGL kernel: [    0.157697] pci 0000:03:00.0: PCI bridge to [bus 04]
2023-02-03T09:32:07.655454-05:00 KALIFORNIAGL kernel: [    0.157760] acpiphp: Slot [1-1] registered
2023-02-03T09:32:07.655455-05:00 KALIFORNIAGL kernel: [    0.157764] pci 0000:00:1c.3: PCI bridge to [bus 05]
2023-02-03T09:32:07.655453-05:00 KALIFORNIAGL systemd[1]: Starting System Logging Service...
2023-02-03T09:32:07.655457-05:00 KALIFORNIAGL kernel: [    0.157826] pci 0000:06:00.0: [1b21:1142] type 00 class 0x0c0330
2023-02-03T09:32:07.655458-05:00 KALIFORNIAGL kernel: [    0.157850] pci 0000:06:00.0: reg 0x10: [mem 0x00000000-0x00007fff 64bit]
2023-02-03T09:32:07.655457-05:00 KALIFORNIAGL systemd[1]: Starting Self Monitoring and Reporting Technology (SMART) Daemon...
2023-02-03T09:32:07.655458-05:00 KALIFORNIAGL kernel: [    0.157961] pci 0000:06:00.0: PME# supported from D3cold
2023-02-03T09:32:07.655459-05:00 KALIFORNIAGL kernel: [    0.158079] pci 0000:00:1c.4: ASPM: current common clock configuration is inconsistent, reconfiguring
2023-02-03T09:32:07.655459-05:00 KALIFORNIAGL kernel: [    0.169571] pci 0000:00:1c.4: PCI bridge to [bus 06]
2023-02-03T09:32:07.655459-05:00 KALIFORNIAGL kernel: [    0.169574] pci 0000:00:1c.4:   bridge window [mem 0xf7300000-0xf73fffff]
2023-02-03T09:32:07.655461-05:00 KALIFORNIAGL kernel: [    0.169619] acpiphp: Slot [1-2] registered
2023-02-03T09:32:07.655459-05:00 KALIFORNIAGL systemd[1]: Starting User Login Management...
2023-02-03T09:32:07.655462-05:00 KALIFORNIAGL kernel: [    0.169623] pci 0000:00:1c.5: PCI bridge to [bus 07]
2023-02-03T09:32:07.655463-05:00 KALIFORNIAGL kernel: [    0.169682] pci 0000:08:00.0: [1814:0781] type 00 class 0x028000
2023-02-03T09:32:07.655463-05:00 KALIFORNIAGL kernel: [    0.169702] pci 0000:08:00.0: reg 0x10: [mem 0xf7200000-0xf720ffff]
2023-02-03T09:32:07.655464-05:00 KALIFORNIAGL kernel: [    0.169813] pci 0000:08:00.0: PME# supported from D0 D3hot
2023-02-03T09:32:07.655464-05:00 KALIFORNIAGL kernel: [    0.169942] pci 0000:00:1c.6: PCI bridge to [bus 08]
2023-02-03T09:32:07.655464-05:00 KALIFORNIAGL kernel: [    0.169946] pci 0000:00:1c.6:   bridge window [mem 0xf7200000-0xf72fffff]
2023-02-03T09:32:07.655464-05:00 KALIFORNIAGL systemd[1]: Started Windscribe helper service.
2023-02-03T09:32:07.655466-05:00 KALIFORNIAGL kernel: [    0.170002] pci 0000:09:00.0: [1b21:0612] type 00 class 0x010601
2023-02-03T09:32:07.655467-05:00 KALIFORNIAGL kernel: [    0.170021] pci 0000:09:00.0: reg 0x10: [io  0xd050-0xd057]
2023-02-03T09:32:07.655467-05:00 KALIFORNIAGL kernel: [    0.170031] pci 0000:09:00.0: reg 0x14: [io  0xd040-0xd043]
2023-02-03T09:32:07.655466-05:00 KALIFORNIAGL systemd[1]: Reached target Preparation for Network.
2023-02-03T09:32:07.655468-05:00 KALIFORNIAGL kernel: [    0.170041] pci 0000:09:00.0: reg 0x18: [io  0xd030-0xd037]
2023-02-03T09:32:07.655469-05:00 KALIFORNIAGL kernel: [    0.170051] pci 0000:09:00.0: reg 0x1c: [io  0xd020-0xd023]
2023-02-03T09:32:07.655469-05:00 KALIFORNIAGL kernel: [    0.170061] pci 0000:09:00.0: reg 0x20: [io  0xd000-0xd01f]
2023-02-03T09:32:07.655469-05:00 KALIFORNIAGL systemd[1]: Starting Raise network interfaces...
2023-02-03T09:32:07.655471-05:00 KALIFORNIAGL kernel: [    0.170071] pci 0000:09:00.0: reg 0x24: [mem 0xf7100000-0xf71001ff]
2023-02-03T09:32:07.655472-05:00 KALIFORNIAGL kernel: [    0.170250] pci 0000:00:1c.7: PCI bridge to [bus 09]
2023-02-03T09:32:07.655472-05:00 KALIFORNIAGL kernel: [    0.170253] pci 0000:00:1c.7:   bridge window [io  0xd000-0xdfff]
2023-02-03T09:32:07.655472-05:00 KALIFORNIAGL systemd[1]: Finished Enable support for additional executable binary formats.
2023-02-03T09:32:07.655472-05:00 KALIFORNIAGL kernel: [    0.170256] pci 0000:00:1c.7:   bridge window [mem 0xf7100000-0xf71fffff]
2023-02-03T09:32:07.655474-05:00 KALIFORNIAGL kernel: [    0.170902] ACPI: PCI: Interrupt link LNKA configured for IRQ 11
2023-02-03T09:32:07.655474-05:00 KALIFORNIAGL systemd[1]: Finished Save/Restore Sound Card State.
2023-02-03T09:32:07.655476-05:00 KALIFORNIAGL systemd[1]: ntpsec-systemd-netif.service: Deactivated successfully.
2023-02-03T09:32:07.655480-05:00 KALIFORNIAGL systemd[1]: Reached target Sound Card.
2023-02-03T09:32:07.655482-05:00 KALIFORNIAGL polkitd[1271]: Started polkitd version 122
2023-02-03T09:32:07.655505-05:00 KALIFORNIAGL kernel: [    0.170933] ACPI: PCI: Interrupt link LNKB configured for IRQ 10
2023-02-03T09:32:07.654951-05:00 KALIFORNIAGL rsyslogd: imuxsock: Acquired UNIX socket '/run/systemd/journal/syslog' (fd 3) from systemd.  [v8.2212.0]
2023-02-03T09:32:07.655507-05:00 KALIFORNIAGL kernel: [    0.170962] ACPI: PCI: Interrupt link LNKC configured for IRQ 5
2023-02-03T09:32:07.655508-05:00 KALIFORNIAGL kernel: [    0.170991] ACPI: PCI: Interrupt link LNKD configured for IRQ 3
2023-02-03T09:32:07.655045-05:00 KALIFORNIAGL rsyslogd: [origin software="rsyslogd" swVersion="8.2212.0" x-pid="1272" x-info="https://www.rsyslog.com"] start
2023-02-03T09:32:07.655508-05:00 KALIFORNIAGL kernel: [    0.171020] ACPI: PCI: Interrupt link LNKE configured for IRQ 11
2023-02-03T09:32:07.655509-05:00 KALIFORNIAGL kernel: [    0.171049] ACPI: PCI: Interrupt link LNKF configured for IRQ 0
2023-02-03T09:32:07.655509-05:00 KALIFORNIAGL kernel: [    0.171050] ACPI: PCI: Interrupt link LNKF disabled
2023-02-03T09:32:07.655509-05:00 KALIFORNIAGL kernel: [    0.171080] ACPI: PCI: Interrupt link LNKG configured for IRQ 10
2023-02-03T09:32:07.655510-05:00 KALIFORNIAGL kernel: [    0.171109] ACPI: PCI: Interrupt link LNKH configured for IRQ 5
2023-02-03T09:32:07.655107-05:00 KALIFORNIAGL systemd[1]: Started System Logging Service.
2023-02-03T09:32:07.655512-05:00 KALIFORNIAGL kernel: [    0.171400] iommu: Default domain type: Translated 
2023-02-03T09:32:07.655512-05:00 KALIFORNIAGL kernel: [    0.171400] iommu: DMA domain TLB invalidation policy: lazy mode 
2023-02-03T09:32:07.655513-05:00 KALIFORNIAGL kernel: [    0.171400] EDAC MC: Ver: 3.0.0
2023-02-03T09:32:07.655513-05:00 KALIFORNIAGL kernel: [    0.171400] NetLabel: Initializing
2023-02-03T09:32:07.655513-05:00 KALIFORNIAGL kernel: [    0.171400] NetLabel:  domain hash size = 128
2023-02-03T09:32:07.655514-05:00 KALIFORNIAGL kernel: [    0.171400] NetLabel:  protocols = UNLABELED CIPSOv4 CALIPSO
2023-02-03T09:32:07.655516-05:00 KALIFORNIAGL kernel: [    0.171400] NetLabel:  unlabeled traffic allowed by default
2023-02-03T09:32:07.655516-05:00 KALIFORNIAGL kernel: [    0.171400] PCI: Using ACPI for IRQ routing
2023-02-03T09:32:07.655516-05:00 KALIFORNIAGL kernel: [    0.171400] PCI: pci_cache_line_size set to 64 bytes
2023-02-03T09:32:07.655517-05:00 KALIFORNIAGL kernel: [    0.171400] e820: reserve RAM buffer [mem 0x0009d800-0x0009ffff]
2023-02-03T09:32:07.655517-05:00 KALIFORNIAGL kernel: [    0.171400] e820: reserve RAM buffer [mem 0xcb8e6000-0xcbffffff]
2023-02-03T09:32:07.655517-05:00 KALIFORNIAGL kernel: [    0.171400] e820: reserve RAM buffer [mem 0xcbd35000-0xcbffffff]
2023-02-03T09:32:07.655518-05:00 KALIFORNIAGL kernel: [    0.171400] e820: reserve RAM buffer [mem 0xdd867000-0xdfffffff]
2023-02-03T09:32:07.655520-05:00 KALIFORNIAGL kernel: [    0.171400] e820: reserve RAM buffer [mem 0xdd95a000-0xdfffffff]
2023-02-03T09:32:07.655520-05:00 KALIFORNIAGL kernel: [    0.171400] e820: reserve RAM buffer [mem 0xdf000000-0xdfffffff]
2023-02-03T09:32:07.655521-05:00 KALIFORNIAGL kernel: [    0.171400] e820: reserve RAM buffer [mem 0x41f000000-0x41fffffff]
2023-02-03T09:32:07.655521-05:00 KALIFORNIAGL kernel: [    0.171400] pci 0000:01:00.0: vgaarb: setting as boot VGA device
2023-02-03T09:32:07.655521-05:00 KALIFORNIAGL kernel: [    0.171400] pci 0000:01:00.0: vgaarb: bridge control possible
2023-02-03T09:32:07.655521-05:00 KALIFORNIAGL kernel: [    0.171400] pci 0000:01:00.0: vgaarb: VGA device added: decodes=io+mem,owns=io+mem,locks=none
2023-02-03T09:32:07.655524-05:00 KALIFORNIAGL kernel: [    0.171400] vgaarb: loaded
2023-02-03T09:32:07.655524-05:00 KALIFORNIAGL kernel: [    0.171400] hpet0: at MMIO 0xfed00000, IRQs 2, 8, 0, 0, 0, 0, 0, 0
2023-02-03T09:32:07.655524-05:00 KALIFORNIAGL kernel: [    0.171400] hpet0: 8 comparators, 64-bit 14.318180 MHz counter
2023-02-03T09:32:07.655525-05:00 KALIFORNIAGL kernel: [    0.173579] clocksource: Switched to clocksource tsc-early
2023-02-03T09:32:07.655525-05:00 KALIFORNIAGL kernel: [    0.173656] VFS: Disk quotas dquot_6.6.0
2023-02-03T09:32:07.655525-05:00 KALIFORNIAGL kernel: [    0.173669] VFS: Dquot-cache hash table entries: 512 (order 0, 4096 bytes)
2023-02-03T09:32:07.655528-05:00 KALIFORNIAGL kernel: [    0.173753] AppArmor: AppArmor Filesystem Enabled
2023-02-03T09:32:07.655529-05:00 KALIFORNIAGL kernel: [    0.173761] pnp: PnP ACPI init
2023-02-03T09:32:07.655529-05:00 KALIFORNIAGL kernel: [    0.173834] system 00:00: [mem 0xfed40000-0xfed44fff] has been reserved
2023-02-03T09:32:07.655529-05:00 KALIFORNIAGL kernel: [    0.173909] system 00:01: [io  0x0800-0x087f] has been reserved
2023-02-03T09:32:07.655530-05:00 KALIFORNIAGL kernel: [    0.173945] system 00:03: [io  0x1854-0x1857] has been reserved
2023-02-03T09:32:07.655530-05:00 KALIFORNIAGL kernel: [    0.174028] system 00:04: [io  0x0a00-0x0a0f] has been reserved
2023-02-03T09:32:07.655530-05:00 KALIFORNIAGL kernel: [    0.174029] system 00:04: [io  0x0a10-0x0a1f] has been reserved
2023-02-03T09:32:07.655533-05:00 KALIFORNIAGL kernel: [    0.174126] pnp 00:05: [dma 0 disabled]
2023-02-03T09:32:07.655533-05:00 KALIFORNIAGL kernel: [    0.174179] system 00:06: [io  0x04d0-0x04d1] has been reserved
2023-02-03T09:32:07.655533-05:00 KALIFORNIAGL kernel: [    0.174504] system 00:07: [mem 0xfed1c000-0xfed1ffff] has been reserved
2023-02-03T09:32:07.655534-05:00 KALIFORNIAGL kernel: [    0.174506] system 00:07: [mem 0xfed10000-0xfed17fff] has been reserved
2023-02-03T09:32:07.655534-05:00 KALIFORNIAGL kernel: [    0.174507] system 00:07: [mem 0xfed18000-0xfed18fff] has been reserved
2023-02-03T09:32:07.655534-05:00 KALIFORNIAGL kernel: [    0.174509] system 00:07: [mem 0xfed19000-0xfed19fff] has been reserved
2023-02-03T09:32:07.655536-05:00 KALIFORNIAGL kernel: [    0.174510] system 00:07: [mem 0xf8000000-0xfbffffff] has been reserved
2023-02-03T09:32:07.655537-05:00 KALIFORNIAGL kernel: [    0.174511] system 00:07: [mem 0xfed20000-0xfed3ffff] has been reserved
2023-02-03T09:32:07.655537-05:00 KALIFORNIAGL kernel: [    0.174512] system 00:07: [mem 0xfed90000-0xfed93fff] could not be reserved
2023-02-03T09:32:07.655537-05:00 KALIFORNIAGL kernel: [    0.174514] system 00:07: [mem 0xfed45000-0xfed8ffff] has been reserved
2023-02-03T09:32:07.655538-05:00 KALIFORNIAGL kernel: [    0.174515] system 00:07: [mem 0xff000000-0xffffffff] has been reserved
2023-02-03T09:32:07.655538-05:00 KALIFORNIAGL kernel: [    0.174516] system 00:07: [mem 0xfee00000-0xfeefffff] could not be reserved
2023-02-03T09:32:07.655538-05:00 KALIFORNIAGL kernel: [    0.174517] system 00:07: [mem 0xf7fe0000-0xf7feffff] has been reserved
2023-02-03T09:32:07.655540-05:00 KALIFORNIAGL kernel: [    0.174626] pnp: PnP ACPI: found 8 devices
2023-02-03T09:32:07.655541-05:00 KALIFORNIAGL kernel: [    0.179812] clocksource: acpi_pm: mask: 0xffffff max_cycles: 0xffffff, max_idle_ns: 2085701024 ns
2023-02-03T09:32:07.655541-05:00 KALIFORNIAGL kernel: [    0.179855] NET: Registered PF_INET protocol family
2023-02-03T09:32:07.655541-05:00 KALIFORNIAGL kernel: [    0.179975] IP idents hash table entries: 262144 (order: 9, 2097152 bytes, linear)
2023-02-03T09:32:07.655542-05:00 KALIFORNIAGL kernel: [    0.182120] tcp_listen_portaddr_hash hash table entries: 8192 (order: 5, 131072 bytes, linear)
2023-02-03T09:32:07.655542-05:00 KALIFORNIAGL kernel: [    0.182142] Table-perturb hash table entries: 65536 (order: 6, 262144 bytes, linear)
2023-02-03T09:32:07.655544-05:00 KALIFORNIAGL kernel: [    0.182187] TCP established hash table entries: 131072 (order: 8, 1048576 bytes, linear)
2023-02-03T09:32:07.655544-05:00 KALIFORNIAGL kernel: [    0.182301] TCP bind hash table entries: 65536 (order: 8, 1048576 bytes, linear)
2023-02-03T09:32:07.655545-05:00 KALIFORNIAGL kernel: [    0.182353] TCP: Hash tables configured (established 131072 bind 65536)
2023-02-03T09:32:07.655545-05:00 KALIFORNIAGL kernel: [    0.182405] MPTCP token hash table entries: 16384 (order: 6, 393216 bytes, linear)
2023-02-03T09:32:07.655545-05:00 KALIFORNIAGL kernel: [    0.182455] UDP hash table entries: 8192 (order: 6, 262144 bytes, linear)
2023-02-03T09:32:07.655546-05:00 KALIFORNIAGL kernel: [    0.182482] UDP-Lite hash table entries: 8192 (order: 6, 262144 bytes, linear)
2023-02-03T09:32:07.655548-05:00 KALIFORNIAGL kernel: [    0.182518] NET: Registered PF_UNIX/PF_LOCAL protocol family
2023-02-03T09:32:07.655548-05:00 KALIFORNIAGL kernel: [    0.182522] NET: Registered PF_XDP protocol family
2023-02-03T09:32:07.655549-05:00 KALIFORNIAGL kernel: [    0.182530] pci 0000:00:1c.5: bridge window [io  0x1000-0x0fff] to [bus 07] add_size 1000
2023-02-03T09:32:07.655549-05:00 KALIFORNIAGL kernel: [    0.182533] pci 0000:00:1c.5: bridge window [mem 0x00100000-0x000fffff 64bit pref] to [bus 07] add_size 200000 add_align 100000
2023-02-03T09:32:07.655549-05:00 KALIFORNIAGL kernel: [    0.182535] pci 0000:00:1c.5: bridge window [mem 0x00100000-0x000fffff] to [bus 07] add_size 200000 add_align 100000
2023-02-03T09:32:07.655550-05:00 KALIFORNIAGL kernel: [    0.182541] clipped [mem size 0x00018000] to [mem size 0x00010000] for e820 entry [mem 0x000e0000-0x000fffff]
2023-02-03T09:32:07.655552-05:00 KALIFORNIAGL kernel: [    0.182543] pci 0000:00:1c.5: BAR 14: assigned [mem 0xf2100000-0xf22fffff]
2023-02-03T09:32:07.655552-05:00 KALIFORNIAGL kernel: [    0.182546] clipped [mem size 0x00018000 64bit pref] to [mem size 0x00010000 64bit pref] for e820 entry [mem 0x000e0000-0x000fffff]
2023-02-03T09:32:07.655553-05:00 KALIFORNIAGL kernel: [    0.182548] pci 0000:00:1c.5: BAR 15: assigned [mem 0xf2300000-0xf24fffff 64bit pref]
2023-02-03T09:32:07.655553-05:00 KALIFORNIAGL kernel: [    0.182550] pci 0000:00:1c.5: BAR 13: assigned [io  0x2000-0x2fff]
2023-02-03T09:32:07.655553-05:00 KALIFORNIAGL kernel: [    0.182553] pci 0000:00:01.0: PCI bridge to [bus 01]
2023-02-03T09:32:07.655554-05:00 KALIFORNIAGL kernel: [    0.182555] pci 0000:00:01.0:   bridge window [io  0xe000-0xefff]
2023-02-03T09:32:07.655556-05:00 KALIFORNIAGL kernel: [    0.182557] pci 0000:00:01.0:   bridge window [mem 0xf6000000-0xf70fffff]
2023-02-03T09:32:07.655556-05:00 KALIFORNIAGL kernel: [    0.182558] pci 0000:00:01.0:   bridge window [mem 0xe0000000-0xf20fffff 64bit pref]
2023-02-03T09:32:07.655557-05:00 KALIFORNIAGL kernel: [    0.182561] pci 0000:00:1c.0: PCI bridge to [bus 02]
2023-02-03T09:32:07.655557-05:00 KALIFORNIAGL kernel: [    0.182569] pci 0000:03:00.0: PCI bridge to [bus 04]
2023-02-03T09:32:07.655557-05:00 KALIFORNIAGL kernel: [    0.182584] pci 0000:00:1c.2: PCI bridge to [bus 03-04]
2023-02-03T09:32:07.655557-05:00 KALIFORNIAGL kernel: [    0.182592] pci 0000:00:1c.3: PCI bridge to [bus 05]
2023-02-03T09:32:07.655558-05:00 KALIFORNIAGL kernel: [    0.182601] pci 0000:06:00.0: BAR 0: assigned [mem 0xf7300000-0xf7307fff 64bit]
2023-02-03T09:32:07.655560-05:00 KALIFORNIAGL kernel: [    0.182613] pci 0000:00:1c.4: PCI bridge to [bus 06]
2023-02-03T09:32:07.655560-05:00 KALIFORNIAGL kernel: [    0.182616] pci 0000:00:1c.4:   bridge window [mem 0xf7300000-0xf73fffff]
2023-02-03T09:32:07.655561-05:00 KALIFORNIAGL kernel: [    0.182622] pci 0000:00:1c.5: PCI bridge to [bus 07]
2023-02-03T09:32:07.655561-05:00 KALIFORNIAGL kernel: [    0.182624] pci 0000:00:1c.5:   bridge window [io  0x2000-0x2fff]
2023-02-03T09:32:07.655561-05:00 KALIFORNIAGL kernel: [    0.182627] pci 0000:00:1c.5:   bridge window [mem 0xf2100000-0xf22fffff]
2023-02-03T09:32:07.655562-05:00 KALIFORNIAGL kernel: [    0.182630] pci 0000:00:1c.5:   bridge window [mem 0xf2300000-0xf24fffff 64bit pref]
2023-02-03T09:32:07.655564-05:00 KALIFORNIAGL kernel: [    0.182634] pci 0000:00:1c.6: PCI bridge to [bus 08]
2023-02-03T09:32:07.655564-05:00 KALIFORNIAGL kernel: [    0.182638] pci 0000:00:1c.6:   bridge window [mem 0xf7200000-0xf72fffff]
2023-02-03T09:32:07.655564-05:00 KALIFORNIAGL kernel: [    0.182644] pci 0000:00:1c.7: PCI bridge to [bus 09]
2023-02-03T09:32:07.655565-05:00 KALIFORNIAGL kernel: [    0.182646] pci 0000:00:1c.7:   bridge window [io  0xd000-0xdfff]
2023-02-03T09:32:07.655565-05:00 KALIFORNIAGL kernel: [    0.182649] pci 0000:00:1c.7:   bridge window [mem 0xf7100000-0xf71fffff]
2023-02-03T09:32:07.655565-05:00 KALIFORNIAGL kernel: [    0.182655] pci_bus 0000:00: resource 4 [io  0x0000-0x0cf7 window]
2023-02-03T09:32:07.655566-05:00 KALIFORNIAGL kernel: [    0.182657] pci_bus 0000:00: resource 5 [io  0x0d00-0xffff window]
2023-02-03T09:32:07.655568-05:00 KALIFORNIAGL kernel: [    0.182657] pci_bus 0000:00: resource 6 [mem 0x000a0000-0x000bffff window]
2023-02-03T09:32:07.655568-05:00 KALIFORNIAGL kernel: [    0.182658] pci_bus 0000:00: resource 7 [mem 0x000d0000-0x000e7fff window]
2023-02-03T09:32:07.655568-05:00 KALIFORNIAGL kernel: [    0.182659] pci_bus 0000:00: resource 8 [mem 0xe0000000-0xfeafffff window]
2023-02-03T09:32:07.655569-05:00 KALIFORNIAGL kernel: [    0.182660] pci_bus 0000:01: resource 0 [io  0xe000-0xefff]
2023-02-03T09:32:07.655569-05:00 KALIFORNIAGL kernel: [    0.182661] pci_bus 0000:01: resource 1 [mem 0xf6000000-0xf70fffff]
2023-02-03T09:32:07.655569-05:00 KALIFORNIAGL kernel: [    0.182662] pci_bus 0000:01: resource 2 [mem 0xe0000000-0xf20fffff 64bit pref]
2023-02-03T09:32:07.655571-05:00 KALIFORNIAGL kernel: [    0.182663] pci_bus 0000:03: resource 4 [io  0x0000-0x0cf7 window]
2023-02-03T09:32:07.655572-05:00 KALIFORNIAGL kernel: [    0.182664] pci_bus 0000:03: resource 5 [io  0x0d00-0xffff window]
2023-02-03T09:32:07.655572-05:00 KALIFORNIAGL kernel: [    0.182665] pci_bus 0000:03: resource 6 [mem 0x000a0000-0x000bffff window]
2023-02-03T09:32:07.655572-05:00 KALIFORNIAGL kernel: [    0.182666] pci_bus 0000:03: resource 7 [mem 0x000d0000-0x000e7fff window]
2023-02-03T09:32:07.655573-05:00 KALIFORNIAGL kernel: [    0.182667] pci_bus 0000:03: resource 8 [mem 0xe0000000-0xfeafffff window]
2023-02-03T09:32:07.655573-05:00 KALIFORNIAGL kernel: [    0.182668] pci_bus 0000:06: resource 1 [mem 0xf7300000-0xf73fffff]
2023-02-03T09:32:07.655612-05:00 KALIFORNIAGL kernel: [    0.182670] pci_bus 0000:07: resource 0 [io  0x2000-0x2fff]
2023-02-03T09:32:07.655613-05:00 KALIFORNIAGL kernel: [    0.182670] pci_bus 0000:07: resource 1 [mem 0xf2100000-0xf22fffff]
2023-02-03T09:32:07.655613-05:00 KALIFORNIAGL kernel: [    0.182671] pci_bus 0000:07: resource 2 [mem 0xf2300000-0xf24fffff 64bit pref]
2023-02-03T09:32:07.655613-05:00 KALIFORNIAGL kernel: [    0.182672] pci_bus 0000:08: resource 1 [mem 0xf7200000-0xf72fffff]
2023-02-03T09:32:07.655614-05:00 KALIFORNIAGL kernel: [    0.182673] pci_bus 0000:09: resource 0 [io  0xd000-0xdfff]
2023-02-03T09:32:07.655614-05:00 KALIFORNIAGL kernel: [    0.182674] pci_bus 0000:09: resource 1 [mem 0xf7100000-0xf71fffff]
2023-02-03T09:32:07.655614-05:00 KALIFORNIAGL kernel: [    0.183118] pci 0000:01:00.1: D0 power state depends on 0000:01:00.0
2023-02-03T09:32:07.655616-05:00 KALIFORNIAGL kernel: [    0.183134] pci 0000:01:00.2: D0 power state depends on 0000:01:00.0
2023-02-03T09:32:07.655617-05:00 KALIFORNIAGL kernel: [    0.183248] pci 0000:01:00.3: D0 power state depends on 0000:01:00.0
2023-02-03T09:32:07.655617-05:00 KALIFORNIAGL kernel: [    0.183251] pci 0000:03:00.0: Disabling ASPM L0s/L1
2023-02-03T09:32:07.655617-05:00 KALIFORNIAGL kernel: [    0.183252] pci 0000:03:00.0: can't disable ASPM; OS doesn't have ASPM control
2023-02-03T09:32:07.655618-05:00 KALIFORNIAGL kernel: [    0.183294] pci 0000:06:00.0: enabling device (0000 -> 0002)
2023-02-03T09:32:07.655618-05:00 KALIFORNIAGL kernel: [    0.183357] PCI: CLS 64 bytes, default 64
2023-02-03T09:32:07.655620-05:00 KALIFORNIAGL kernel: [    0.183367] DMAR: No ATSR found
2023-02-03T09:32:07.655621-05:00 KALIFORNIAGL kernel: [    0.183368] DMAR: No SATC found
2023-02-03T09:32:07.655621-05:00 KALIFORNIAGL kernel: [    0.183369] DMAR: dmar0: Using Queued invalidation
2023-02-03T09:32:07.655621-05:00 KALIFORNIAGL kernel: [    0.183393] Trying to unpack rootfs image as initramfs...
2023-02-03T09:32:07.655622-05:00 KALIFORNIAGL kernel: [    0.183398] pci 0000:00:00.0: Adding to iommu group 0
2023-02-03T09:32:07.655622-05:00 KALIFORNIAGL kernel: [    0.183408] pci 0000:00:01.0: Adding to iommu group 1
2023-02-03T09:32:07.655622-05:00 KALIFORNIAGL kernel: [    0.183414] pci 0000:00:14.0: Adding to iommu group 2
2023-02-03T09:32:07.655625-05:00 KALIFORNIAGL kernel: [    0.183422] pci 0000:00:16.0: Adding to iommu group 3
2023-02-03T09:32:07.655626-05:00 KALIFORNIAGL kernel: [    0.183428] pci 0000:00:19.0: Adding to iommu group 4
2023-02-03T09:32:07.655626-05:00 KALIFORNIAGL kernel: [    0.183434] pci 0000:00:1a.0: Adding to iommu group 5
2023-02-03T09:32:07.655626-05:00 KALIFORNIAGL kernel: [    0.183440] pci 0000:00:1b.0: Adding to iommu group 6
2023-02-03T09:32:07.655627-05:00 KALIFORNIAGL kernel: [    0.183446] pci 0000:00:1c.0: Adding to iommu group 7
2023-02-03T09:32:07.655627-05:00 KALIFORNIAGL kernel: [    0.183458] pci 0000:00:1c.2: Adding to iommu group 8
2023-02-03T09:32:07.655629-05:00 KALIFORNIAGL kernel: [    0.183464] pci 0000:00:1c.3: Adding to iommu group 9
2023-02-03T09:32:07.655629-05:00 KALIFORNIAGL kernel: [    0.183470] pci 0000:00:1c.4: Adding to iommu group 10
2023-02-03T09:32:07.655630-05:00 KALIFORNIAGL kernel: [    0.183477] pci 0000:00:1c.5: Adding to iommu group 11
2023-02-03T09:32:07.655630-05:00 KALIFORNIAGL kernel: [    0.183484] pci 0000:00:1c.6: Adding to iommu group 12
2023-02-03T09:32:07.655630-05:00 KALIFORNIAGL kernel: [    0.183490] pci 0000:00:1c.7: Adding to iommu group 13
2023-02-03T09:32:07.655631-05:00 KALIFORNIAGL kernel: [    0.183496] pci 0000:00:1d.0: Adding to iommu group 14
2023-02-03T09:32:07.655633-05:00 KALIFORNIAGL kernel: [    0.183509] pci 0000:00:1f.0: Adding to iommu group 15
2023-02-03T09:32:07.655633-05:00 KALIFORNIAGL kernel: [    0.183515] pci 0000:00:1f.2: Adding to iommu group 15
2023-02-03T09:32:07.655634-05:00 KALIFORNIAGL kernel: [    0.183522] pci 0000:00:1f.3: Adding to iommu group 15
2023-02-03T09:32:07.655634-05:00 KALIFORNIAGL kernel: [    0.183525] pci 0000:01:00.0: Adding to iommu group 1
2023-02-03T09:32:07.655634-05:00 KALIFORNIAGL kernel: [    0.183527] pci 0000:01:00.1: Adding to iommu group 1
2023-02-03T09:32:07.655635-05:00 KALIFORNIAGL kernel: [    0.183530] pci 0000:01:00.2: Adding to iommu group 1
2023-02-03T09:32:07.655635-05:00 KALIFORNIAGL kernel: [    0.183533] pci 0000:01:00.3: Adding to iommu group 1
2023-02-03T09:32:07.655637-05:00 KALIFORNIAGL kernel: [    0.183536] pci 0000:03:00.0: Adding to iommu group 8
2023-02-03T09:32:07.655637-05:00 KALIFORNIAGL kernel: [    0.183543] pci 0000:06:00.0: Adding to iommu group 16
2023-02-03T09:32:07.655638-05:00 KALIFORNIAGL kernel: [    0.183550] pci 0000:08:00.0: Adding to iommu group 17
2023-02-03T09:32:07.655638-05:00 KALIFORNIAGL kernel: [    0.183556] pci 0000:09:00.0: Adding to iommu group 18
2023-02-03T09:32:07.655638-05:00 KALIFORNIAGL kernel: [    0.184447] DMAR: Intel(R) Virtualization Technology for Directed I/O
2023-02-03T09:32:07.655639-05:00 KALIFORNIAGL kernel: [    0.184449] PCI-DMA: Using software bounce buffering for IO (SWIOTLB)
2023-02-03T09:32:07.655641-05:00 KALIFORNIAGL kernel: [    0.184450] software IO TLB: mapped [mem 0x00000000d9867000-0x00000000dd867000] (64MB)
2023-02-03T09:32:07.655641-05:00 KALIFORNIAGL kernel: [    0.184817] Initialise system trusted keyrings
2023-02-03T09:32:07.655641-05:00 KALIFORNIAGL kernel: [    0.184826] Key type blacklist registered
2023-02-03T09:32:07.655642-05:00 KALIFORNIAGL kernel: [    0.184871] workingset: timestamp_bits=36 max_order=22 bucket_order=0
2023-02-03T09:32:07.655642-05:00 KALIFORNIAGL kernel: [    0.185709] zbud: loaded
2023-02-03T09:32:07.655642-05:00 KALIFORNIAGL kernel: [    0.185838] integrity: Platform Keyring initialized
2023-02-03T09:32:07.655643-05:00 KALIFORNIAGL kernel: [    0.185839] Key type asymmetric registered
2023-02-03T09:32:07.655645-05:00 KALIFORNIAGL kernel: [    0.185840] Asymmetric key parser 'x509' registered
2023-02-03T09:32:07.655645-05:00 KALIFORNIAGL kernel: [    0.542559] Freeing initrd memory: 77796K
2023-02-03T09:32:07.655646-05:00 KALIFORNIAGL kernel: [    0.545705] alg: self-tests for CTR-KDF (hmac(sha256)) passed
2023-02-03T09:32:07.655646-05:00 KALIFORNIAGL kernel: [    0.545722] Block layer SCSI generic (bsg) driver version 0.4 loaded (major 250)
2023-02-03T09:32:07.655646-05:00 KALIFORNIAGL kernel: [    0.545745] io scheduler mq-deadline registered
2023-02-03T09:32:07.655647-05:00 KALIFORNIAGL kernel: [    0.547045] shpchp: Standard Hot Plug PCI Controller Driver version: 0.4
2023-02-03T09:32:07.655649-05:00 KALIFORNIAGL kernel: [    0.547781] thermal LNXTHERM:00: registered as thermal_zone0
2023-02-03T09:32:07.655649-05:00 KALIFORNIAGL kernel: [    0.547782] ACPI: thermal: Thermal Zone [TZ00] (28 C)
2023-02-03T09:32:07.655649-05:00 KALIFORNIAGL kernel: [    0.547903] thermal LNXTHERM:01: registered as thermal_zone1
2023-02-03T09:32:07.655650-05:00 KALIFORNIAGL kernel: [    0.547905] ACPI: thermal: Thermal Zone [TZ01] (30 C)
2023-02-03T09:32:07.655650-05:00 KALIFORNIAGL kernel: [    0.548004] Serial: 8250/16550 driver, 4 ports, IRQ sharing enabled
2023-02-03T09:32:07.655650-05:00 KALIFORNIAGL kernel: [    0.548131] 00:05: ttyS0 at I/O 0x3f8 (irq = 4, base_baud = 115200) is a 16550A
2023-02-03T09:32:07.655652-05:00 KALIFORNIAGL kernel: [    0.549160] Linux agpgart interface v0.103
2023-02-03T09:32:07.655653-05:00 KALIFORNIAGL kernel: [    0.549202] AMD-Vi: AMD IOMMUv2 functionality not available on this system - This is not a bug.
2023-02-03T09:32:07.655653-05:00 KALIFORNIAGL kernel: [    0.549509] i8042: PNP: No PS/2 controller found.
2023-02-03T09:32:07.655654-05:00 KALIFORNIAGL kernel: [    0.549537] mousedev: PS/2 mouse device common for all mice
2023-02-03T09:32:07.655654-05:00 KALIFORNIAGL kernel: [    0.549554] rtc_cmos 00:02: RTC can wake from S4
2023-02-03T09:32:07.655654-05:00 KALIFORNIAGL kernel: [    0.549763] rtc_cmos 00:02: registered as rtc0
2023-02-03T09:32:07.655655-05:00 KALIFORNIAGL kernel: [    0.549793] rtc_cmos 00:02: setting system clock to 2023-02-03T09:32:01 UTC (1675416721)
2023-02-03T09:32:07.655657-05:00 KALIFORNIAGL kernel: [    0.549804] rtc_cmos 00:02: alarms up to one month, y3k, 242 bytes nvram, hpet irqs
2023-02-03T09:32:07.655657-05:00 KALIFORNIAGL kernel: [    0.549958] intel_pstate: Intel P-state driver initializing
2023-02-03T09:32:07.655657-05:00 KALIFORNIAGL kernel: [    0.550322] ledtrig-cpu: registered to indicate activity on CPUs
2023-02-03T09:32:07.655658-05:00 KALIFORNIAGL kernel: [    0.571503] NET: Registered PF_INET6 protocol family
2023-02-03T09:32:07.655658-05:00 KALIFORNIAGL kernel: [    0.575088] Segment Routing with IPv6
2023-02-03T09:32:07.655658-05:00 KALIFORNIAGL kernel: [    0.575096] In-situ OAM (IOAM) with IPv6
2023-02-03T09:32:07.655660-05:00 KALIFORNIAGL kernel: [    0.575111] mip6: Mobile IPv6
2023-02-03T09:32:07.655661-05:00 KALIFORNIAGL kernel: [    0.575112] NET: Registered PF_PACKET protocol family
2023-02-03T09:32:07.655661-05:00 KALIFORNIAGL kernel: [    0.575162] mpls_gso: MPLS GSO support
2023-02-03T09:32:07.655661-05:00 KALIFORNIAGL kernel: [    0.575628] microcode: sig=0x306c3, pf=0x2, revision=0x28
2023-02-03T09:32:07.655662-05:00 KALIFORNIAGL kernel: [    0.575682] microcode: Microcode Update Driver: v2.2.
2023-02-03T09:32:07.655662-05:00 KALIFORNIAGL kernel: [    0.575687] IPI shorthand broadcast: enabled
2023-02-03T09:32:07.655662-05:00 KALIFORNIAGL kernel: [    0.575719] sched_clock: Marking stable (571416557, 4132036)->(585626392, -10077799)
2023-02-03T09:32:07.655664-05:00 KALIFORNIAGL kernel: [    0.575994] registered taskstats version 1
2023-02-03T09:32:07.655665-05:00 KALIFORNIAGL kernel: [    0.575998] Loading compiled-in X.509 certificates
2023-02-03T09:32:07.655665-05:00 KALIFORNIAGL kernel: [    0.627016] Loaded X.509 cert 'Debian Secure Boot CA: 6ccece7e4c6c0d1f6149f3dd27dfcc5cbb419ea1'
2023-02-03T09:32:07.655666-05:00 KALIFORNIAGL kernel: [    0.627028] Loaded X.509 cert 'Debian Secure Boot Signer 2022 - linux: 14011249c2675ea8e5148542202005810584b25f'
2023-02-03T09:32:07.655666-05:00 KALIFORNIAGL kernel: [    0.627477] zswap: loaded using pool lzo/zbud
2023-02-03T09:32:07.655666-05:00 KALIFORNIAGL kernel: [    0.627783] Key type .fscrypt registered
2023-02-03T09:32:07.655668-05:00 KALIFORNIAGL kernel: [    0.627784] Key type fscrypt-provisioning registered
2023-02-03T09:32:07.655669-05:00 KALIFORNIAGL kernel: [    0.630884] Key type encrypted registered
2023-02-03T09:32:07.655669-05:00 KALIFORNIAGL kernel: [    0.630886] AppArmor: AppArmor sha1 policy hashing enabled
2023-02-03T09:32:07.655669-05:00 KALIFORNIAGL kernel: [    0.630900] ima: No TPM chip found, activating TPM-bypass!
2023-02-03T09:32:07.655670-05:00 KALIFORNIAGL kernel: [    0.630903] ima: Allocated hash algorithm: sha256
2023-02-03T09:32:07.655670-05:00 KALIFORNIAGL kernel: [    0.630909] ima: No architecture policies found
2023-02-03T09:32:07.655672-05:00 KALIFORNIAGL kernel: [    0.630914] evm: Initialising EVM extended attributes:
2023-02-03T09:32:07.655672-05:00 KALIFORNIAGL kernel: [    0.630914] evm: security.selinux
2023-02-03T09:32:07.655673-05:00 KALIFORNIAGL kernel: [    0.630915] evm: security.SMACK64 (disabled)
2023-02-03T09:32:07.655673-05:00 KALIFORNIAGL kernel: [    0.630915] evm: security.SMACK64EXEC (disabled)
2023-02-03T09:32:07.655673-05:00 KALIFORNIAGL kernel: [    0.630916] evm: security.SMACK64TRANSMUTE (disabled)
2023-02-03T09:32:07.655674-05:00 KALIFORNIAGL kernel: [    0.630916] evm: security.SMACK64MMAP (disabled)
2023-02-03T09:32:07.655674-05:00 KALIFORNIAGL kernel: [    0.630917] evm: security.apparmor
2023-02-03T09:32:07.655676-05:00 KALIFORNIAGL kernel: [    0.630917] evm: security.ima
2023-02-03T09:32:07.655677-05:00 KALIFORNIAGL kernel: [    0.630918] evm: security.capability
2023-02-03T09:32:07.655677-05:00 KALIFORNIAGL kernel: [    0.630918] evm: HMAC attrs: 0x1
2023-02-03T09:32:07.655677-05:00 KALIFORNIAGL kernel: [    0.694750] Freeing unused decrypted memory: 2036K
2023-02-03T09:32:07.655678-05:00 KALIFORNIAGL kernel: [    0.695034] Freeing unused kernel image (initmem) memory: 2716K
2023-02-03T09:32:07.655678-05:00 KALIFORNIAGL kernel: [    0.709593] Write protecting the kernel read-only data: 30720k
2023-02-03T09:32:07.655680-05:00 KALIFORNIAGL kernel: [    0.710071] Freeing unused kernel image (text/rodata gap) memory: 2040K
2023-02-03T09:32:07.655680-05:00 KALIFORNIAGL kernel: [    0.710220] Freeing unused kernel image (rodata/data gap) memory: 412K
2023-02-03T09:32:07.655681-05:00 KALIFORNIAGL kernel: [    0.741212] x86/mm: Checked W+X mappings: passed, no W+X pages found.
2023-02-03T09:32:07.655681-05:00 KALIFORNIAGL kernel: [    0.741213] x86/mm: Checking user space page tables
2023-02-03T09:32:07.655681-05:00 KALIFORNIAGL kernel: [    0.770375] x86/mm: Checked W+X mappings: passed, no W+X pages found.
2023-02-03T09:32:07.655682-05:00 KALIFORNIAGL kernel: [    0.770377] Run /init as init process
2023-02-03T09:32:07.655685-05:00 KALIFORNIAGL kernel: [    0.770378]   with arguments:
2023-02-03T09:32:07.655685-05:00 KALIFORNIAGL kernel: [    0.770379]     /init
2023-02-03T09:32:07.655685-05:00 KALIFORNIAGL kernel: [    0.770379]     splash
2023-02-03T09:32:07.655686-05:00 KALIFORNIAGL kernel: [    0.770380]   with environment:
2023-02-03T09:32:07.655686-05:00 KALIFORNIAGL kernel: [    0.770380]     HOME=/
