2023-02-03T12:32:49.701305-05:00 KALIFORNIAGL systemd-modules-load[449]: Inserted module 'lp'
2023-02-03T12:32:49.701624-05:00 KALIFORNIAGL systemd-modules-load[449]: Inserted module 'ppdev'
2023-02-03T12:32:49.701635-05:00 KALIFORNIAGL systemd-modules-load[449]: Inserted module 'parport_pc'
2023-02-03T12:32:49.701640-05:00 KALIFORNIAGL systemd[1]: Starting Flush Journal to Persistent Storage...
2023-02-03T12:32:49.701644-05:00 KALIFORNIAGL mtp-probe: checking bus 2, device 3: "/sys/devices/pci0000:00/0000:00:14.0/usb2/2-3"
2023-02-03T12:32:49.701648-05:00 KALIFORNIAGL systemd[1]: Finished Coldplug All udev Devices.
2023-02-03T12:32:49.701651-05:00 KALIFORNIAGL mtp-probe: checking bus 2, device 6: "/sys/devices/pci0000:00/0000:00:14.0/usb2/2-9"
2023-02-03T12:32:49.701655-05:00 KALIFORNIAGL systemd[1]: Starting Helper to synchronize boot up for ifupdown...
2023-02-03T12:32:49.701662-05:00 KALIFORNIAGL mtp-probe: checking bus 2, device 4: "/sys/devices/pci0000:00/0000:00:14.0/usb2/2-4"
2023-02-03T12:32:49.701665-05:00 KALIFORNIAGL systemd[1]: Finished Helper to synchronize boot up for ifupdown.
2023-02-03T12:32:49.701668-05:00 KALIFORNIAGL mtp-probe: checking bus 2, device 2: "/sys/devices/pci0000:00/0000:00:14.0/usb2/2-2"
2023-02-03T12:32:49.701672-05:00 KALIFORNIAGL systemd[1]: Finished Create Static Device Nodes in /dev.
2023-02-03T12:32:49.701675-05:00 KALIFORNIAGL mtp-probe: checking bus 4, device 2: "/sys/devices/pci0000:00/0000:00:14.0/usb4/4-6"
2023-02-03T12:32:49.701679-05:00 KALIFORNIAGL systemd[1]: Reached target Preparation for Local File Systems.
2023-02-03T12:32:49.701685-05:00 KALIFORNIAGL mtp-probe: checking bus 2, device 7: "/sys/devices/pci0000:00/0000:00:14.0/usb2/2-13"
2023-02-03T12:32:49.701685-05:00 KALIFORNIAGL kernel: [    0.000000] microcode: microcode updated early to revision 0x28, date = 2019-11-12
2023-02-03T12:32:49.701690-05:00 KALIFORNIAGL systemd[1]: Starting Rule-based Manager for Device Events and Files...
2023-02-03T12:32:49.701691-05:00 KALIFORNIAGL kernel: [    0.000000] Linux version 6.0.0-kali6-amd64 (devel@kali.org) (gcc-12 (Debian 12.2.0-10) 12.2.0, GNU ld (GNU Binutils for Debian) 2.39.50.20221208) #1 SMP PREEMPT_DYNAMIC Debian 6.0.12-1kali1 (2022-12-19)
2023-02-03T12:32:49.701693-05:00 KALIFORNIAGL kernel: [    0.000000] Command line: BOOT_IMAGE=/boot/vmlinuz-6.0.0-kali6-amd64 root=UUID=c7c3c9f5-90dc-438b-b95b-9c1f2a01b803 ro quiet splash
2023-02-03T12:32:49.701694-05:00 KALIFORNIAGL kernel: [    0.000000] x86/fpu: Supporting XSAVE feature 0x001: 'x87 floating point registers'
2023-02-03T12:32:49.701694-05:00 KALIFORNIAGL kernel: [    0.000000] x86/fpu: Supporting XSAVE feature 0x002: 'SSE registers'
2023-02-03T12:32:49.701695-05:00 KALIFORNIAGL kernel: [    0.000000] x86/fpu: Supporting XSAVE feature 0x004: 'AVX registers'
2023-02-03T12:32:49.701696-05:00 KALIFORNIAGL kernel: [    0.000000] x86/fpu: xstate_offset[2]:  576, xstate_sizes[2]:  256
2023-02-03T12:32:49.701694-05:00 KALIFORNIAGL mtp-probe: checking bus 2, device 5: "/sys/devices/pci0000:00/0000:00:14.0/usb2/2-6"
2023-02-03T12:32:49.701698-05:00 KALIFORNIAGL kernel: [    0.000000] x86/fpu: Enabled xstate features 0x7, context size is 832 bytes, using 'standard' format.
2023-02-03T12:32:49.701699-05:00 KALIFORNIAGL kernel: [    0.000000] signal: max sigframe size: 1776
2023-02-03T12:32:49.701699-05:00 KALIFORNIAGL kernel: [    0.000000] BIOS-provided physical RAM map:
2023-02-03T12:32:49.701700-05:00 KALIFORNIAGL kernel: [    0.000000] BIOS-e820: [mem 0x0000000000000000-0x000000000009d7ff] usable
2023-02-03T12:32:49.701698-05:00 KALIFORNIAGL systemd-udevd[473]: Using default interface naming scheme 'v252'.
2023-02-03T12:32:49.701701-05:00 KALIFORNIAGL kernel: [    0.000000] BIOS-e820: [mem 0x000000000009d800-0x000000000009ffff] reserved
2023-02-03T12:32:49.701701-05:00 KALIFORNIAGL kernel: [    0.000000] BIOS-e820: [mem 0x00000000000e0000-0x00000000000fffff] reserved
2023-02-03T12:32:49.701703-05:00 KALIFORNIAGL kernel: [    0.000000] BIOS-e820: [mem 0x0000000000100000-0x00000000cb8e5fff] usable
2023-02-03T12:32:49.701704-05:00 KALIFORNIAGL kernel: [    0.000000] BIOS-e820: [mem 0x00000000cb8e6000-0x00000000cb8ecfff] ACPI NVS
2023-02-03T12:32:49.701705-05:00 KALIFORNIAGL kernel: [    0.000000] BIOS-e820: [mem 0x00000000cb8ed000-0x00000000cbd34fff] usable
2023-02-03T12:32:49.701702-05:00 KALIFORNIAGL mtp-probe: bus: 2, device: 5 was not an MTP device
2023-02-03T12:32:49.701705-05:00 KALIFORNIAGL kernel: [    0.000000] BIOS-e820: [mem 0x00000000cbd35000-0x00000000cc345fff] reserved
2023-02-03T12:32:49.701706-05:00 KALIFORNIAGL kernel: [    0.000000] BIOS-e820: [mem 0x00000000cc346000-0x00000000dd866fff] usable
2023-02-03T12:32:49.701706-05:00 KALIFORNIAGL kernel: [    0.000000] BIOS-e820: [mem 0x00000000dd867000-0x00000000dd8f8fff] reserved
2023-02-03T12:32:49.701707-05:00 KALIFORNIAGL kernel: [    0.000000] BIOS-e820: [mem 0x00000000dd8f9000-0x00000000dd959fff] usable
2023-02-03T12:32:49.701709-05:00 KALIFORNIAGL kernel: [    0.000000] BIOS-e820: [mem 0x00000000dd95a000-0x00000000dda98fff] ACPI NVS
2023-02-03T12:32:49.701709-05:00 KALIFORNIAGL kernel: [    0.000000] BIOS-e820: [mem 0x00000000dda99000-0x00000000deffefff] reserved
2023-02-03T12:32:49.701710-05:00 KALIFORNIAGL kernel: [    0.000000] BIOS-e820: [mem 0x00000000defff000-0x00000000deffffff] usable
2023-02-03T12:32:49.701710-05:00 KALIFORNIAGL kernel: [    0.000000] BIOS-e820: [mem 0x00000000f8000000-0x00000000fbffffff] reserved
2023-02-03T12:32:49.701707-05:00 KALIFORNIAGL systemd-modules-load[449]: Inserted module 'nvidia_drm'
2023-02-03T12:32:49.701711-05:00 KALIFORNIAGL kernel: [    0.000000] BIOS-e820: [mem 0x00000000fec00000-0x00000000fec00fff] reserved
2023-02-03T12:32:49.701711-05:00 KALIFORNIAGL kernel: [    0.000000] BIOS-e820: [mem 0x00000000fed00000-0x00000000fed03fff] reserved
2023-02-03T12:32:49.701714-05:00 KALIFORNIAGL kernel: [    0.000000] BIOS-e820: [mem 0x00000000fed1c000-0x00000000fed1ffff] reserved
2023-02-03T12:32:49.701714-05:00 KALIFORNIAGL kernel: [    0.000000] BIOS-e820: [mem 0x00000000fee00000-0x00000000fee00fff] reserved
2023-02-03T12:32:49.701713-05:00 KALIFORNIAGL mtp-probe: bus: 2, device: 4 was not an MTP device
2023-02-03T12:32:49.701714-05:00 KALIFORNIAGL kernel: [    0.000000] BIOS-e820: [mem 0x00000000ff000000-0x00000000ffffffff] reserved
2023-02-03T12:32:49.701716-05:00 KALIFORNIAGL kernel: [    0.000000] BIOS-e820: [mem 0x0000000100000000-0x000000041effffff] usable
2023-02-03T12:32:49.701717-05:00 KALIFORNIAGL kernel: [    0.000000] NX (Execute Disable) protection: active
2023-02-03T12:32:49.701717-05:00 KALIFORNIAGL kernel: [    0.000000] SMBIOS 2.8 present.
2023-02-03T12:32:49.701717-05:00 KALIFORNIAGL systemd[1]: Finished Load Kernel Modules.
2023-02-03T12:32:49.701718-05:00 KALIFORNIAGL kernel: [    0.000000] DMI: MSI MS-7930/Z97S SLI PLUS (MS-7930), BIOS V1.0 04/28/2014
2023-02-03T12:32:49.701722-05:00 KALIFORNIAGL kernel: [    0.000000] tsc: Fast TSC calibration using PIT
2023-02-03T12:32:49.701722-05:00 KALIFORNIAGL kernel: [    0.000000] tsc: Detected 4000.410 MHz processor
2023-02-03T12:32:49.701721-05:00 KALIFORNIAGL mtp-probe: bus: 2, device: 7 was not an MTP device
2023-02-03T12:32:49.701723-05:00 KALIFORNIAGL kernel: [    0.000572] e820: update [mem 0x00000000-0x00000fff] usable ==> reserved
2023-02-03T12:32:49.701723-05:00 KALIFORNIAGL kernel: [    0.000574] e820: remove [mem 0x000a0000-0x000fffff] usable
2023-02-03T12:32:49.701724-05:00 KALIFORNIAGL kernel: [    0.000580] last_pfn = 0x41f000 max_arch_pfn = 0x400000000
2023-02-03T12:32:49.701724-05:00 KALIFORNIAGL kernel: [    0.000661] x86/PAT: Configuration [0-7]: WB  WC  UC- UC  WB  WP  UC- WT  
2023-02-03T12:32:49.701724-05:00 KALIFORNIAGL systemd-udevd[500]: event_source: Failed to get device name: No such file or directory
2023-02-03T12:32:49.701726-05:00 KALIFORNIAGL kernel: [    0.001050] e820: update [mem 0xe0000000-0xffffffff] usable ==> reserved
2023-02-03T12:32:49.701727-05:00 KALIFORNIAGL kernel: [    0.001054] last_pfn = 0xdf000 max_arch_pfn = 0x400000000
2023-02-03T12:32:49.701728-05:00 KALIFORNIAGL kernel: [    0.006602] found SMP MP-table at [mem 0x000fd8f0-0x000fd8ff]
2023-02-03T12:32:49.701728-05:00 KALIFORNIAGL kernel: [    0.006613] Using GB pages for direct mapping
2023-02-03T12:32:49.701728-05:00 KALIFORNIAGL mtp-probe: bus: 2, device: 6 was not an MTP device
2023-02-03T12:32:49.701729-05:00 KALIFORNIAGL kernel: [    0.007114] RAMDISK: [mem 0x2e7fd000-0x333f5fff]
2023-02-03T12:32:49.701730-05:00 KALIFORNIAGL kernel: [    0.007117] ACPI: Early table checksum verification disabled
2023-02-03T12:32:49.701732-05:00 KALIFORNIAGL kernel: [    0.007119] ACPI: RSDP 0x00000000000F04A0 000024 (v02 ALASKA)
2023-02-03T12:32:49.701733-05:00 KALIFORNIAGL kernel: [    0.007122] ACPI: XSDT 0x00000000DDA62088 00008C (v01 ALASKA A M I    01072009 AMI  00010013)
2023-02-03T12:32:49.701734-05:00 KALIFORNIAGL kernel: [    0.007125] ACPI: FACP 0x00000000DDA74970 00010C (v05 ALASKA A M I    01072009 AMI  00010013)
2023-02-03T12:32:49.701734-05:00 KALIFORNIAGL kernel: [    0.007129] ACPI: DSDT 0x00000000DDA621A8 0127C6 (v02 ALASKA A M I    00000006 INTL 20120711)
2023-02-03T12:32:49.701734-05:00 KALIFORNIAGL kernel: [    0.007131] ACPI: FACS 0x00000000DDA98F80 000040
2023-02-03T12:32:49.701732-05:00 KALIFORNIAGL systemd[1]: Starting Apply Kernel Variables...
2023-02-03T12:32:49.701735-05:00 KALIFORNIAGL kernel: [    0.007133] ACPI: APIC 0x00000000DDA74A80 000092 (v03 ALASKA A M I    01072009 AMI  00010013)
2023-02-03T12:32:49.701736-05:00 KALIFORNIAGL kernel: [    0.007135] ACPI: FPDT 0x00000000DDA74B18 000044 (v01 ALASKA A M I    01072009 AMI  00010013)
2023-02-03T12:32:49.701738-05:00 KALIFORNIAGL kernel: [    0.007137] ACPI: ASF! 0x00000000DDA74B60 0000A5 (v32 INTEL   HCG     00000001 TFSM 000F4240)
2023-02-03T12:32:49.701739-05:00 KALIFORNIAGL kernel: [    0.007139] ACPI: SSDT 0x00000000DDA74C08 000BEE (v01 Ther_R Ther_Rvp 00001000 INTL 20120711)
2023-02-03T12:32:49.701738-05:00 KALIFORNIAGL mtp-probe: bus: 4, device: 2 was not an MTP device
2023-02-03T12:32:49.701740-05:00 KALIFORNIAGL kernel: [    0.007142] ACPI: SSDT 0x00000000DDA757F8 000539 (v01 PmRef  Cpu0Ist  00003000 INTL 20051117)
2023-02-03T12:32:49.701741-05:00 KALIFORNIAGL kernel: [    0.007144] ACPI: SSDT 0x00000000DDA75D38 000B74 (v01 CpuRef CpuSsdt  00003000 INTL 20051117)
2023-02-03T12:32:49.701742-05:00 KALIFORNIAGL kernel: [    0.007146] ACPI: MCFG 0x00000000DDA768B0 00003C (v01 ALASKA A M I    01072009 MSFT 00000097)
2023-02-03T12:32:49.701742-05:00 KALIFORNIAGL kernel: [    0.007148] ACPI: HPET 0x00000000DDA768F0 000038 (v01 ALASKA A M I    01072009 AMI. 00000005)
2023-02-03T12:32:49.701742-05:00 KALIFORNIAGL systemd[1]: Started Rule-based Manager for Device Events and Files.
2023-02-03T12:32:49.701744-05:00 KALIFORNIAGL kernel: [    0.007150] ACPI: SSDT 0x00000000DDA76928 00036D (v01 SataRe SataTabl 00001000 INTL 20120711)
2023-02-03T12:32:49.701745-05:00 KALIFORNIAGL kernel: [    0.007152] ACPI: SSDT 0x00000000DDA76C98 005B5E (v01 SaSsdt SaSsdt   00003000 INTL 20120711)
2023-02-03T12:32:49.701745-05:00 KALIFORNIAGL kernel: [    0.007154] ACPI: DMAR 0x00000000DDA7C7F8 000080 (v01 INTEL  BDW      00000001 INTL 00000001)
2023-02-03T12:32:49.701746-05:00 KALIFORNIAGL kernel: [    0.007156] ACPI: SSDT 0x00000000DDA7C878 000579 (v01 Intel_ IsctTabl 00001000 INTL 20120711)
2023-02-03T12:32:49.701747-05:00 KALIFORNIAGL kernel: [    0.007158] ACPI: Reserving FACP table memory at [mem 0xdda74970-0xdda74a7b]
2023-02-03T12:32:49.701747-05:00 KALIFORNIAGL kernel: [    0.007159] ACPI: Reserving DSDT table memory at [mem 0xdda621a8-0xdda7496d]
2023-02-03T12:32:49.701745-05:00 KALIFORNIAGL mtp-probe: bus: 2, device: 3 was not an MTP device
2023-02-03T12:32:49.701748-05:00 KALIFORNIAGL kernel: [    0.007159] ACPI: Reserving FACS table memory at [mem 0xdda98f80-0xdda98fbf]
2023-02-03T12:32:49.701756-05:00 KALIFORNIAGL systemd[1]: Starting Show Plymouth Boot Screen...
2023-02-03T12:32:49.701759-05:00 KALIFORNIAGL kernel: [    0.007160] ACPI: Reserving APIC table memory at [mem 0xdda74a80-0xdda74b11]
2023-02-03T12:32:49.701760-05:00 KALIFORNIAGL kernel: [    0.007161] ACPI: Reserving FPDT table memory at [mem 0xdda74b18-0xdda74b5b]
2023-02-03T12:32:49.701761-05:00 KALIFORNIAGL kernel: [    0.007161] ACPI: Reserving ASF! table memory at [mem 0xdda74b60-0xdda74c04]
2023-02-03T12:32:49.701759-05:00 KALIFORNIAGL mtp-probe: bus: 2, device: 2 was not an MTP device
2023-02-03T12:32:49.701761-05:00 KALIFORNIAGL kernel: [    0.007162] ACPI: Reserving SSDT table memory at [mem 0xdda74c08-0xdda757f5]
2023-02-03T12:32:49.701762-05:00 KALIFORNIAGL kernel: [    0.007162] ACPI: Reserving SSDT table memory at [mem 0xdda757f8-0xdda75d30]
2023-02-03T12:32:49.701762-05:00 KALIFORNIAGL kernel: [    0.007163] ACPI: Reserving SSDT table memory at [mem 0xdda75d38-0xdda768ab]
2023-02-03T12:32:49.701764-05:00 KALIFORNIAGL kernel: [    0.007164] ACPI: Reserving MCFG table memory at [mem 0xdda768b0-0xdda768eb]
2023-02-03T12:32:49.701765-05:00 KALIFORNIAGL kernel: [    0.007164] ACPI: Reserving HPET table memory at [mem 0xdda768f0-0xdda76927]
2023-02-03T12:32:49.701765-05:00 KALIFORNIAGL kernel: [    0.007165] ACPI: Reserving SSDT table memory at [mem 0xdda76928-0xdda76c94]
2023-02-03T12:32:49.701766-05:00 KALIFORNIAGL kernel: [    0.007165] ACPI: Reserving SSDT table memory at [mem 0xdda76c98-0xdda7c7f5]
2023-02-03T12:32:49.701766-05:00 KALIFORNIAGL kernel: [    0.007166] ACPI: Reserving DMAR table memory at [mem 0xdda7c7f8-0xdda7c877]
2023-02-03T12:32:49.701766-05:00 KALIFORNIAGL kernel: [    0.007166] ACPI: Reserving SSDT table memory at [mem 0xdda7c878-0xdda7cdf0]
2023-02-03T12:32:49.701763-05:00 KALIFORNIAGL systemd[1]: Finished Apply Kernel Variables.
2023-02-03T12:32:49.701768-05:00 KALIFORNIAGL kernel: [    0.007206] No NUMA configuration found
2023-02-03T12:32:49.701769-05:00 KALIFORNIAGL kernel: [    0.007207] Faking a node at [mem 0x0000000000000000-0x000000041effffff]
2023-02-03T12:32:49.701769-05:00 KALIFORNIAGL kernel: [    0.007214] NODE_DATA(0) allocated [mem 0x41efd5000-0x41effffff]
2023-02-03T12:32:49.701770-05:00 KALIFORNIAGL kernel: [    0.007437] Zone ranges:
2023-02-03T12:32:49.701770-05:00 KALIFORNIAGL kernel: [    0.007437]   DMA      [mem 0x0000000000001000-0x0000000000ffffff]
2023-02-03T12:32:49.701769-05:00 KALIFORNIAGL systemd[1]: Finished Flush Journal to Persistent Storage.
2023-02-03T12:32:49.701771-05:00 KALIFORNIAGL kernel: [    0.007438]   DMA32    [mem 0x0000000001000000-0x00000000ffffffff]
2023-02-03T12:32:49.701771-05:00 KALIFORNIAGL kernel: [    0.007440]   Normal   [mem 0x0000000100000000-0x000000041effffff]
2023-02-03T12:32:49.701773-05:00 KALIFORNIAGL kernel: [    0.007441]   Device   empty
2023-02-03T12:32:49.701774-05:00 KALIFORNIAGL kernel: [    0.007441] Movable zone start for each node
2023-02-03T12:32:49.701773-05:00 KALIFORNIAGL systemd[1]: Started Show Plymouth Boot Screen.
2023-02-03T12:32:49.701774-05:00 KALIFORNIAGL kernel: [    0.007443] Early memory node ranges
2023-02-03T12:32:49.701776-05:00 KALIFORNIAGL kernel: [    0.007444]   node   0: [mem 0x0000000000001000-0x000000000009cfff]
2023-02-03T12:32:49.701776-05:00 KALIFORNIAGL kernel: [    0.007445]   node   0: [mem 0x0000000000100000-0x00000000cb8e5fff]
2023-02-03T12:32:49.701777-05:00 KALIFORNIAGL kernel: [    0.007445]   node   0: [mem 0x00000000cb8ed000-0x00000000cbd34fff]
2023-02-03T12:32:49.701777-05:00 KALIFORNIAGL systemd[1]: Dispatch Password Requests to Console Directory Watch was skipped because of an unmet condition check (ConditionPathExists=!/run/plymouth/pid).
2023-02-03T12:32:49.701779-05:00 KALIFORNIAGL kernel: [    0.007446]   node   0: [mem 0x00000000cc346000-0x00000000dd866fff]
2023-02-03T12:32:49.701779-05:00 KALIFORNIAGL kernel: [    0.007447]   node   0: [mem 0x00000000dd8f9000-0x00000000dd959fff]
2023-02-03T12:32:49.701780-05:00 KALIFORNIAGL kernel: [    0.007447]   node   0: [mem 0x00000000defff000-0x00000000deffffff]
2023-02-03T12:32:49.701780-05:00 KALIFORNIAGL kernel: [    0.007448]   node   0: [mem 0x0000000100000000-0x000000041effffff]
2023-02-03T12:32:49.701781-05:00 KALIFORNIAGL kernel: [    0.007449] Initmem setup node 0 [mem 0x0000000000001000-0x000000041effffff]
2023-02-03T12:32:49.701781-05:00 KALIFORNIAGL kernel: [    0.007452] On node 0, zone DMA: 1 pages in unavailable ranges
2023-02-03T12:32:49.701782-05:00 KALIFORNIAGL kernel: [    0.007478] On node 0, zone DMA: 99 pages in unavailable ranges
2023-02-03T12:32:49.701780-05:00 KALIFORNIAGL systemd[1]: Started Forward Password Requests to Plymouth Directory Watch.
2023-02-03T12:32:49.701784-05:00 KALIFORNIAGL kernel: [    0.013102] On node 0, zone DMA32: 7 pages in unavailable ranges
2023-02-03T12:32:49.701784-05:00 KALIFORNIAGL kernel: [    0.013640] On node 0, zone DMA32: 1553 pages in unavailable ranges
2023-02-03T12:32:49.701785-05:00 KALIFORNIAGL kernel: [    0.013642] On node 0, zone DMA32: 146 pages in unavailable ranges
2023-02-03T12:32:49.701785-05:00 KALIFORNIAGL kernel: [    0.013688] On node 0, zone DMA32: 5797 pages in unavailable ranges
2023-02-03T12:32:49.701786-05:00 KALIFORNIAGL kernel: [    0.013964] On node 0, zone Normal: 4096 pages in unavailable ranges
2023-02-03T12:32:49.701785-05:00 KALIFORNIAGL systemd[1]: Reached target Local Encrypted Volumes.
2023-02-03T12:32:49.701788-05:00 KALIFORNIAGL systemd[1]: Listening on Load/Save RF Kill Switch Status /dev/rfkill Watch.
2023-02-03T12:32:49.701794-05:00 KALIFORNIAGL systemd[1]: Found device KINGSTON_SA400S37480G 3.
2023-02-03T12:32:49.701797-05:00 KALIFORNIAGL systemd[1]: Activating swap /dev/disk/by-uuid/422714ea-fe6a-4a8a-b38a-fb143c14737d...
2023-02-03T12:32:49.701801-05:00 KALIFORNIAGL systemd[1]: Activated swap /dev/disk/by-uuid/422714ea-fe6a-4a8a-b38a-fb143c14737d.
2023-02-03T12:32:49.701804-05:00 KALIFORNIAGL systemd[1]: Dispatch Password Requests to Console Directory Watch was skipped because of an unmet condition check (ConditionPathExists=!/run/plymouth/pid).
2023-02-03T12:32:49.701807-05:00 KALIFORNIAGL systemd[1]: Reached target Swaps.
2023-02-03T12:32:49.701811-05:00 KALIFORNIAGL systemd[1]: Starting Load Kernel Module efi_pstore...
2023-02-03T12:32:49.701816-05:00 KALIFORNIAGL systemd[1]: First Boot Wizard was skipped because of an unmet condition check (ConditionFirstBoot=yes).
2023-02-03T12:32:49.701819-05:00 KALIFORNIAGL systemd[1]: First Boot Complete was skipped because of an unmet condition check (ConditionFirstBoot=yes).
2023-02-03T12:32:49.701823-05:00 KALIFORNIAGL systemd[1]: File System Check on Root Device was skipped because of an unmet condition check (ConditionPathExists=!/run/initramfs/fsck-root).
2023-02-03T12:32:49.701826-05:00 KALIFORNIAGL systemd[1]: Repartition Root Disk was skipped because no trigger condition checks were met.
2023-02-03T12:32:49.701829-05:00 KALIFORNIAGL systemd[1]: modprobe@efi_pstore.service: Deactivated successfully.
2023-02-03T12:32:49.701832-05:00 KALIFORNIAGL systemd[1]: Finished Load Kernel Module efi_pstore.
2023-02-03T12:32:49.701841-05:00 KALIFORNIAGL systemd[1]: Platform Persistent Storage Archival was skipped because of an unmet condition check (ConditionDirectoryNotEmpty=/sys/fs/pstore).
2023-02-03T12:32:49.701845-05:00 KALIFORNIAGL systemd[1]: Starting Load/Save RF Kill Switch Status...
2023-02-03T12:32:49.701848-05:00 KALIFORNIAGL systemd[1]: Started Load/Save RF Kill Switch Status.
2023-02-03T12:32:49.701850-05:00 KALIFORNIAGL kernel: [    0.013994] On node 0, zone Normal: 4096 pages in unavailable ranges
2023-02-03T12:32:49.701851-05:00 KALIFORNIAGL systemd[1]: Mounting Mount unit for core, revision 10577...
2023-02-03T12:32:49.701853-05:00 KALIFORNIAGL kernel: [    0.014073] ACPI: PM-Timer IO Port: 0x1808
2023-02-03T12:32:49.701854-05:00 KALIFORNIAGL kernel: [    0.014078] ACPI: LAPIC_NMI (acpi_id[0xff] high edge lint[0x1])
2023-02-03T12:32:49.701855-05:00 KALIFORNIAGL kernel: [    0.014087] IOAPIC[0]: apic_id 8, version 32, address 0xfec00000, GSI 0-23
2023-02-03T12:32:49.701855-05:00 KALIFORNIAGL kernel: [    0.014089] ACPI: INT_SRC_OVR (bus 0 bus_irq 0 global_irq 2 dfl dfl)
2023-02-03T12:32:49.701856-05:00 KALIFORNIAGL kernel: [    0.014091] ACPI: INT_SRC_OVR (bus 0 bus_irq 9 global_irq 9 high level)
2023-02-03T12:32:49.701855-05:00 KALIFORNIAGL systemd[1]: Mounting Mount unit for core18, revision 1944...
2023-02-03T12:32:49.701857-05:00 KALIFORNIAGL kernel: [    0.014093] ACPI: Using ACPI (MADT) for SMP configuration information
2023-02-03T12:32:49.701859-05:00 KALIFORNIAGL kernel: [    0.014094] ACPI: HPET id: 0x8086a701 base: 0xfed00000
2023-02-03T12:32:49.701860-05:00 KALIFORNIAGL kernel: [    0.014097] TSC deadline timer available
2023-02-03T12:32:49.701860-05:00 KALIFORNIAGL kernel: [    0.014098] smpboot: Allowing 8 CPUs, 0 hotplug CPUs
2023-02-03T12:32:49.701861-05:00 KALIFORNIAGL kernel: [    0.014110] PM: hibernation: Registered nosave memory: [mem 0x00000000-0x00000fff]
2023-02-03T12:32:49.701862-05:00 KALIFORNIAGL kernel: [    0.014112] PM: hibernation: Registered nosave memory: [mem 0x0009d000-0x0009dfff]
2023-02-03T12:32:49.701862-05:00 KALIFORNIAGL kernel: [    0.014112] PM: hibernation: Registered nosave memory: [mem 0x0009e000-0x0009ffff]
2023-02-03T12:32:49.701863-05:00 KALIFORNIAGL kernel: [    0.014113] PM: hibernation: Registered nosave memory: [mem 0x000a0000-0x000dffff]
2023-02-03T12:32:49.701859-05:00 KALIFORNIAGL systemd[1]: Virtual Machine and Container Storage (Compatibility) was skipped because of an unmet condition check (ConditionPathExists=/var/lib/machines.raw).
2023-02-03T12:32:49.701864-05:00 KALIFORNIAGL kernel: [    0.014113] PM: hibernation: Registered nosave memory: [mem 0x000e0000-0x000fffff]
2023-02-03T12:32:49.701865-05:00 KALIFORNIAGL kernel: [    0.014114] PM: hibernation: Registered nosave memory: [mem 0xcb8e6000-0xcb8ecfff]
2023-02-03T12:32:49.701866-05:00 KALIFORNIAGL kernel: [    0.014115] PM: hibernation: Registered nosave memory: [mem 0xcbd35000-0xcc345fff]
2023-02-03T12:32:49.701866-05:00 KALIFORNIAGL kernel: [    0.014117] PM: hibernation: Registered nosave memory: [mem 0xdd867000-0xdd8f8fff]
2023-02-03T12:32:49.701867-05:00 KALIFORNIAGL kernel: [    0.014118] PM: hibernation: Registered nosave memory: [mem 0xdd95a000-0xdda98fff]
2023-02-03T12:32:49.701866-05:00 KALIFORNIAGL systemd[1]: Reached target Containers.
2023-02-03T12:32:49.701867-05:00 KALIFORNIAGL kernel: [    0.014118] PM: hibernation: Registered nosave memory: [mem 0xdda99000-0xdeffefff]
2023-02-03T12:32:49.701871-05:00 KALIFORNIAGL kernel: [    0.014119] PM: hibernation: Registered nosave memory: [mem 0xdf000000-0xf7ffffff]
2023-02-03T12:32:49.701871-05:00 KALIFORNIAGL kernel: [    0.014120] PM: hibernation: Registered nosave memory: [mem 0xf8000000-0xfbffffff]
2023-02-03T12:32:49.701870-05:00 KALIFORNIAGL systemd[1]: Mounted Mount unit for core, revision 10577.
2023-02-03T12:32:49.701872-05:00 KALIFORNIAGL kernel: [    0.014120] PM: hibernation: Registered nosave memory: [mem 0xfc000000-0xfebfffff]
2023-02-03T12:32:49.701872-05:00 KALIFORNIAGL kernel: [    0.014121] PM: hibernation: Registered nosave memory: [mem 0xfec00000-0xfec00fff]
2023-02-03T12:32:49.701873-05:00 KALIFORNIAGL kernel: [    0.014121] PM: hibernation: Registered nosave memory: [mem 0xfec01000-0xfecfffff]
2023-02-03T12:32:49.701873-05:00 KALIFORNIAGL kernel: [    0.014122] PM: hibernation: Registered nosave memory: [mem 0xfed00000-0xfed03fff]
2023-02-03T12:32:49.701874-05:00 KALIFORNIAGL kernel: [    0.014122] PM: hibernation: Registered nosave memory: [mem 0xfed04000-0xfed1bfff]
2023-02-03T12:32:49.701873-05:00 KALIFORNIAGL systemd[1]: Mounted Mount unit for core18, revision 1944.
2023-02-03T12:32:49.701876-05:00 KALIFORNIAGL kernel: [    0.014123] PM: hibernation: Registered nosave memory: [mem 0xfed1c000-0xfed1ffff]
2023-02-03T12:32:49.701877-05:00 KALIFORNIAGL kernel: [    0.014123] PM: hibernation: Registered nosave memory: [mem 0xfed20000-0xfedfffff]
2023-02-03T12:32:49.701877-05:00 KALIFORNIAGL kernel: [    0.014124] PM: hibernation: Registered nosave memory: [mem 0xfee00000-0xfee00fff]
2023-02-03T12:32:49.701878-05:00 KALIFORNIAGL kernel: [    0.014124] PM: hibernation: Registered nosave memory: [mem 0xfee01000-0xfeffffff]
2023-02-03T12:32:49.701878-05:00 KALIFORNIAGL kernel: [    0.014125] PM: hibernation: Registered nosave memory: [mem 0xff000000-0xffffffff]
2023-02-03T12:32:49.701877-05:00 KALIFORNIAGL systemd[1]: Reached target Local File Systems.
2023-02-03T12:32:49.701879-05:00 KALIFORNIAGL kernel: [    0.014126] [mem 0xdf000000-0xf7ffffff] available for PCI devices
2023-02-03T12:32:49.701882-05:00 KALIFORNIAGL kernel: [    0.014127] Booting paravirtualized kernel on bare hardware
2023-02-03T12:32:49.701883-05:00 KALIFORNIAGL kernel: [    0.014128] clocksource: refined-jiffies: mask: 0xffffffff max_cycles: 0xffffffff, max_idle_ns: 7645519600211568 ns
2023-02-03T12:32:49.701881-05:00 KALIFORNIAGL systemd[1]: Starting Set console font and keymap...
2023-02-03T12:32:49.701883-05:00 KALIFORNIAGL kernel: [    0.016951] setup_percpu: NR_CPUS:8192 nr_cpumask_bits:8 nr_cpu_ids:8 nr_node_ids:1
2023-02-03T12:32:49.701884-05:00 KALIFORNIAGL kernel: [    0.017114] percpu: Embedded 61 pages/cpu s212992 r8192 d28672 u262144
2023-02-03T12:32:49.701885-05:00 KALIFORNIAGL kernel: [    0.017119] pcpu-alloc: s212992 r8192 d28672 u262144 alloc=1*2097152
2023-02-03T12:32:49.701885-05:00 KALIFORNIAGL kernel: [    0.017121] pcpu-alloc: [0] 0 1 2 3 4 5 6 7 
2023-02-03T12:32:49.701887-05:00 KALIFORNIAGL kernel: [    0.017141] Fallback order for Node 0: 0 
2023-02-03T12:32:49.701888-05:00 KALIFORNIAGL kernel: [    0.017143] Built 1 zonelists, mobility grouping on.  Total pages: 4113062
2023-02-03T12:32:49.701888-05:00 KALIFORNIAGL kernel: [    0.017144] Policy zone: Normal
2023-02-03T12:32:49.701889-05:00 KALIFORNIAGL kernel: [    0.017145] Kernel command line: BOOT_IMAGE=/boot/vmlinuz-6.0.0-kali6-amd64 root=UUID=c7c3c9f5-90dc-438b-b95b-9c1f2a01b803 ro quiet splash
2023-02-03T12:32:49.701885-05:00 KALIFORNIAGL systemd[1]: Starting Tell Plymouth To Write Out Runtime Data...
2023-02-03T12:32:49.701889-05:00 KALIFORNIAGL kernel: [    0.017186] Unknown kernel command line parameters "splash BOOT_IMAGE=/boot/vmlinuz-6.0.0-kali6-amd64", will be passed to user space.
2023-02-03T12:32:49.701890-05:00 KALIFORNIAGL kernel: [    0.017816] Dentry cache hash table entries: 2097152 (order: 12, 16777216 bytes, linear)
2023-02-03T12:32:49.701892-05:00 KALIFORNIAGL kernel: [    0.018150] Inode-cache hash table entries: 1048576 (order: 11, 8388608 bytes, linear)
2023-02-03T12:32:49.701893-05:00 KALIFORNIAGL kernel: [    0.018211] mem auto-init: stack:all(zero), heap alloc:on, heap free:off
2023-02-03T12:32:49.701893-05:00 KALIFORNIAGL kernel: [    0.018217] software IO TLB: area num 8.
2023-02-03T12:32:49.701891-05:00 KALIFORNIAGL systemd[1]: Starting Set Up Additional Binary Formats...
2023-02-03T12:32:49.701894-05:00 KALIFORNIAGL kernel: [    0.040186] Memory: 3610076K/16714036K available (12294K kernel code, 2265K rwdata, 15972K rodata, 2716K init, 5420K bss, 478752K reserved, 0K cma-reserved)
2023-02-03T12:32:49.701894-05:00 KALIFORNIAGL kernel: [    0.040650] SLUB: HWalign=64, Order=0-3, MinObjects=0, CPUs=8, Nodes=1
2023-02-03T12:32:49.701895-05:00 KALIFORNIAGL kernel: [    0.040670] Kernel/User page tables isolation: enabled
2023-02-03T12:32:49.701895-05:00 KALIFORNIAGL systemd[1]: Commit a transient machine-id on disk was skipped because of an unmet condition check (ConditionPathIsMountPoint=/etc/machine-id).
2023-02-03T12:32:49.701897-05:00 KALIFORNIAGL kernel: [    0.040682] ftrace: allocating 39271 entries in 154 pages
2023-02-03T12:32:49.701897-05:00 KALIFORNIAGL kernel: [    0.045642] ftrace: allocated 154 pages with 4 groups
2023-02-03T12:32:49.701898-05:00 KALIFORNIAGL kernel: [    0.046084] Dynamic Preempt: voluntary
2023-02-03T12:32:49.701899-05:00 KALIFORNIAGL kernel: [    0.046128] rcu: Preemptible hierarchical RCU implementation.
2023-02-03T12:32:49.701899-05:00 KALIFORNIAGL kernel: [    0.046128] rcu: 	RCU restricting CPUs from NR_CPUS=8192 to nr_cpu_ids=8.
2023-02-03T12:32:49.701898-05:00 KALIFORNIAGL systemd[1]: Starting Create Volatile Files and Directories...
2023-02-03T12:32:49.701899-05:00 KALIFORNIAGL kernel: [    0.046129] 	Trampoline variant of Tasks RCU enabled.
2023-02-03T12:32:49.701901-05:00 KALIFORNIAGL kernel: [    0.046130] 	Rude variant of Tasks RCU enabled.
2023-02-03T12:32:49.701902-05:00 KALIFORNIAGL systemd[1]: Finished Set console font and keymap.
2023-02-03T12:32:49.701906-05:00 KALIFORNIAGL kernel: [    0.046130] 	Tracing variant of Tasks RCU enabled.
2023-02-03T12:32:49.701905-05:00 KALIFORNIAGL systemd[1]: proc-sys-fs-binfmt_misc.automount: Got automount request for /proc/sys/fs/binfmt_misc, triggered by 1236 (systemd-binfmt)
2023-02-03T12:32:49.701907-05:00 KALIFORNIAGL kernel: [    0.046130] rcu: RCU calculated value of scheduler-enlistment delay is 25 jiffies.
2023-02-03T12:32:49.701907-05:00 KALIFORNIAGL kernel: [    0.046131] rcu: Adjusting geometry for rcu_fanout_leaf=16, nr_cpu_ids=8
2023-02-03T12:32:49.701908-05:00 KALIFORNIAGL kernel: [    0.049302] NR_IRQS: 524544, nr_irqs: 488, preallocated irqs: 16
2023-02-03T12:32:49.701909-05:00 KALIFORNIAGL kernel: [    0.049468] rcu: srcu_init: Setting srcu_struct sizes based on contention.
2023-02-03T12:32:49.701909-05:00 KALIFORNIAGL kernel: [    0.049506] random: crng init done
2023-02-03T12:32:49.701911-05:00 KALIFORNIAGL kernel: [    0.053505] Console: colour VGA+ 80x25
2023-02-03T12:32:49.701912-05:00 KALIFORNIAGL kernel: [    0.053517] printk: console [tty0] enabled
2023-02-03T12:32:49.701909-05:00 KALIFORNIAGL systemd[1]: Mounting Arbitrary Executable File Formats File System...
2023-02-03T12:32:49.701912-05:00 KALIFORNIAGL kernel: [    0.053528] ACPI: Core revision 20220331
2023-02-03T12:32:49.701913-05:00 KALIFORNIAGL kernel: [    0.053617] clocksource: hpet: mask: 0xffffffff max_cycles: 0xffffffff, max_idle_ns: 133484882848 ns
2023-02-03T12:32:49.701914-05:00 KALIFORNIAGL kernel: [    0.053629] APIC: Switch to symmetric I/O mode setup
2023-02-03T12:32:49.701914-05:00 KALIFORNIAGL kernel: [    0.053630] DMAR: Host address width 39
2023-02-03T12:32:49.701914-05:00 KALIFORNIAGL systemd[1]: Received SIGRTMIN+20 from PID 340 (plymouthd).
2023-02-03T12:32:49.701916-05:00 KALIFORNIAGL kernel: [    0.053631] DMAR: DRHD base: 0x000000fed90000 flags: 0x1
2023-02-03T12:32:49.701917-05:00 KALIFORNIAGL kernel: [    0.053635] DMAR: dmar0: reg_base_addr fed90000 ver 1:0 cap d2008c20660462 ecap f010da
2023-02-03T12:32:49.701918-05:00 KALIFORNIAGL kernel: [    0.053636] DMAR: RMRR base: 0x000000deea8000 end: 0x000000deeb7fff
2023-02-03T12:32:49.701918-05:00 KALIFORNIAGL kernel: [    0.053638] DMAR-IR: IOAPIC id 8 under DRHD base  0xfed90000 IOMMU 0
2023-02-03T12:32:49.701918-05:00 KALIFORNIAGL kernel: [    0.053639] DMAR-IR: HPET id 0 under DRHD base 0xfed90000
2023-02-03T12:32:49.701919-05:00 KALIFORNIAGL kernel: [    0.053640] DMAR-IR: x2apic is disabled because BIOS sets x2apic opt out bit.
2023-02-03T12:32:49.701917-05:00 KALIFORNIAGL systemd[1]: Finished Tell Plymouth To Write Out Runtime Data.
2023-02-03T12:32:49.701920-05:00 KALIFORNIAGL kernel: [    0.053641] DMAR-IR: Use 'intremap=no_x2apic_optout' to override the BIOS setting.
2023-02-03T12:32:49.701922-05:00 KALIFORNIAGL kernel: [    0.053883] DMAR-IR: Enabled IRQ remapping in xapic mode
2023-02-03T12:32:49.701923-05:00 KALIFORNIAGL kernel: [    0.053884] x2apic: IRQ remapping doesn't support X2APIC mode
2023-02-03T12:32:49.701924-05:00 KALIFORNIAGL kernel: [    0.054271] ..TIMER: vector=0x30 apic1=0 pin1=2 apic2=-1 pin2=-1
2023-02-03T12:32:49.701922-05:00 KALIFORNIAGL systemd[1]: Finished Create Volatile Files and Directories.
2023-02-03T12:32:49.701925-05:00 KALIFORNIAGL kernel: [    0.073627] clocksource: tsc-early: mask: 0xffffffffffffffff max_cycles: 0x39a9dfcb02a, max_idle_ns: 440795231916 ns
2023-02-03T12:32:49.701925-05:00 KALIFORNIAGL kernel: [    0.073630] Calibrating delay loop (skipped), value calculated using timer frequency.. 8000.82 BogoMIPS (lpj=16001640)
2023-02-03T12:32:49.701926-05:00 KALIFORNIAGL kernel: [    0.073632] pid_max: default: 32768 minimum: 301
2023-02-03T12:32:49.701926-05:00 KALIFORNIAGL systemd[1]: Mounted Arbitrary Executable File Formats File System.
2023-02-03T12:32:49.701928-05:00 KALIFORNIAGL kernel: [    0.073652] LSM: Security Framework initializing
2023-02-03T12:32:49.701929-05:00 KALIFORNIAGL kernel: [    0.073661] landlock: Up and running.
2023-02-03T12:32:49.701930-05:00 KALIFORNIAGL kernel: [    0.073662] Yama: disabled by default; enable with sysctl kernel.yama.*
2023-02-03T12:32:49.701930-05:00 KALIFORNIAGL kernel: [    0.073678] AppArmor: AppArmor initialized
2023-02-03T12:32:49.701930-05:00 KALIFORNIAGL kernel: [    0.073680] TOMOYO Linux initialized
2023-02-03T12:32:49.701932-05:00 KALIFORNIAGL kernel: [    0.073683] LSM support for eBPF active
2023-02-03T12:32:49.701930-05:00 KALIFORNIAGL systemd[1]: Dispatch Password Requests to Console Directory Watch was skipped because of an unmet condition check (ConditionPathExists=!/run/plymouth/pid).
2023-02-03T12:32:49.701934-05:00 KALIFORNIAGL kernel: [    0.073720] Mount-cache hash table entries: 32768 (order: 6, 262144 bytes, linear)
2023-02-03T12:32:49.701934-05:00 KALIFORNIAGL kernel: [    0.073745] Mountpoint-cache hash table entries: 32768 (order: 6, 262144 bytes, linear)
2023-02-03T12:32:49.701936-05:00 KALIFORNIAGL kernel: [    0.073904] CPU0: Thermal monitoring enabled (TM1)
2023-02-03T12:32:49.701936-05:00 KALIFORNIAGL kernel: [    0.073925] process: using mwait in idle threads
2023-02-03T12:32:49.701937-05:00 KALIFORNIAGL kernel: [    0.073927] Last level iTLB entries: 4KB 1024, 2MB 1024, 4MB 1024
2023-02-03T12:32:49.701934-05:00 KALIFORNIAGL systemd[1]: Mounting RPC Pipe File System...
2023-02-03T12:32:49.701937-05:00 KALIFORNIAGL kernel: [    0.073928] Last level dTLB entries: 4KB 1024, 2MB 1024, 4MB 1024, 1GB 4
2023-02-03T12:32:49.701939-05:00 KALIFORNIAGL kernel: [    0.073930] Spectre V1 : Mitigation: usercopy/swapgs barriers and __user pointer sanitization
2023-02-03T12:32:49.701938-05:00 KALIFORNIAGL systemd[1]: Started Entropy Daemon based on the HAVEGE algorithm.
2023-02-03T12:32:49.701941-05:00 KALIFORNIAGL kernel: [    0.073931] Spectre V2 : Mitigation: Retpolines
2023-02-03T12:32:49.701941-05:00 KALIFORNIAGL kernel: [    0.073932] Spectre V2 : Spectre v2 / SpectreRSB mitigation: Filling RSB on context switch
2023-02-03T12:32:49.701942-05:00 KALIFORNIAGL kernel: [    0.073932] Spectre V2 : Spectre v2 / SpectreRSB : Filling RSB on VMEXIT
2023-02-03T12:32:49.701942-05:00 KALIFORNIAGL kernel: [    0.073933] Spectre V2 : Enabling Restricted Speculation for firmware calls
2023-02-03T12:32:49.701942-05:00 KALIFORNIAGL systemd[1]: Starting Load Kernel Module efi_pstore...
2023-02-03T12:32:49.701943-05:00 KALIFORNIAGL kernel: [    0.073934] Spectre V2 : mitigation: Enabling conditional Indirect Branch Prediction Barrier
2023-02-03T12:32:49.701944-05:00 KALIFORNIAGL kernel: [    0.073935] Spectre V2 : User space: Mitigation: STIBP via prctl
2023-02-03T12:32:49.701944-05:00 KALIFORNIAGL systemd[1]: First Boot Wizard was skipped because of an unmet condition check (ConditionFirstBoot=yes).
2023-02-03T12:32:49.701947-05:00 KALIFORNIAGL systemd[1]: First Boot Complete was skipped because of an unmet condition check (ConditionFirstBoot=yes).
2023-02-03T12:32:49.701949-05:00 KALIFORNIAGL kernel: [    0.073935] Speculative Store Bypass: Mitigation: Speculative Store Bypass disabled via prctl
2023-02-03T12:32:49.701950-05:00 KALIFORNIAGL kernel: [    0.073937] MDS: Mitigation: Clear CPU buffers
2023-02-03T12:32:49.701949-05:00 KALIFORNIAGL systemd[1]: Commit a transient machine-id on disk was skipped because of an unmet condition check (ConditionPathIsMountPoint=/etc/machine-id).
2023-02-03T12:32:49.701951-05:00 KALIFORNIAGL kernel: [    0.073938] MMIO Stale Data: Unknown: No mitigations
2023-02-03T12:32:49.701953-05:00 KALIFORNIAGL systemd[1]: Repartition Root Disk was skipped because no trigger condition checks were met.
2023-02-03T12:32:49.701955-05:00 KALIFORNIAGL systemd[1]: Starting Record System Boot/Shutdown in UTMP...
2023-02-03T12:32:49.701957-05:00 KALIFORNIAGL systemd[1]: Finished Set Up Additional Binary Formats.
2023-02-03T12:32:49.701959-05:00 KALIFORNIAGL systemd[1]: Starting Enable support for additional executable binary formats...
2023-02-03T12:32:49.701961-05:00 KALIFORNIAGL systemd[1]: modprobe@efi_pstore.service: Deactivated successfully.
2023-02-03T12:32:49.701963-05:00 KALIFORNIAGL systemd[1]: Finished Load Kernel Module efi_pstore.
2023-02-03T12:32:49.701965-05:00 KALIFORNIAGL systemd[1]: Platform Persistent Storage Archival was skipped because of an unmet condition check (ConditionDirectoryNotEmpty=/sys/fs/pstore).
2023-02-03T12:32:49.701970-05:00 KALIFORNIAGL systemd[1]: Finished Record System Boot/Shutdown in UTMP.
2023-02-03T12:32:49.701972-05:00 KALIFORNIAGL systemd[1]: Reached target System Initialization.
2023-02-03T12:32:49.701974-05:00 KALIFORNIAGL systemd[1]: Started CUPS Scheduler.
2023-02-03T12:32:49.701976-05:00 KALIFORNIAGL systemd[1]: Started Daily apt download activities.
2023-02-03T12:32:49.701978-05:00 KALIFORNIAGL systemd[1]: Started Daily apt upgrade and clean activities.
2023-02-03T12:32:49.701980-05:00 KALIFORNIAGL systemd[1]: Started Daily dpkg database backup timer.
2023-02-03T12:32:49.701983-05:00 KALIFORNIAGL systemd[1]: Started Periodic ext4 Online Metadata Check for All Filesystems.
2023-02-03T12:32:49.701985-05:00 KALIFORNIAGL systemd[1]: Started Daily exim4-base housekeeping.
2023-02-03T12:32:49.701987-05:00 KALIFORNIAGL systemd[1]: Started Discard unused blocks once a week.
2023-02-03T12:32:49.701989-05:00 KALIFORNIAGL systemd[1]: Started Weekly GeoIP update.
2023-02-03T12:32:49.701991-05:00 KALIFORNIAGL systemd[1]: Started Daily rotation of log files.
2023-02-03T12:32:49.701999-05:00 KALIFORNIAGL systemd[1]: Started Daily timer for the Lynis security audit and vulnerability scanner.
2023-02-03T12:32:49.702003-05:00 KALIFORNIAGL systemd[1]: Started Daily man-db regeneration.
2023-02-03T12:32:49.702005-05:00 KALIFORNIAGL systemd[1]: Started Rotate ntpd stats daily.
2023-02-03T12:32:49.702007-05:00 KALIFORNIAGL systemd[1]: Started Clean PHP session files every 30 mins.
2023-02-03T12:32:49.702009-05:00 KALIFORNIAGL systemd[1]: Started Update the plocate database daily.
2023-02-03T12:32:49.702011-05:00 KALIFORNIAGL systemd[1]: Started Daily Cleanup of Temporary Directories.
2023-02-03T12:32:49.702013-05:00 KALIFORNIAGL systemd[1]: Reached target Path Units.
2023-02-03T12:32:49.702016-05:00 KALIFORNIAGL systemd[1]: Reached target Timer Units.
2023-02-03T12:32:49.702018-05:00 KALIFORNIAGL kernel: [    0.073939] SRBDS: Mitigation: Microcode
2023-02-03T12:32:49.702019-05:00 KALIFORNIAGL kernel: [    0.082520] Freeing SMP alternatives memory: 32K
2023-02-03T12:32:49.702019-05:00 KALIFORNIAGL kernel: [    0.085670] smpboot: CPU0: Intel(R) Core(TM) i7-4790K CPU @ 4.00GHz (family: 0x6, model: 0x3c, stepping: 0x3)
2023-02-03T12:32:49.702019-05:00 KALIFORNIAGL systemd[1]: Listening on CUPS Scheduler.
2023-02-03T12:32:49.702021-05:00 KALIFORNIAGL systemd[1]: Listening on D-Bus System Message Bus Socket.
2023-02-03T12:32:49.702022-05:00 KALIFORNIAGL kernel: [    0.085747] cblist_init_generic: Setting adjustable number of callback queues.
2023-02-03T12:32:49.702023-05:00 KALIFORNIAGL kernel: [    0.085748] cblist_init_generic: Setting shift to 3 and lim to 1.
2023-02-03T12:32:49.702023-05:00 KALIFORNIAGL systemd[1]: Starting Docker Socket for the API...
2023-02-03T12:32:49.702024-05:00 KALIFORNIAGL kernel: [    0.085759] cblist_init_generic: Setting shift to 3 and lim to 1.
2023-02-03T12:32:49.702025-05:00 KALIFORNIAGL kernel: [    0.085767] cblist_init_generic: Setting shift to 3 and lim to 1.
2023-02-03T12:32:49.702026-05:00 KALIFORNIAGL kernel: [    0.085775] Performance Events: PEBS fmt2+, Haswell events, 16-deep LBR, full-width counters, Intel PMU driver.
2023-02-03T12:32:49.702025-05:00 KALIFORNIAGL systemd[1]: Listening on Libvirt local socket.
2023-02-03T12:32:49.702026-05:00 KALIFORNIAGL kernel: [    0.085801] ... version:                3
2023-02-03T12:32:49.702028-05:00 KALIFORNIAGL systemd[1]: Listening on UUID daemon activation socket.
2023-02-03T12:32:49.702030-05:00 KALIFORNIAGL kernel: [    0.085802] ... bit width:              48
2023-02-03T12:32:49.702031-05:00 KALIFORNIAGL kernel: [    0.085802] ... generic registers:      4
2023-02-03T12:32:49.702032-05:00 KALIFORNIAGL kernel: [    0.085803] ... value mask:             0000ffffffffffff
2023-02-03T12:32:49.702032-05:00 KALIFORNIAGL kernel: [    0.085804] ... max period:             00007fffffffffff
2023-02-03T12:32:49.702030-05:00 KALIFORNIAGL systemd[1]: Listening on Virtual machine lock manager socket.
2023-02-03T12:32:49.702033-05:00 KALIFORNIAGL kernel: [    0.085804] ... fixed-purpose events:   3
2023-02-03T12:32:49.702033-05:00 KALIFORNIAGL kernel: [    0.085805] ... event mask:             000000070000000f
2023-02-03T12:32:49.702034-05:00 KALIFORNIAGL kernel: [    0.085881] Estimated ratio of average max frequency by base frequency (times 1024): 1075
2023-02-03T12:32:49.702034-05:00 KALIFORNIAGL systemd[1]: Listening on Virtual machine log manager socket.
2023-02-03T12:32:49.702037-05:00 KALIFORNIAGL kernel: [    0.085894] rcu: Hierarchical SRCU implementation.
2023-02-03T12:32:49.702036-05:00 KALIFORNIAGL systemd[1]: TPM2 PCR Barrier (Initialization) was skipped because of an unmet condition check (ConditionPathExists=/sys/firmware/efi/efivars/StubPcrKernelImage-4a67b082-0a4c-41cf-b6c7-440b29bb8c4f).
2023-02-03T12:32:49.702037-05:00 KALIFORNIAGL kernel: [    0.085894] rcu: 	Max phase no-delay instances is 1000.
2023-02-03T12:32:49.702038-05:00 KALIFORNIAGL kernel: [    0.086433] NMI watchdog: Enabled. Permanently consumes one hw-PMU counter.
2023-02-03T12:32:49.702038-05:00 KALIFORNIAGL kernel: [    0.086487] smp: Bringing up secondary CPUs ...
2023-02-03T12:32:49.702039-05:00 KALIFORNIAGL kernel: [    0.086539] x86: Booting SMP configuration:
2023-02-03T12:32:49.702039-05:00 KALIFORNIAGL haveged[1244]: haveged: command socket is listening at fd 3
2023-02-03T12:32:49.702040-05:00 KALIFORNIAGL kernel: [    0.086540] .... node  #0, CPUs:      #1 #2 #3 #4
2023-02-03T12:32:49.702041-05:00 KALIFORNIAGL systemd[1]: Listening on Docker Socket for the API.
2023-02-03T12:32:49.702043-05:00 KALIFORNIAGL kernel: [    0.090976] MDS CPU bug present and SMT on, data leak possible. See https://www.kernel.org/doc/html/latest/admin-guide/hw-vuln/mds.html for more details.
2023-02-03T12:32:49.702043-05:00 KALIFORNIAGL kernel: [    0.090976]  #5 #6 #7
2023-02-03T12:32:49.702044-05:00 KALIFORNIAGL kernel: [    0.090976] smp: Brought up 1 node, 8 CPUs
2023-02-03T12:32:49.702043-05:00 KALIFORNIAGL systemd[1]: Reached target Socket Units.
2023-02-03T12:32:49.702045-05:00 KALIFORNIAGL kernel: [    0.090976] smpboot: Max logical packages: 1
2023-02-03T12:32:49.702045-05:00 KALIFORNIAGL kernel: [    0.090976] smpboot: Total of 8 processors activated (64006.56 BogoMIPS)
2023-02-03T12:32:49.702046-05:00 KALIFORNIAGL kernel: [    0.115002] node 0 deferred pages initialised in 20ms
2023-02-03T12:32:49.702046-05:00 KALIFORNIAGL systemd[1]: Reached target Basic System.
2023-02-03T12:32:49.702048-05:00 KALIFORNIAGL kernel: [    0.115009] devtmpfs: initialized
2023-02-03T12:32:49.702049-05:00 KALIFORNIAGL kernel: [    0.115009] x86/mm: Memory block size: 128MB
2023-02-03T12:32:49.702050-05:00 KALIFORNIAGL kernel: [    0.115009] ACPI: PM: Registering ACPI NVS region [mem 0xcb8e6000-0xcb8ecfff] (28672 bytes)
2023-02-03T12:32:49.702050-05:00 KALIFORNIAGL kernel: [    0.115009] ACPI: PM: Registering ACPI NVS region [mem 0xdd95a000-0xdda98fff] (1306624 bytes)
2023-02-03T12:32:49.702050-05:00 KALIFORNIAGL systemd[1]: System is tainted: local-hwclock
2023-02-03T12:32:49.702051-05:00 KALIFORNIAGL kernel: [    0.115009] clocksource: jiffies: mask: 0xffffffff max_cycles: 0xffffffff, max_idle_ns: 7645041785100000 ns
2023-02-03T12:32:49.702052-05:00 KALIFORNIAGL kernel: [    0.115009] futex hash table entries: 2048 (order: 5, 131072 bytes, linear)
2023-02-03T12:32:49.702053-05:00 KALIFORNIAGL systemd[1]: Starting Accounts Service...
2023-02-03T12:32:49.702055-05:00 KALIFORNIAGL kernel: [    0.115009] pinctrl core: initialized pinctrl subsystem
2023-02-03T12:32:49.702055-05:00 KALIFORNIAGL kernel: [    0.115009] NET: Registered PF_NETLINK/PF_ROUTE protocol family
2023-02-03T12:32:49.702055-05:00 KALIFORNIAGL systemd[1]: Manage Sound Card State (restore and store) was skipped because of an unmet condition check (ConditionPathExists=/etc/alsa/state-daemon.conf).
2023-02-03T12:32:49.702056-05:00 KALIFORNIAGL kernel: [    0.115009] DMA: preallocated 2048 KiB GFP_KERNEL pool for atomic allocations
2023-02-03T12:32:49.702056-05:00 KALIFORNIAGL kernel: [    0.115009] DMA: preallocated 2048 KiB GFP_KERNEL|GFP_DMA pool for atomic allocations
2023-02-03T12:32:49.702057-05:00 KALIFORNIAGL kernel: [    0.115009] DMA: preallocated 2048 KiB GFP_KERNEL|GFP_DMA32 pool for atomic allocations
2023-02-03T12:32:49.702057-05:00 KALIFORNIAGL kernel: [    0.115009] audit: initializing netlink subsys (disabled)
2023-02-03T12:32:49.702057-05:00 KALIFORNIAGL systemd[1]: Starting Save/Restore Sound Card State...
2023-02-03T12:32:49.702058-05:00 KALIFORNIAGL kernel: [    0.115009] audit: type=2000 audit(1675427562.060:1): state=initialized audit_enabled=0 res=1
2023-02-03T12:32:49.702059-05:00 KALIFORNIAGL systemd[1]: Starting D-Bus System Message Bus...
2023-02-03T12:32:49.702061-05:00 KALIFORNIAGL kernel: [    0.115009] thermal_sys: Registered thermal governor 'fair_share'
2023-02-03T12:32:49.702062-05:00 KALIFORNIAGL kernel: [    0.115009] thermal_sys: Registered thermal governor 'bang_bang'
2023-02-03T12:32:49.702062-05:00 KALIFORNIAGL kernel: [    0.115009] thermal_sys: Registered thermal governor 'step_wise'
2023-02-03T12:32:49.702063-05:00 KALIFORNIAGL kernel: [    0.115009] thermal_sys: Registered thermal governor 'user_space'
2023-02-03T12:32:49.702063-05:00 KALIFORNIAGL kernel: [    0.115009] thermal_sys: Registered thermal governor 'power_allocator'
2023-02-03T12:32:49.702064-05:00 KALIFORNIAGL kernel: [    0.115009] cpuidle: using governor ladder
2023-02-03T12:32:49.702061-05:00 KALIFORNIAGL systemd[1]: Starting Remove Stale Online ext4 Metadata Check Snapshots...
2023-02-03T12:32:49.702066-05:00 KALIFORNIAGL systemd[1]: getty on tty2-tty6 if dbus and logind are not available was skipped because of an unmet condition check (ConditionPathExists=!/usr/bin/dbus-daemon).
2023-02-03T12:32:49.702068-05:00 KALIFORNIAGL kernel: [    0.115009] cpuidle: using governor menu
2023-02-03T12:32:49.702068-05:00 KALIFORNIAGL systemd[1]: Started ntpsec-systemd-netif.service.
2023-02-03T12:32:49.702069-05:00 KALIFORNIAGL kernel: [    0.115009] ACPI FADT declares the system doesn't support PCIe ASPM, so disable it
2023-02-03T12:32:49.702070-05:00 KALIFORNIAGL kernel: [    0.115009] acpiphp: ACPI Hot Plug PCI Controller Driver version: 0.5
2023-02-03T12:32:49.702071-05:00 KALIFORNIAGL kernel: [    0.115009] PCI: MMCONFIG for domain 0000 [bus 00-3f] at [mem 0xf8000000-0xfbffffff] (base 0xf8000000)
2023-02-03T12:32:49.702071-05:00 KALIFORNIAGL kernel: [    0.115009] PCI: MMCONFIG at [mem 0xf8000000-0xfbffffff] reserved in E820
2023-02-03T12:32:49.702072-05:00 KALIFORNIAGL kernel: [    0.115009] pmd_set_huge: Cannot satisfy [mem 0xf8000000-0xf8200000] with a huge-page mapping due to MTRR override.
2023-02-03T12:32:49.702071-05:00 KALIFORNIAGL systemd[1]: Starting Authorization Manager...
2023-02-03T12:32:49.702074-05:00 KALIFORNIAGL systemd[1]: Regenerate SSH host keys was skipped because of an unmet condition check (ConditionPathExistsGlob=!/etc/ssh/ssh_host_*_key).
2023-02-03T12:32:49.702075-05:00 KALIFORNIAGL kernel: [    0.115009] PCI: Using configuration type 1 for base access
2023-02-03T12:32:49.702076-05:00 KALIFORNIAGL kernel: [    0.117633] core: PMU erratum BJ122, BV98, HSD29 worked around, HT is on
2023-02-03T12:32:49.702076-05:00 KALIFORNIAGL kernel: [    0.118328] kprobes: kprobe jump-optimization is enabled. All kprobes are optimized if possible.
2023-02-03T12:32:49.702077-05:00 KALIFORNIAGL kernel: [    0.118333] HugeTLB: registered 1.00 GiB page size, pre-allocated 0 pages
2023-02-03T12:32:49.702077-05:00 KALIFORNIAGL kernel: [    0.118333] HugeTLB: 16380 KiB vmemmap can be freed for a 1.00 GiB page
2023-02-03T12:32:49.702078-05:00 KALIFORNIAGL kernel: [    0.118333] HugeTLB: registered 2.00 MiB page size, pre-allocated 0 pages
2023-02-03T12:32:49.702076-05:00 KALIFORNIAGL alsactl[1250]: alsa-lib parser.c:2783:(load_toplevel_config) Unable to find the top-level configuration file '/usr/share/alsa/ucm2/ucm.conf'.
2023-02-03T12:32:49.702080-05:00 KALIFORNIAGL kernel: [    0.118333] HugeTLB: 28 KiB vmemmap can be freed for a 2.00 MiB page
2023-02-03T12:32:49.702080-05:00 KALIFORNIAGL alsactl[1250]: alsa-lib main.c:1541:(snd_use_case_mgr_open) error: failed to import hw:0 use case configuration -2
2023-02-03T12:32:49.702081-05:00 KALIFORNIAGL kernel: [    0.118333] ACPI: Added _OSI(Module Device)
2023-02-03T12:32:49.702082-05:00 KALIFORNIAGL kernel: [    0.118333] ACPI: Added _OSI(Processor Device)
2023-02-03T12:32:49.702082-05:00 KALIFORNIAGL kernel: [    0.118333] ACPI: Added _OSI(3.0 _SCP Extensions)
2023-02-03T12:32:49.702083-05:00 KALIFORNIAGL kernel: [    0.118333] ACPI: Added _OSI(Processor Aggregator Device)
2023-02-03T12:32:49.702082-05:00 KALIFORNIAGL systemd[1]: Starting System Logging Service...
2023-02-03T12:32:49.702083-05:00 KALIFORNIAGL kernel: [    0.118333] ACPI: Added _OSI(Linux-Dell-Video)
2023-02-03T12:32:49.702084-05:00 KALIFORNIAGL kernel: [    0.118333] ACPI: Added _OSI(Linux-Lenovo-NV-HDMI-Audio)
2023-02-03T12:32:49.702084-05:00 KALIFORNIAGL alsactl[1250]: alsa-lib parser.c:2783:(load_toplevel_config) Unable to find the top-level configuration file '/usr/share/alsa/ucm2/ucm.conf'.
2023-02-03T12:32:49.702086-05:00 KALIFORNIAGL kernel: [    0.118333] ACPI: Added _OSI(Linux-HPI-Hybrid-Graphics)
2023-02-03T12:32:49.702087-05:00 KALIFORNIAGL kernel: [    0.121628] ACPI: 7 ACPI AML tables successfully acquired and loaded
2023-02-03T12:32:49.702087-05:00 KALIFORNIAGL kernel: [    0.121628] ACPI: [Firmware Bug]: BIOS _OSI(Linux) query ignored
2023-02-03T12:32:49.702087-05:00 KALIFORNIAGL alsactl[1250]: alsa-lib main.c:1541:(snd_use_case_mgr_open) error: failed to import hw:1 use case configuration -2
2023-02-03T12:32:49.702088-05:00 KALIFORNIAGL kernel: [    0.125882] ACPI: Dynamic OEM Table Load:
2023-02-03T12:32:49.702090-05:00 KALIFORNIAGL kernel: [    0.125886] ACPI: SSDT 0xFFFFA03B41248800 0003D3 (v01 PmRef  Cpu0Cst  00003001 INTL 20051117)
2023-02-03T12:32:49.702090-05:00 KALIFORNIAGL kernel: [    0.126434] ACPI: Dynamic OEM Table Load:
2023-02-03T12:32:49.702090-05:00 KALIFORNIAGL alsactl[1250]: alsa-lib parser.c:2783:(load_toplevel_config) Unable to find the top-level configuration file '/usr/share/alsa/ucm2/ucm.conf'.
2023-02-03T12:32:49.702093-05:00 KALIFORNIAGL kernel: [    0.126437] ACPI: SSDT 0xFFFFA03B7C4B3000 0005AA (v01 PmRef  ApIst    00003000 INTL 20051117)
2023-02-03T12:32:49.702094-05:00 KALIFORNIAGL kernel: [    0.129907] ACPI: Dynamic OEM Table Load:
2023-02-03T12:32:49.702094-05:00 KALIFORNIAGL kernel: [    0.129909] ACPI: SSDT 0xFFFFA03B40C86E00 000119 (v01 PmRef  ApCst    00003000 INTL 20051117)
2023-02-03T12:32:49.702095-05:00 KALIFORNIAGL kernel: [    0.131816] ACPI: Interpreter enabled
2023-02-03T12:32:49.702095-05:00 KALIFORNIAGL kernel: [    0.131837] ACPI: PM: (supports S0 S3 S4 S5)
2023-02-03T12:32:49.702093-05:00 KALIFORNIAGL alsactl[1250]: alsa-lib main.c:1541:(snd_use_case_mgr_open) error: failed to import hw:2 use case configuration -2
2023-02-03T12:32:49.702095-05:00 KALIFORNIAGL kernel: [    0.131838] ACPI: Using IOAPIC for interrupt routing
2023-02-03T12:32:49.702097-05:00 KALIFORNIAGL systemd[1]: Starting Self Monitoring and Reporting Technology (SMART) Daemon...
2023-02-03T12:32:49.702096-05:00 KALIFORNIAGL kernel: [    0.131857] PCI: Using host bridge windows from ACPI; if necessary, use "pci=nocrs" and report a bug
2023-02-03T12:32:49.702099-05:00 KALIFORNIAGL kernel: [    0.131858] PCI: Using E820 reservations for host bridge windows
2023-02-03T12:32:49.702100-05:00 KALIFORNIAGL kernel: [    0.132289] ACPI: Enabled 9 GPEs in block 00 to 3F
2023-02-03T12:32:49.702100-05:00 KALIFORNIAGL kernel: [    0.132716] ACPI: PM: Power Resource [PG00]
2023-02-03T12:32:49.702099-05:00 KALIFORNIAGL systemd[1]: Starting User Login Management...
2023-02-03T12:32:49.702102-05:00 KALIFORNIAGL kernel: [    0.132976] ACPI: PM: Power Resource [PG01]
2023-02-03T12:32:49.702102-05:00 KALIFORNIAGL kernel: [    0.133204] ACPI: PM: Power Resource [PG02]
2023-02-03T12:32:49.702103-05:00 KALIFORNIAGL kernel: [    0.141909] ACPI: PM: Power Resource [FN00]
2023-02-03T12:32:49.702103-05:00 KALIFORNIAGL systemd[1]: Started Windscribe helper service.
2023-02-03T12:32:49.702105-05:00 KALIFORNIAGL kernel: [    0.141949] ACPI: PM: Power Resource [FN01]
2023-02-03T12:32:49.702105-05:00 KALIFORNIAGL systemd[1]: Reached target Preparation for Network.
2023-02-03T12:32:49.702106-05:00 KALIFORNIAGL kernel: [    0.141988] ACPI: PM: Power Resource [FN02]
2023-02-03T12:32:49.702107-05:00 KALIFORNIAGL kernel: [    0.142025] ACPI: PM: Power Resource [FN03]
2023-02-03T12:32:49.702107-05:00 KALIFORNIAGL kernel: [    0.142063] ACPI: PM: Power Resource [FN04]
2023-02-03T12:32:49.702108-05:00 KALIFORNIAGL kernel: [    0.142534] ACPI: PCI Root Bridge [PCI0] (domain 0000 [bus 00-3e])
2023-02-03T12:32:49.702107-05:00 KALIFORNIAGL systemd[1]: Starting Raise network interfaces...
2023-02-03T12:32:49.702108-05:00 KALIFORNIAGL kernel: [    0.142539] acpi PNP0A08:00: _OSC: OS supports [ExtendedConfig ASPM ClockPM Segments MSI HPX-Type3]
2023-02-03T12:32:49.702111-05:00 KALIFORNIAGL kernel: [    0.142639] acpi PNP0A08:00: _OSC: platform does not support [PCIeHotplug SHPCHotplug PME]
2023-02-03T12:32:49.702109-05:00 KALIFORNIAGL systemd[1]: Finished Enable support for additional executable binary formats.
2023-02-03T12:32:49.702111-05:00 KALIFORNIAGL kernel: [    0.142727] acpi PNP0A08:00: _OSC: OS now controls [AER PCIeCapability LTR]
2023-02-03T12:32:49.702112-05:00 KALIFORNIAGL kernel: [    0.142728] acpi PNP0A08:00: FADT indicates ASPM is unsupported, using BIOS configuration
2023-02-03T12:32:49.702113-05:00 KALIFORNIAGL kernel: [    0.143164] PCI host bridge to bus 0000:00
2023-02-03T12:32:49.702113-05:00 KALIFORNIAGL kernel: [    0.143165] pci_bus 0000:00: root bus resource [io  0x0000-0x0cf7 window]
2023-02-03T12:32:49.702114-05:00 KALIFORNIAGL kernel: [    0.143167] pci_bus 0000:00: root bus resource [io  0x0d00-0xffff window]
2023-02-03T12:32:49.702113-05:00 KALIFORNIAGL systemd[1]: Finished Save/Restore Sound Card State.
2023-02-03T12:32:49.702115-05:00 KALIFORNIAGL kernel: [    0.143168] pci_bus 0000:00: root bus resource [mem 0x000a0000-0x000bffff window]
2023-02-03T12:32:49.702115-05:00 KALIFORNIAGL systemd[1]: ntpsec-systemd-netif.service: Deactivated successfully.
2023-02-03T12:32:49.702117-05:00 KALIFORNIAGL kernel: [    0.143169] pci_bus 0000:00: root bus resource [mem 0x000d0000-0x000e7fff window]
2023-02-03T12:32:49.702118-05:00 KALIFORNIAGL kernel: [    0.143169] pci_bus 0000:00: root bus resource [mem 0xe0000000-0xfeafffff window]
2023-02-03T12:32:49.702118-05:00 KALIFORNIAGL kernel: [    0.143171] pci_bus 0000:00: root bus resource [bus 00-3e]
2023-02-03T12:32:49.702118-05:00 KALIFORNIAGL systemd[1]: Reached target Sound Card.
2023-02-03T12:32:49.702119-05:00 KALIFORNIAGL kernel: [    0.143183] pci 0000:00:00.0: [8086:0c00] type 00 class 0x060000
2023-02-03T12:32:49.702119-05:00 KALIFORNIAGL kernel: [    0.143233] pci 0000:00:01.0: [8086:0c01] type 01 class 0x060400
2023-02-03T12:32:49.702120-05:00 KALIFORNIAGL kernel: [    0.143261] pci 0000:00:01.0: PME# supported from D0 D3hot D3cold
2023-02-03T12:32:49.702120-05:00 KALIFORNIAGL systemd[1]: Mounted RPC Pipe File System.
2023-02-03T12:32:49.702122-05:00 KALIFORNIAGL kernel: [    0.143432] pci 0000:00:14.0: [8086:8cb1] type 00 class 0x0c0330
2023-02-03T12:32:49.702123-05:00 KALIFORNIAGL kernel: [    0.143447] pci 0000:00:14.0: reg 0x10: [mem 0xf7420000-0xf742ffff 64bit]
2023-02-03T12:32:49.702123-05:00 KALIFORNIAGL systemd[1]: Reached target rpc_pipefs.target.
2023-02-03T12:32:49.702123-05:00 KALIFORNIAGL kernel: [    0.143497] pci 0000:00:14.0: PME# supported from D3hot D3cold
2023-02-03T12:32:49.702124-05:00 KALIFORNIAGL kernel: [    0.143572] pci 0000:00:16.0: [8086:8cba] type 00 class 0x078000
2023-02-03T12:32:49.702124-05:00 KALIFORNIAGL kernel: [    0.143587] pci 0000:00:16.0: reg 0x10: [mem 0xf743a000-0xf743a00f 64bit]
2023-02-03T12:32:49.702125-05:00 KALIFORNIAGL kernel: [    0.143639] pci 0000:00:16.0: PME# supported from D0 D3hot D3cold
2023-02-03T12:32:49.702125-05:00 KALIFORNIAGL systemd[1]: RPC security service for NFS client and server was skipped because of an unmet condition check (ConditionPathExists=/etc/krb5.keytab).
2023-02-03T12:32:49.702128-05:00 KALIFORNIAGL kernel: [    0.143723] pci 0000:00:19.0: [8086:15a1] type 00 class 0x020000
2023-02-03T12:32:49.702128-05:00 KALIFORNIAGL kernel: [    0.143735] pci 0000:00:19.0: reg 0x10: [mem 0xf7400000-0xf741ffff]
2023-02-03T12:32:49.702128-05:00 KALIFORNIAGL systemd[1]: Reached target NFS client services.
2023-02-03T12:32:49.702131-05:00 KALIFORNIAGL systemd[1]: Reached target Preparation for Remote File Systems.
2023-02-03T12:32:49.702133-05:00 KALIFORNIAGL systemd[1]: Reached target Remote File Systems.
2023-02-03T12:32:49.702135-05:00 KALIFORNIAGL systemd[1]: Started Regular background program processing daemon.
2023-02-03T12:32:49.702137-05:00 KALIFORNIAGL systemd[1]: Starting LSB: GNU Network Utilities internet superserver...
2023-02-03T12:32:49.702139-05:00 KALIFORNIAGL systemd[1]: Starting LSB: Start or stop stunnel 4.x (TLS tunnel for network daemons)...
2023-02-03T12:32:49.702143-05:00 KALIFORNIAGL systemd[1]: TPM2 PCR Barrier (User) was skipped because of an unmet condition check (ConditionPathExists=/sys/firmware/efi/efivars/StubPcrKernelImage-4a67b082-0a4c-41cf-b6c7-440b29bb8c4f).
2023-02-03T12:32:49.702145-05:00 KALIFORNIAGL systemd[1]: Starting LSB: thin initscript...
2023-02-03T12:32:49.702147-05:00 KALIFORNIAGL cron[1266]: (CRON) INFO (pidfile fd = 3)
2023-02-03T12:32:49.702149-05:00 KALIFORNIAGL polkitd[1254]: Started polkitd version 122
2023-02-03T12:32:49.702180-05:00 KALIFORNIAGL cron[1266]: (CRON) INFO (Running @reboot jobs)
2023-02-03T12:32:49.701749-05:00 KALIFORNIAGL rsyslogd: imuxsock: Acquired UNIX socket '/run/systemd/journal/syslog' (fd 3) from systemd.  [v8.2212.0]
2023-02-03T12:32:49.702187-05:00 KALIFORNIAGL kernel: [    0.143742] pci 0000:00:19.0: reg 0x14: [mem 0xf7438000-0xf7438fff]
2023-02-03T12:32:49.702188-05:00 KALIFORNIAGL kernel: [    0.143748] pci 0000:00:19.0: reg 0x18: [io  0xf040-0xf05f]
2023-02-03T12:32:49.701828-05:00 KALIFORNIAGL rsyslogd: [origin software="rsyslogd" swVersion="8.2212.0" x-pid="1257" x-info="https://www.rsyslog.com"] start
2023-02-03T12:32:49.702188-05:00 KALIFORNIAGL kernel: [    0.143796] pci 0000:00:19.0: PME# supported from D0 D3hot D3cold
2023-02-03T12:32:49.702189-05:00 KALIFORNIAGL kernel: [    0.143852] pci 0000:00:1a.0: [8086:8cad] type 00 class 0x0c0320
2023-02-03T12:32:49.702189-05:00 KALIFORNIAGL kernel: [    0.143866] pci 0000:00:1a.0: reg 0x10: [mem 0xf7437000-0xf74373ff]
2023-02-03T12:32:49.701880-05:00 KALIFORNIAGL systemd[1]: Started System Logging Service.
2023-02-03T12:32:49.702192-05:00 KALIFORNIAGL kernel: [    0.143936] pci 0000:00:1a.0: PME# supported from D0 D3hot D3cold
2023-02-03T12:32:49.702193-05:00 KALIFORNIAGL kernel: [    0.143993] pci 0000:00:1b.0: [8086:8ca0] type 00 class 0x040300
2023-02-03T12:32:49.702193-05:00 KALIFORNIAGL kernel: [    0.144007] pci 0000:00:1b.0: reg 0x10: [mem 0xf7430000-0xf7433fff 64bit]
2023-02-03T12:32:49.702194-05:00 KALIFORNIAGL kernel: [    0.144066] pci 0000:00:1b.0: PME# supported from D0 D3hot D3cold
2023-02-03T12:32:49.702194-05:00 KALIFORNIAGL kernel: [    0.144119] pci 0000:00:1c.0: [8086:8c90] type 01 class 0x060400
2023-02-03T12:32:49.702194-05:00 KALIFORNIAGL kernel: [    0.144181] pci 0000:00:1c.0: PME# supported from D0 D3hot D3cold
2023-02-03T12:32:49.702197-05:00 KALIFORNIAGL kernel: [    0.144199] pci 0000:00:1c.0: Enabling MPC IRBNCE
2023-02-03T12:32:49.702198-05:00 KALIFORNIAGL kernel: [    0.144200] pci 0000:00:1c.0: Intel PCH root port ACS workaround enabled
2023-02-03T12:32:49.702198-05:00 KALIFORNIAGL kernel: [    0.144344] pci 0000:00:1c.2: [8086:244e] type 01 class 0x060401
2023-02-03T12:32:49.702198-05:00 KALIFORNIAGL kernel: [    0.144408] pci 0000:00:1c.2: PME# supported from D0 D3hot D3cold
2023-02-03T12:32:49.702199-05:00 KALIFORNIAGL kernel: [    0.144554] pci 0000:00:1c.3: [8086:8c96] type 01 class 0x060400
2023-02-03T12:32:49.702199-05:00 KALIFORNIAGL kernel: [    0.144616] pci 0000:00:1c.3: PME# supported from D0 D3hot D3cold
2023-02-03T12:32:49.702201-05:00 KALIFORNIAGL kernel: [    0.144632] pci 0000:00:1c.3: Enabling MPC IRBNCE
2023-02-03T12:32:49.702202-05:00 KALIFORNIAGL kernel: [    0.144634] pci 0000:00:1c.3: Intel PCH root port ACS workaround enabled
2023-02-03T12:32:49.702203-05:00 KALIFORNIAGL kernel: [    0.144773] pci 0000:00:1c.4: [8086:8c98] type 01 class 0x060400
2023-02-03T12:32:49.702203-05:00 KALIFORNIAGL kernel: [    0.144837] pci 0000:00:1c.4: PME# supported from D0 D3hot D3cold
2023-02-03T12:32:49.702204-05:00 KALIFORNIAGL kernel: [    0.144852] pci 0000:00:1c.4: Enabling MPC IRBNCE
2023-02-03T12:32:49.702204-05:00 KALIFORNIAGL kernel: [    0.144854] pci 0000:00:1c.4: Intel PCH root port ACS workaround enabled
2023-02-03T12:32:49.702204-05:00 KALIFORNIAGL kernel: [    0.144994] pci 0000:00:1c.5: [8086:8c9a] type 01 class 0x060400
2023-02-03T12:32:49.702210-05:00 KALIFORNIAGL kernel: [    0.145058] pci 0000:00:1c.5: PME# supported from D0 D3hot D3cold
2023-02-03T12:32:49.702211-05:00 KALIFORNIAGL kernel: [    0.145073] pci 0000:00:1c.5: Enabling MPC IRBNCE
2023-02-03T12:32:49.702211-05:00 KALIFORNIAGL kernel: [    0.145075] pci 0000:00:1c.5: Intel PCH root port ACS workaround enabled
2023-02-03T12:32:49.702212-05:00 KALIFORNIAGL kernel: [    0.145213] pci 0000:00:1c.6: [8086:8c9c] type 01 class 0x060400
2023-02-03T12:32:49.702212-05:00 KALIFORNIAGL kernel: [    0.145276] pci 0000:00:1c.6: PME# supported from D0 D3hot D3cold
2023-02-03T12:32:49.702213-05:00 KALIFORNIAGL kernel: [    0.145291] pci 0000:00:1c.6: Enabling MPC IRBNCE
2023-02-03T12:32:49.702215-05:00 KALIFORNIAGL kernel: [    0.145293] pci 0000:00:1c.6: Intel PCH root port ACS workaround enabled
2023-02-03T12:32:49.702216-05:00 KALIFORNIAGL kernel: [    0.145432] pci 0000:00:1c.7: [8086:8c9e] type 01 class 0x060400
2023-02-03T12:32:49.702216-05:00 KALIFORNIAGL kernel: [    0.145496] pci 0000:00:1c.7: PME# supported from D0 D3hot D3cold
2023-02-03T12:32:49.702217-05:00 KALIFORNIAGL kernel: [    0.145511] pci 0000:00:1c.7: Enabling MPC IRBNCE
2023-02-03T12:32:49.702217-05:00 KALIFORNIAGL kernel: [    0.145513] pci 0000:00:1c.7: Intel PCH root port ACS workaround enabled
2023-02-03T12:32:49.702218-05:00 KALIFORNIAGL kernel: [    0.145656] pci 0000:00:1d.0: [8086:8ca6] type 00 class 0x0c0320
2023-02-03T12:32:49.702218-05:00 KALIFORNIAGL kernel: [    0.145671] pci 0000:00:1d.0: reg 0x10: [mem 0xf7436000-0xf74363ff]
2023-02-03T12:32:49.702221-05:00 KALIFORNIAGL kernel: [    0.145742] pci 0000:00:1d.0: PME# supported from D0 D3hot D3cold
2023-02-03T12:32:49.702221-05:00 KALIFORNIAGL kernel: [    0.145804] pci 0000:00:1f.0: [8086:8cc4] type 00 class 0x060100
2023-02-03T12:32:49.702222-05:00 KALIFORNIAGL kernel: [    0.145955] pci 0000:00:1f.2: [8086:8c82] type 00 class 0x010601
2023-02-03T12:32:49.702222-05:00 KALIFORNIAGL kernel: [    0.145966] pci 0000:00:1f.2: reg 0x10: [io  0xf090-0xf097]
2023-02-03T12:32:49.702223-05:00 KALIFORNIAGL kernel: [    0.145972] pci 0000:00:1f.2: reg 0x14: [io  0xf080-0xf083]
2023-02-03T12:32:49.702223-05:00 KALIFORNIAGL kernel: [    0.145978] pci 0000:00:1f.2: reg 0x18: [io  0xf070-0xf077]
2023-02-03T12:32:49.702226-05:00 KALIFORNIAGL kernel: [    0.145983] pci 0000:00:1f.2: reg 0x1c: [io  0xf060-0xf063]
2023-02-03T12:32:49.702226-05:00 KALIFORNIAGL kernel: [    0.145989] pci 0000:00:1f.2: reg 0x20: [io  0xf020-0xf03f]
2023-02-03T12:32:49.702227-05:00 KALIFORNIAGL kernel: [    0.145995] pci 0000:00:1f.2: reg 0x24: [mem 0xf7435000-0xf74357ff]
2023-02-03T12:32:49.702227-05:00 KALIFORNIAGL kernel: [    0.146023] pci 0000:00:1f.2: PME# supported from D3hot
2023-02-03T12:32:49.702227-05:00 KALIFORNIAGL kernel: [    0.146073] pci 0000:00:1f.3: [8086:8ca2] type 00 class 0x0c0500
2023-02-03T12:32:49.702228-05:00 KALIFORNIAGL kernel: [    0.146087] pci 0000:00:1f.3: reg 0x10: [mem 0xf7434000-0xf74340ff 64bit]
2023-02-03T12:32:49.702229-05:00 KALIFORNIAGL kernel: [    0.146103] pci 0000:00:1f.3: reg 0x20: [io  0xf000-0xf01f]
2023-02-03T12:32:49.702231-05:00 KALIFORNIAGL kernel: [    0.146178] pci 0000:01:00.0: [10de:2182] type 00 class 0x030000
2023-02-03T12:32:49.702231-05:00 KALIFORNIAGL kernel: [    0.146188] pci 0000:01:00.0: reg 0x10: [mem 0xf6000000-0xf6ffffff]
2023-02-03T12:32:49.702232-05:00 KALIFORNIAGL kernel: [    0.146196] pci 0000:01:00.0: reg 0x14: [mem 0xe0000000-0xefffffff 64bit pref]
2023-02-03T12:32:49.702232-05:00 KALIFORNIAGL kernel: [    0.146205] pci 0000:01:00.0: reg 0x1c: [mem 0xf0000000-0xf1ffffff 64bit pref]
2023-02-03T12:32:49.702233-05:00 KALIFORNIAGL kernel: [    0.146210] pci 0000:01:00.0: reg 0x24: [io  0xe000-0xe07f]
2023-02-03T12:32:49.702233-05:00 KALIFORNIAGL kernel: [    0.146216] pci 0000:01:00.0: reg 0x30: [mem 0xf7000000-0xf707ffff pref]
2023-02-03T12:32:49.702236-05:00 KALIFORNIAGL kernel: [    0.146231] pci 0000:01:00.0: Video device with shadowed ROM at [mem 0x000c0000-0x000dffff]
2023-02-03T12:32:49.702236-05:00 KALIFORNIAGL kernel: [    0.146262] pci 0000:01:00.0: PME# supported from D0 D3hot
2023-02-03T12:32:49.702237-05:00 KALIFORNIAGL kernel: [    0.146308] pci 0000:01:00.0: 32.000 Gb/s available PCIe bandwidth, limited by 2.5 GT/s PCIe x16 link at 0000:00:01.0 (capable of 126.016 Gb/s with 8.0 GT/s PCIe x16 link)
2023-02-03T12:32:49.702237-05:00 KALIFORNIAGL kernel: [    0.146351] pci 0000:01:00.1: [10de:1aeb] type 00 class 0x040300
2023-02-03T12:32:49.702238-05:00 KALIFORNIAGL kernel: [    0.146361] pci 0000:01:00.1: reg 0x10: [mem 0xf7080000-0xf7083fff]
2023-02-03T12:32:49.702238-05:00 KALIFORNIAGL kernel: [    0.146461] pci 0000:01:00.2: [10de:1aec] type 00 class 0x0c0330
2023-02-03T12:32:49.702241-05:00 KALIFORNIAGL kernel: [    0.146474] pci 0000:01:00.2: reg 0x10: [mem 0xf2000000-0xf203ffff 64bit pref]
2023-02-03T12:32:49.702241-05:00 KALIFORNIAGL kernel: [    0.146487] pci 0000:01:00.2: reg 0x1c: [mem 0xf2040000-0xf204ffff 64bit pref]
2023-02-03T12:32:49.702242-05:00 KALIFORNIAGL kernel: [    0.146529] pci 0000:01:00.2: PME# supported from D0 D3hot
2023-02-03T12:32:49.702242-05:00 KALIFORNIAGL kernel: [    0.146571] pci 0000:01:00.3: [10de:1aed] type 00 class 0x0c8000
2023-02-03T12:32:49.702242-05:00 KALIFORNIAGL kernel: [    0.146581] pci 0000:01:00.3: reg 0x10: [mem 0xf7084000-0xf7084fff]
2023-02-03T12:32:49.702243-05:00 KALIFORNIAGL kernel: [    0.146641] pci 0000:01:00.3: PME# supported from D0 D3hot
2023-02-03T12:32:49.702249-05:00 KALIFORNIAGL kernel: [    0.146695] pci 0000:00:01.0: PCI bridge to [bus 01]
2023-02-03T12:32:49.702249-05:00 KALIFORNIAGL kernel: [    0.146697] pci 0000:00:01.0:   bridge window [io  0xe000-0xefff]
2023-02-03T12:32:49.702250-05:00 KALIFORNIAGL kernel: [    0.146699] pci 0000:00:01.0:   bridge window [mem 0xf6000000-0xf70fffff]
2023-02-03T12:32:49.702250-05:00 KALIFORNIAGL kernel: [    0.146701] pci 0000:00:01.0:   bridge window [mem 0xe0000000-0xf20fffff 64bit pref]
2023-02-03T12:32:49.702251-05:00 KALIFORNIAGL kernel: [    0.146743] acpiphp: Slot [1] registered
2023-02-03T12:32:49.702251-05:00 KALIFORNIAGL kernel: [    0.146747] pci 0000:00:1c.0: PCI bridge to [bus 02]
2023-02-03T12:32:49.702251-05:00 KALIFORNIAGL kernel: [    0.146808] pci 0000:03:00.0: [1b21:1080] type 01 class 0x060400
2023-02-03T12:32:49.702254-05:00 KALIFORNIAGL kernel: [    0.146947] pci 0000:03:00.0: supports D1 D2
2023-02-03T12:32:49.702255-05:00 KALIFORNIAGL kernel: [    0.146948] pci 0000:03:00.0: PME# supported from D0 D1 D2 D3hot D3cold
2023-02-03T12:32:49.702255-05:00 KALIFORNIAGL kernel: [    0.157642] pci 0000:00:1c.2: PCI bridge to [bus 03-04] (subtractive decode)
2023-02-03T12:32:49.702255-05:00 KALIFORNIAGL kernel: [    0.157650] pci 0000:00:1c.2:   bridge window [io  0x0000-0x0cf7 window] (subtractive decode)
2023-02-03T12:32:49.702256-05:00 KALIFORNIAGL kernel: [    0.157651] pci 0000:00:1c.2:   bridge window [io  0x0d00-0xffff window] (subtractive decode)
2023-02-03T12:32:49.702256-05:00 KALIFORNIAGL kernel: [    0.157652] pci 0000:00:1c.2:   bridge window [mem 0x000a0000-0x000bffff window] (subtractive decode)
2023-02-03T12:32:49.702259-05:00 KALIFORNIAGL kernel: [    0.157653] pci 0000:00:1c.2:   bridge window [mem 0x000d0000-0x000e7fff window] (subtractive decode)
2023-02-03T12:32:49.702260-05:00 KALIFORNIAGL kernel: [    0.157654] pci 0000:00:1c.2:   bridge window [mem 0xe0000000-0xfeafffff window] (subtractive decode)
2023-02-03T12:32:49.702260-05:00 KALIFORNIAGL kernel: [    0.157701] pci_bus 0000:04: extended config space not accessible
2023-02-03T12:32:49.702261-05:00 KALIFORNIAGL kernel: [    0.157767] pci 0000:03:00.0: PCI bridge to [bus 04]
2023-02-03T12:32:49.702261-05:00 KALIFORNIAGL kernel: [    0.157830] acpiphp: Slot [1-1] registered
2023-02-03T12:32:49.702261-05:00 KALIFORNIAGL kernel: [    0.157834] pci 0000:00:1c.3: PCI bridge to [bus 05]
2023-02-03T12:32:49.702264-05:00 KALIFORNIAGL kernel: [    0.157896] pci 0000:06:00.0: [1b21:1142] type 00 class 0x0c0330
2023-02-03T12:32:49.702265-05:00 KALIFORNIAGL kernel: [    0.157924] pci 0000:06:00.0: reg 0x10: [mem 0xf7300000-0xf7307fff 64bit]
2023-02-03T12:32:49.702265-05:00 KALIFORNIAGL kernel: [    0.158049] pci 0000:06:00.0: PME# supported from D3cold
2023-02-03T12:32:49.702266-05:00 KALIFORNIAGL kernel: [    0.158179] pci 0000:00:1c.4: PCI bridge to [bus 06]
2023-02-03T12:32:49.702266-05:00 KALIFORNIAGL kernel: [    0.158184] pci 0000:00:1c.4:   bridge window [mem 0xf7300000-0xf73fffff]
2023-02-03T12:32:49.702266-05:00 KALIFORNIAGL kernel: [    0.158225] acpiphp: Slot [1-2] registered
2023-02-03T12:32:49.702269-05:00 KALIFORNIAGL kernel: [    0.158228] pci 0000:00:1c.5: PCI bridge to [bus 07]
2023-02-03T12:32:49.702269-05:00 KALIFORNIAGL kernel: [    0.158286] pci 0000:08:00.0: [1814:0781] type 00 class 0x028000
2023-02-03T12:32:49.702270-05:00 KALIFORNIAGL kernel: [    0.158306] pci 0000:08:00.0: reg 0x10: [mem 0xf7200000-0xf720ffff]
2023-02-03T12:32:49.702270-05:00 KALIFORNIAGL kernel: [    0.158417] pci 0000:08:00.0: PME# supported from D0 D3hot
2023-02-03T12:32:49.702271-05:00 KALIFORNIAGL kernel: [    0.158546] pci 0000:00:1c.6: PCI bridge to [bus 08]
2023-02-03T12:32:49.702271-05:00 KALIFORNIAGL kernel: [    0.158551] pci 0000:00:1c.6:   bridge window [mem 0xf7200000-0xf72fffff]
2023-02-03T12:32:49.702272-05:00 KALIFORNIAGL kernel: [    0.158606] pci 0000:09:00.0: [1b21:0612] type 00 class 0x010601
2023-02-03T12:32:49.702274-05:00 KALIFORNIAGL kernel: [    0.158625] pci 0000:09:00.0: reg 0x10: [io  0xd050-0xd057]
2023-02-03T12:32:49.702275-05:00 KALIFORNIAGL kernel: [    0.158635] pci 0000:09:00.0: reg 0x14: [io  0xd040-0xd043]
2023-02-03T12:32:49.702275-05:00 KALIFORNIAGL kernel: [    0.158645] pci 0000:09:00.0: reg 0x18: [io  0xd030-0xd037]
2023-02-03T12:32:49.702276-05:00 KALIFORNIAGL kernel: [    0.158655] pci 0000:09:00.0: reg 0x1c: [io  0xd020-0xd023]
2023-02-03T12:32:49.702276-05:00 KALIFORNIAGL kernel: [    0.158665] pci 0000:09:00.0: reg 0x20: [io  0xd000-0xd01f]
2023-02-03T12:32:49.702276-05:00 KALIFORNIAGL kernel: [    0.158675] pci 0000:09:00.0: reg 0x24: [mem 0xf7100000-0xf71001ff]
2023-02-03T12:32:49.702279-05:00 KALIFORNIAGL kernel: [    0.158853] pci 0000:00:1c.7: PCI bridge to [bus 09]
2023-02-03T12:32:49.702279-05:00 KALIFORNIAGL kernel: [    0.158856] pci 0000:00:1c.7:   bridge window [io  0xd000-0xdfff]
2023-02-03T12:32:49.702280-05:00 KALIFORNIAGL kernel: [    0.158858] pci 0000:00:1c.7:   bridge window [mem 0xf7100000-0xf71fffff]
2023-02-03T12:32:49.702280-05:00 KALIFORNIAGL kernel: [    0.159498] ACPI: PCI: Interrupt link LNKA configured for IRQ 11
2023-02-03T12:32:49.702281-05:00 KALIFORNIAGL kernel: [    0.159529] ACPI: PCI: Interrupt link LNKB configured for IRQ 10
2023-02-03T12:32:49.702343-05:00 KALIFORNIAGL kernel: [    0.159558] ACPI: PCI: Interrupt link LNKC configured for IRQ 5
2023-02-03T12:32:49.702344-05:00 KALIFORNIAGL kernel: [    0.159587] ACPI: PCI: Interrupt link LNKD configured for IRQ 3
2023-02-03T12:32:49.702347-05:00 KALIFORNIAGL kernel: [    0.159616] ACPI: PCI: Interrupt link LNKE configured for IRQ 11
2023-02-03T12:32:49.702347-05:00 KALIFORNIAGL kernel: [    0.159645] ACPI: PCI: Interrupt link LNKF configured for IRQ 0
2023-02-03T12:32:49.702348-05:00 KALIFORNIAGL kernel: [    0.159646] ACPI: PCI: Interrupt link LNKF disabled
2023-02-03T12:32:49.702348-05:00 KALIFORNIAGL kernel: [    0.159675] ACPI: PCI: Interrupt link LNKG configured for IRQ 10
2023-02-03T12:32:49.702349-05:00 KALIFORNIAGL kernel: [    0.159705] ACPI: PCI: Interrupt link LNKH configured for IRQ 5
2023-02-03T12:32:49.702349-05:00 KALIFORNIAGL kernel: [    0.159996] iommu: Default domain type: Translated 
2023-02-03T12:32:49.702353-05:00 KALIFORNIAGL kernel: [    0.159996] iommu: DMA domain TLB invalidation policy: lazy mode 
2023-02-03T12:32:49.702354-05:00 KALIFORNIAGL kernel: [    0.159996] EDAC MC: Ver: 3.0.0
2023-02-03T12:32:49.702354-05:00 KALIFORNIAGL kernel: [    0.159996] NetLabel: Initializing
2023-02-03T12:32:49.702355-05:00 KALIFORNIAGL kernel: [    0.159996] NetLabel:  domain hash size = 128
2023-02-03T12:32:49.702355-05:00 KALIFORNIAGL kernel: [    0.159996] NetLabel:  protocols = UNLABELED CIPSOv4 CALIPSO
2023-02-03T12:32:49.702356-05:00 KALIFORNIAGL kernel: [    0.159996] NetLabel:  unlabeled traffic allowed by default
2023-02-03T12:32:49.702358-05:00 KALIFORNIAGL kernel: [    0.159996] PCI: Using ACPI for IRQ routing
2023-02-03T12:32:49.702359-05:00 KALIFORNIAGL kernel: [    0.159996] PCI: pci_cache_line_size set to 64 bytes
2023-02-03T12:32:49.702359-05:00 KALIFORNIAGL kernel: [    0.159996] e820: reserve RAM buffer [mem 0x0009d800-0x0009ffff]
2023-02-03T12:32:49.702360-05:00 KALIFORNIAGL kernel: [    0.159996] e820: reserve RAM buffer [mem 0xcb8e6000-0xcbffffff]
2023-02-03T12:32:49.702360-05:00 KALIFORNIAGL kernel: [    0.159996] e820: reserve RAM buffer [mem 0xcbd35000-0xcbffffff]
2023-02-03T12:32:49.702361-05:00 KALIFORNIAGL kernel: [    0.159996] e820: reserve RAM buffer [mem 0xdd867000-0xdfffffff]
2023-02-03T12:32:49.702361-05:00 KALIFORNIAGL kernel: [    0.159996] e820: reserve RAM buffer [mem 0xdd95a000-0xdfffffff]
2023-02-03T12:32:49.702364-05:00 KALIFORNIAGL kernel: [    0.159996] e820: reserve RAM buffer [mem 0xdf000000-0xdfffffff]
2023-02-03T12:32:49.702364-05:00 KALIFORNIAGL kernel: [    0.159996] e820: reserve RAM buffer [mem 0x41f000000-0x41fffffff]
2023-02-03T12:32:49.702365-05:00 KALIFORNIAGL kernel: [    0.159996] pci 0000:01:00.0: vgaarb: setting as boot VGA device
2023-02-03T12:32:49.702365-05:00 KALIFORNIAGL kernel: [    0.159996] pci 0000:01:00.0: vgaarb: bridge control possible
2023-02-03T12:32:49.702366-05:00 KALIFORNIAGL kernel: [    0.159996] pci 0000:01:00.0: vgaarb: VGA device added: decodes=io+mem,owns=io+mem,locks=none
2023-02-03T12:32:49.702366-05:00 KALIFORNIAGL kernel: [    0.159996] vgaarb: loaded
2023-02-03T12:32:49.702369-05:00 KALIFORNIAGL kernel: [    0.162047] hpet0: at MMIO 0xfed00000, IRQs 2, 8, 0, 0, 0, 0, 0, 0
2023-02-03T12:32:49.702369-05:00 KALIFORNIAGL kernel: [    0.162053] hpet0: 8 comparators, 64-bit 14.318180 MHz counter
2023-02-03T12:32:49.702370-05:00 KALIFORNIAGL kernel: [    0.164083] clocksource: Switched to clocksource tsc-early
2023-02-03T12:32:49.702370-05:00 KALIFORNIAGL kernel: [    0.164157] VFS: Disk quotas dquot_6.6.0
2023-02-03T12:32:49.702371-05:00 KALIFORNIAGL kernel: [    0.164165] VFS: Dquot-cache hash table entries: 512 (order 0, 4096 bytes)
2023-02-03T12:32:49.702371-05:00 KALIFORNIAGL kernel: [    0.164249] AppArmor: AppArmor Filesystem Enabled
2023-02-03T12:32:49.702371-05:00 KALIFORNIAGL kernel: [    0.164257] pnp: PnP ACPI init
2023-02-03T12:32:49.702374-05:00 KALIFORNIAGL kernel: [    0.164326] system 00:00: [mem 0xfed40000-0xfed44fff] has been reserved
2023-02-03T12:32:49.702375-05:00 KALIFORNIAGL kernel: [    0.164401] system 00:01: [io  0x0800-0x087f] has been reserved
2023-02-03T12:32:49.702375-05:00 KALIFORNIAGL kernel: [    0.164437] system 00:03: [io  0x1854-0x1857] has been reserved
2023-02-03T12:32:49.702375-05:00 KALIFORNIAGL kernel: [    0.164521] system 00:04: [io  0x0a00-0x0a0f] has been reserved
2023-02-03T12:32:49.702376-05:00 KALIFORNIAGL kernel: [    0.164522] system 00:04: [io  0x0a10-0x0a1f] has been reserved
2023-02-03T12:32:49.702376-05:00 KALIFORNIAGL kernel: [    0.164619] pnp 00:05: [dma 0 disabled]
2023-02-03T12:32:49.702379-05:00 KALIFORNIAGL kernel: [    0.164675] system 00:06: [io  0x04d0-0x04d1] has been reserved
2023-02-03T12:32:49.702379-05:00 KALIFORNIAGL kernel: [    0.164997] system 00:07: [mem 0xfed1c000-0xfed1ffff] has been reserved
2023-02-03T12:32:49.702380-05:00 KALIFORNIAGL kernel: [    0.164999] system 00:07: [mem 0xfed10000-0xfed17fff] has been reserved
2023-02-03T12:32:49.702380-05:00 KALIFORNIAGL kernel: [    0.165001] system 00:07: [mem 0xfed18000-0xfed18fff] has been reserved
2023-02-03T12:32:49.702381-05:00 KALIFORNIAGL kernel: [    0.165002] system 00:07: [mem 0xfed19000-0xfed19fff] has been reserved
2023-02-03T12:32:49.702381-05:00 KALIFORNIAGL kernel: [    0.165003] system 00:07: [mem 0xf8000000-0xfbffffff] has been reserved
2023-02-03T12:32:49.702384-05:00 KALIFORNIAGL kernel: [    0.165004] system 00:07: [mem 0xfed20000-0xfed3ffff] has been reserved
2023-02-03T12:32:49.702384-05:00 KALIFORNIAGL kernel: [    0.165006] system 00:07: [mem 0xfed90000-0xfed93fff] could not be reserved
2023-02-03T12:32:49.702385-05:00 KALIFORNIAGL kernel: [    0.165007] system 00:07: [mem 0xfed45000-0xfed8ffff] has been reserved
2023-02-03T12:32:49.702385-05:00 KALIFORNIAGL kernel: [    0.165008] system 00:07: [mem 0xff000000-0xffffffff] has been reserved
2023-02-03T12:32:49.702386-05:00 KALIFORNIAGL kernel: [    0.165009] system 00:07: [mem 0xfee00000-0xfeefffff] could not be reserved
2023-02-03T12:32:49.702386-05:00 KALIFORNIAGL kernel: [    0.165010] system 00:07: [mem 0xf7fe0000-0xf7feffff] has been reserved
2023-02-03T12:32:49.702387-05:00 KALIFORNIAGL kernel: [    0.165119] pnp: PnP ACPI: found 8 devices
2023-02-03T12:32:49.702389-05:00 KALIFORNIAGL kernel: [    0.167907] clocksource: acpi_pm: mask: 0xffffff max_cycles: 0xffffff, max_idle_ns: 2085701024 ns
2023-02-03T12:32:49.702390-05:00 KALIFORNIAGL kernel: [    0.167949] NET: Registered PF_INET protocol family
2023-02-03T12:32:49.702390-05:00 KALIFORNIAGL kernel: [    0.168050] IP idents hash table entries: 262144 (order: 9, 2097152 bytes, linear)
2023-02-03T12:32:49.702391-05:00 KALIFORNIAGL kernel: [    0.170195] tcp_listen_portaddr_hash hash table entries: 8192 (order: 5, 131072 bytes, linear)
2023-02-03T12:32:49.702391-05:00 KALIFORNIAGL kernel: [    0.170218] Table-perturb hash table entries: 65536 (order: 6, 262144 bytes, linear)
2023-02-03T12:32:49.702392-05:00 KALIFORNIAGL kernel: [    0.170272] TCP established hash table entries: 131072 (order: 8, 1048576 bytes, linear)
2023-02-03T12:32:49.702394-05:00 KALIFORNIAGL kernel: [    0.170384] TCP bind hash table entries: 65536 (order: 8, 1048576 bytes, linear)
2023-02-03T12:32:49.702395-05:00 KALIFORNIAGL kernel: [    0.170437] TCP: Hash tables configured (established 131072 bind 65536)
2023-02-03T12:32:49.702395-05:00 KALIFORNIAGL kernel: [    0.170490] MPTCP token hash table entries: 16384 (order: 6, 393216 bytes, linear)
2023-02-03T12:32:49.702396-05:00 KALIFORNIAGL kernel: [    0.170540] UDP hash table entries: 8192 (order: 6, 262144 bytes, linear)
2023-02-03T12:32:49.702396-05:00 KALIFORNIAGL kernel: [    0.170568] UDP-Lite hash table entries: 8192 (order: 6, 262144 bytes, linear)
2023-02-03T12:32:49.702397-05:00 KALIFORNIAGL kernel: [    0.170604] NET: Registered PF_UNIX/PF_LOCAL protocol family
2023-02-03T12:32:49.702397-05:00 KALIFORNIAGL kernel: [    0.170608] NET: Registered PF_XDP protocol family
2023-02-03T12:32:49.702400-05:00 KALIFORNIAGL kernel: [    0.170616] pci 0000:00:1c.5: bridge window [io  0x1000-0x0fff] to [bus 07] add_size 1000
2023-02-03T12:32:49.702400-05:00 KALIFORNIAGL kernel: [    0.170619] pci 0000:00:1c.5: bridge window [mem 0x00100000-0x000fffff 64bit pref] to [bus 07] add_size 200000 add_align 100000
2023-02-03T12:32:49.702401-05:00 KALIFORNIAGL kernel: [    0.170621] pci 0000:00:1c.5: bridge window [mem 0x00100000-0x000fffff] to [bus 07] add_size 200000 add_align 100000
2023-02-03T12:32:49.702401-05:00 KALIFORNIAGL kernel: [    0.170627] clipped [mem size 0x00018000] to [mem size 0x00010000] for e820 entry [mem 0x000e0000-0x000fffff]
2023-02-03T12:32:49.702402-05:00 KALIFORNIAGL kernel: [    0.170629] pci 0000:00:1c.5: BAR 14: assigned [mem 0xf2100000-0xf22fffff]
2023-02-03T12:32:49.702404-05:00 KALIFORNIAGL kernel: [    0.170632] clipped [mem size 0x00018000 64bit pref] to [mem size 0x00010000 64bit pref] for e820 entry [mem 0x000e0000-0x000fffff]
2023-02-03T12:32:49.702405-05:00 KALIFORNIAGL kernel: [    0.170634] pci 0000:00:1c.5: BAR 15: assigned [mem 0xf2300000-0xf24fffff 64bit pref]
2023-02-03T12:32:49.702406-05:00 KALIFORNIAGL kernel: [    0.170636] pci 0000:00:1c.5: BAR 13: assigned [io  0x2000-0x2fff]
2023-02-03T12:32:49.702406-05:00 KALIFORNIAGL kernel: [    0.170639] pci 0000:00:01.0: PCI bridge to [bus 01]
2023-02-03T12:32:49.702406-05:00 KALIFORNIAGL kernel: [    0.170640] pci 0000:00:01.0:   bridge window [io  0xe000-0xefff]
2023-02-03T12:32:49.702407-05:00 KALIFORNIAGL kernel: [    0.170642] pci 0000:00:01.0:   bridge window [mem 0xf6000000-0xf70fffff]
2023-02-03T12:32:49.702407-05:00 KALIFORNIAGL kernel: [    0.170644] pci 0000:00:01.0:   bridge window [mem 0xe0000000-0xf20fffff 64bit pref]
2023-02-03T12:32:49.702410-05:00 KALIFORNIAGL kernel: [    0.170647] pci 0000:00:1c.0: PCI bridge to [bus 02]
2023-02-03T12:32:49.702410-05:00 KALIFORNIAGL kernel: [    0.170655] pci 0000:03:00.0: PCI bridge to [bus 04]
2023-02-03T12:32:49.702411-05:00 KALIFORNIAGL kernel: [    0.170670] pci 0000:00:1c.2: PCI bridge to [bus 03-04]
2023-02-03T12:32:49.702411-05:00 KALIFORNIAGL kernel: [    0.170678] pci 0000:00:1c.3: PCI bridge to [bus 05]
2023-02-03T12:32:49.702412-05:00 KALIFORNIAGL kernel: [    0.170686] pci 0000:00:1c.4: PCI bridge to [bus 06]
2023-02-03T12:32:49.702412-05:00 KALIFORNIAGL kernel: [    0.170689] pci 0000:00:1c.4:   bridge window [mem 0xf7300000-0xf73fffff]
2023-02-03T12:32:49.702415-05:00 KALIFORNIAGL kernel: [    0.170695] pci 0000:00:1c.5: PCI bridge to [bus 07]
2023-02-03T12:32:49.702415-05:00 KALIFORNIAGL kernel: [    0.170697] pci 0000:00:1c.5:   bridge window [io  0x2000-0x2fff]
2023-02-03T12:32:49.702416-05:00 KALIFORNIAGL kernel: [    0.170700] pci 0000:00:1c.5:   bridge window [mem 0xf2100000-0xf22fffff]
2023-02-03T12:32:49.702416-05:00 KALIFORNIAGL kernel: [    0.170703] pci 0000:00:1c.5:   bridge window [mem 0xf2300000-0xf24fffff 64bit pref]
2023-02-03T12:32:49.702417-05:00 KALIFORNIAGL kernel: [    0.170707] pci 0000:00:1c.6: PCI bridge to [bus 08]
2023-02-03T12:32:49.702417-05:00 KALIFORNIAGL kernel: [    0.170710] pci 0000:00:1c.6:   bridge window [mem 0xf7200000-0xf72fffff]
2023-02-03T12:32:49.702420-05:00 KALIFORNIAGL kernel: [    0.170716] pci 0000:00:1c.7: PCI bridge to [bus 09]
2023-02-03T12:32:49.702420-05:00 KALIFORNIAGL kernel: [    0.170718] pci 0000:00:1c.7:   bridge window [io  0xd000-0xdfff]
2023-02-03T12:32:49.702421-05:00 KALIFORNIAGL kernel: [    0.170721] pci 0000:00:1c.7:   bridge window [mem 0xf7100000-0xf71fffff]
2023-02-03T12:32:49.702421-05:00 KALIFORNIAGL kernel: [    0.170728] pci_bus 0000:00: resource 4 [io  0x0000-0x0cf7 window]
2023-02-03T12:32:49.702422-05:00 KALIFORNIAGL kernel: [    0.170729] pci_bus 0000:00: resource 5 [io  0x0d00-0xffff window]
2023-02-03T12:32:49.702422-05:00 KALIFORNIAGL kernel: [    0.170730] pci_bus 0000:00: resource 6 [mem 0x000a0000-0x000bffff window]
2023-02-03T12:32:49.702423-05:00 KALIFORNIAGL kernel: [    0.170731] pci_bus 0000:00: resource 7 [mem 0x000d0000-0x000e7fff window]
2023-02-03T12:32:49.702425-05:00 KALIFORNIAGL kernel: [    0.170732] pci_bus 0000:00: resource 8 [mem 0xe0000000-0xfeafffff window]
2023-02-03T12:32:49.702426-05:00 KALIFORNIAGL kernel: [    0.170733] pci_bus 0000:01: resource 0 [io  0xe000-0xefff]
2023-02-03T12:32:49.702426-05:00 KALIFORNIAGL kernel: [    0.170734] pci_bus 0000:01: resource 1 [mem 0xf6000000-0xf70fffff]
2023-02-03T12:32:49.702427-05:00 KALIFORNIAGL kernel: [    0.170734] pci_bus 0000:01: resource 2 [mem 0xe0000000-0xf20fffff 64bit pref]
2023-02-03T12:32:49.702427-05:00 KALIFORNIAGL kernel: [    0.170736] pci_bus 0000:03: resource 4 [io  0x0000-0x0cf7 window]
2023-02-03T12:32:49.702428-05:00 KALIFORNIAGL kernel: [    0.170737] pci_bus 0000:03: resource 5 [io  0x0d00-0xffff window]
2023-02-03T12:32:49.702432-05:00 KALIFORNIAGL kernel: [    0.170738] pci_bus 0000:03: resource 6 [mem 0x000a0000-0x000bffff window]
2023-02-03T12:32:49.702433-05:00 KALIFORNIAGL kernel: [    0.170739] pci_bus 0000:03: resource 7 [mem 0x000d0000-0x000e7fff window]
2023-02-03T12:32:49.702433-05:00 KALIFORNIAGL kernel: [    0.170739] pci_bus 0000:03: resource 8 [mem 0xe0000000-0xfeafffff window]
2023-02-03T12:32:49.702434-05:00 KALIFORNIAGL kernel: [    0.170741] pci_bus 0000:06: resource 1 [mem 0xf7300000-0xf73fffff]
2023-02-03T12:32:49.702434-05:00 KALIFORNIAGL kernel: [    0.170742] pci_bus 0000:07: resource 0 [io  0x2000-0x2fff]
2023-02-03T12:32:49.702434-05:00 KALIFORNIAGL kernel: [    0.170742] pci_bus 0000:07: resource 1 [mem 0xf2100000-0xf22fffff]
2023-02-03T12:32:49.702508-05:00 KALIFORNIAGL kernel: [    0.170743] pci_bus 0000:07: resource 2 [mem 0xf2300000-0xf24fffff 64bit pref]
2023-02-03T12:32:49.702512-05:00 KALIFORNIAGL kernel: [    0.170744] pci_bus 0000:08: resource 1 [mem 0xf7200000-0xf72fffff]
2023-02-03T12:32:49.702512-05:00 KALIFORNIAGL kernel: [    0.170745] pci_bus 0000:09: resource 0 [io  0xd000-0xdfff]
2023-02-03T12:32:49.702513-05:00 KALIFORNIAGL kernel: [    0.170746] pci_bus 0000:09: resource 1 [mem 0xf7100000-0xf71fffff]
2023-02-03T12:32:49.702513-05:00 KALIFORNIAGL kernel: [    0.171193] pci 0000:01:00.1: D0 power state depends on 0000:01:00.0
2023-02-03T12:32:49.702514-05:00 KALIFORNIAGL kernel: [    0.171235] pci 0000:01:00.2: D0 power state depends on 0000:01:00.0
2023-02-03T12:32:49.702514-05:00 KALIFORNIAGL kernel: [    0.171371] pci 0000:01:00.3: D0 power state depends on 0000:01:00.0
2023-02-03T12:32:49.702517-05:00 KALIFORNIAGL kernel: [    0.171374] pci 0000:03:00.0: Disabling ASPM L0s/L1
2023-02-03T12:32:49.702517-05:00 KALIFORNIAGL kernel: [    0.171375] pci 0000:03:00.0: can't disable ASPM; OS doesn't have ASPM control
2023-02-03T12:32:49.702518-05:00 KALIFORNIAGL kernel: [    0.171501] PCI: CLS 64 bytes, default 64
2023-02-03T12:32:49.702518-05:00 KALIFORNIAGL kernel: [    0.171512] DMAR: No ATSR found
2023-02-03T12:32:49.702519-05:00 KALIFORNIAGL kernel: [    0.171512] DMAR: No SATC found
2023-02-03T12:32:49.702519-05:00 KALIFORNIAGL kernel: [    0.171513] DMAR: dmar0: Using Queued invalidation
2023-02-03T12:32:49.702522-05:00 KALIFORNIAGL kernel: [    0.171536] Trying to unpack rootfs image as initramfs...
2023-02-03T12:32:49.702522-05:00 KALIFORNIAGL kernel: [    0.171542] pci 0000:00:00.0: Adding to iommu group 0
2023-02-03T12:32:49.702523-05:00 KALIFORNIAGL kernel: [    0.171551] pci 0000:00:01.0: Adding to iommu group 1
2023-02-03T12:32:49.702523-05:00 KALIFORNIAGL kernel: [    0.171558] pci 0000:00:14.0: Adding to iommu group 2
2023-02-03T12:32:49.702524-05:00 KALIFORNIAGL kernel: [    0.171566] pci 0000:00:16.0: Adding to iommu group 3
2023-02-03T12:32:49.702524-05:00 KALIFORNIAGL kernel: [    0.171573] pci 0000:00:19.0: Adding to iommu group 4
2023-02-03T12:32:49.702525-05:00 KALIFORNIAGL kernel: [    0.171579] pci 0000:00:1a.0: Adding to iommu group 5
2023-02-03T12:32:49.702528-05:00 KALIFORNIAGL kernel: [    0.171586] pci 0000:00:1b.0: Adding to iommu group 6
2023-02-03T12:32:49.702528-05:00 KALIFORNIAGL kernel: [    0.171592] pci 0000:00:1c.0: Adding to iommu group 7
2023-02-03T12:32:49.702529-05:00 KALIFORNIAGL kernel: [    0.171601] pci 0000:00:1c.2: Adding to iommu group 8
2023-02-03T12:32:49.702529-05:00 KALIFORNIAGL kernel: [    0.171608] pci 0000:00:1c.3: Adding to iommu group 9
2023-02-03T12:32:49.702530-05:00 KALIFORNIAGL kernel: [    0.171614] pci 0000:00:1c.4: Adding to iommu group 10
2023-02-03T12:32:49.702530-05:00 KALIFORNIAGL kernel: [    0.171621] pci 0000:00:1c.5: Adding to iommu group 11
2023-02-03T12:32:49.702533-05:00 KALIFORNIAGL kernel: [    0.171627] pci 0000:00:1c.6: Adding to iommu group 12
2023-02-03T12:32:49.702533-05:00 KALIFORNIAGL kernel: [    0.171633] pci 0000:00:1c.7: Adding to iommu group 13
2023-02-03T12:32:49.702534-05:00 KALIFORNIAGL kernel: [    0.171640] pci 0000:00:1d.0: Adding to iommu group 14
2023-02-03T12:32:49.702534-05:00 KALIFORNIAGL kernel: [    0.171653] pci 0000:00:1f.0: Adding to iommu group 15
2023-02-03T12:32:49.702535-05:00 KALIFORNIAGL kernel: [    0.171660] pci 0000:00:1f.2: Adding to iommu group 15
2023-02-03T12:32:49.702535-05:00 KALIFORNIAGL kernel: [    0.171666] pci 0000:00:1f.3: Adding to iommu group 15
2023-02-03T12:32:49.702536-05:00 KALIFORNIAGL kernel: [    0.171669] pci 0000:01:00.0: Adding to iommu group 1
2023-02-03T12:32:49.702538-05:00 KALIFORNIAGL kernel: [    0.171672] pci 0000:01:00.1: Adding to iommu group 1
2023-02-03T12:32:49.702539-05:00 KALIFORNIAGL kernel: [    0.171675] pci 0000:01:00.2: Adding to iommu group 1
2023-02-03T12:32:49.702539-05:00 KALIFORNIAGL kernel: [    0.171678] pci 0000:01:00.3: Adding to iommu group 1
2023-02-03T12:32:49.702540-05:00 KALIFORNIAGL kernel: [    0.171681] pci 0000:03:00.0: Adding to iommu group 8
2023-02-03T12:32:49.702540-05:00 KALIFORNIAGL kernel: [    0.171688] pci 0000:06:00.0: Adding to iommu group 16
2023-02-03T12:32:49.702541-05:00 KALIFORNIAGL kernel: [    0.171694] pci 0000:08:00.0: Adding to iommu group 17
2023-02-03T12:32:49.702543-05:00 KALIFORNIAGL kernel: [    0.171700] pci 0000:09:00.0: Adding to iommu group 18
2023-02-03T12:32:49.702544-05:00 KALIFORNIAGL kernel: [    0.172629] DMAR: Intel(R) Virtualization Technology for Directed I/O
2023-02-03T12:32:49.702544-05:00 KALIFORNIAGL kernel: [    0.172632] PCI-DMA: Using software bounce buffering for IO (SWIOTLB)
2023-02-03T12:32:49.702545-05:00 KALIFORNIAGL kernel: [    0.172632] software IO TLB: mapped [mem 0x00000000d9867000-0x00000000dd867000] (64MB)
2023-02-03T12:32:49.702545-05:00 KALIFORNIAGL kernel: [    0.172938] Initialise system trusted keyrings
2023-02-03T12:32:49.702546-05:00 KALIFORNIAGL kernel: [    0.172946] Key type blacklist registered
2023-02-03T12:32:49.702548-05:00 KALIFORNIAGL kernel: [    0.172984] workingset: timestamp_bits=36 max_order=22 bucket_order=0
2023-02-03T12:32:49.702549-05:00 KALIFORNIAGL kernel: [    0.173813] zbud: loaded
2023-02-03T12:32:49.702549-05:00 KALIFORNIAGL kernel: [    0.173928] integrity: Platform Keyring initialized
2023-02-03T12:32:49.702550-05:00 KALIFORNIAGL kernel: [    0.173929] Key type asymmetric registered
2023-02-03T12:32:49.702550-05:00 KALIFORNIAGL kernel: [    0.173930] Asymmetric key parser 'x509' registered
2023-02-03T12:32:49.702551-05:00 KALIFORNIAGL kernel: [    0.530938] Freeing initrd memory: 77796K
2023-02-03T12:32:49.702551-05:00 KALIFORNIAGL kernel: [    0.534139] alg: self-tests for CTR-KDF (hmac(sha256)) passed
2023-02-03T12:32:49.702554-05:00 KALIFORNIAGL kernel: [    0.534162] Block layer SCSI generic (bsg) driver version 0.4 loaded (major 250)
2023-02-03T12:32:49.702554-05:00 KALIFORNIAGL kernel: [    0.534187] io scheduler mq-deadline registered
2023-02-03T12:32:49.702555-05:00 KALIFORNIAGL kernel: [    0.535499] shpchp: Standard Hot Plug PCI Controller Driver version: 0.4
2023-02-03T12:32:49.702555-05:00 KALIFORNIAGL kernel: [    0.536215] thermal LNXTHERM:00: registered as thermal_zone0
2023-02-03T12:32:49.702556-05:00 KALIFORNIAGL kernel: [    0.536217] ACPI: thermal: Thermal Zone [TZ00] (28 C)
2023-02-03T12:32:49.702556-05:00 KALIFORNIAGL kernel: [    0.536338] thermal LNXTHERM:01: registered as thermal_zone1
2023-02-03T12:32:49.702559-05:00 KALIFORNIAGL kernel: [    0.536339] ACPI: thermal: Thermal Zone [TZ01] (30 C)
2023-02-03T12:32:49.702559-05:00 KALIFORNIAGL kernel: [    0.536446] Serial: 8250/16550 driver, 4 ports, IRQ sharing enabled
2023-02-03T12:32:49.702560-05:00 KALIFORNIAGL kernel: [    0.536573] 00:05: ttyS0 at I/O 0x3f8 (irq = 4, base_baud = 115200) is a 16550A
2023-02-03T12:32:49.702560-05:00 KALIFORNIAGL kernel: [    0.537549] Linux agpgart interface v0.103
2023-02-03T12:32:49.702561-05:00 KALIFORNIAGL kernel: [    0.537591] AMD-Vi: AMD IOMMUv2 functionality not available on this system - This is not a bug.
2023-02-03T12:32:49.702561-05:00 KALIFORNIAGL kernel: [    0.537938] i8042: PNP: No PS/2 controller found.
2023-02-03T12:32:49.702562-05:00 KALIFORNIAGL kernel: [    0.537975] mousedev: PS/2 mouse device common for all mice
2023-02-03T12:32:49.702564-05:00 KALIFORNIAGL kernel: [    0.537993] rtc_cmos 00:02: RTC can wake from S4
2023-02-03T12:32:49.702565-05:00 KALIFORNIAGL kernel: [    0.538205] rtc_cmos 00:02: registered as rtc0
2023-02-03T12:32:49.702565-05:00 KALIFORNIAGL kernel: [    0.538235] rtc_cmos 00:02: setting system clock to 2023-02-03T12:32:43 UTC (1675427563)
2023-02-03T12:32:49.702566-05:00 KALIFORNIAGL kernel: [    0.538246] rtc_cmos 00:02: alarms up to one month, y3k, 242 bytes nvram, hpet irqs
2023-02-03T12:32:49.702566-05:00 KALIFORNIAGL kernel: [    0.538440] intel_pstate: Intel P-state driver initializing
2023-02-03T12:32:49.702567-05:00 KALIFORNIAGL kernel: [    0.538882] ledtrig-cpu: registered to indicate activity on CPUs
2023-02-03T12:32:49.702569-05:00 KALIFORNIAGL kernel: [    0.560326] NET: Registered PF_INET6 protocol family
2023-02-03T12:32:49.702570-05:00 KALIFORNIAGL kernel: [    0.563758] Segment Routing with IPv6
2023-02-03T12:32:49.702570-05:00 KALIFORNIAGL kernel: [    0.563776] In-situ OAM (IOAM) with IPv6
2023-02-03T12:32:49.702571-05:00 KALIFORNIAGL kernel: [    0.563789] mip6: Mobile IPv6
2023-02-03T12:32:49.702571-05:00 KALIFORNIAGL kernel: [    0.563790] NET: Registered PF_PACKET protocol family
2023-02-03T12:32:49.702572-05:00 KALIFORNIAGL kernel: [    0.563827] mpls_gso: MPLS GSO support
2023-02-03T12:32:49.702575-05:00 KALIFORNIAGL kernel: [    0.564303] microcode: sig=0x306c3, pf=0x2, revision=0x28
2023-02-03T12:32:49.702575-05:00 KALIFORNIAGL kernel: [    0.564384] microcode: Microcode Update Driver: v2.2.
2023-02-03T12:32:49.702576-05:00 KALIFORNIAGL kernel: [    0.564388] IPI shorthand broadcast: enabled
2023-02-03T12:32:49.702576-05:00 KALIFORNIAGL kernel: [    0.564410] sched_clock: Marking stable (560096441, 4139764)->(576232775, -11996570)
2023-02-03T12:32:49.702577-05:00 KALIFORNIAGL kernel: [    0.564613] registered taskstats version 1
2023-02-03T12:32:49.702577-05:00 KALIFORNIAGL kernel: [    0.564617] Loading compiled-in X.509 certificates
2023-02-03T12:32:49.702578-05:00 KALIFORNIAGL kernel: [    0.615461] Loaded X.509 cert 'Debian Secure Boot CA: 6ccece7e4c6c0d1f6149f3dd27dfcc5cbb419ea1'
2023-02-03T12:32:49.702580-05:00 KALIFORNIAGL kernel: [    0.615471] Loaded X.509 cert 'Debian Secure Boot Signer 2022 - linux: 14011249c2675ea8e5148542202005810584b25f'
2023-02-03T12:32:49.702581-05:00 KALIFORNIAGL kernel: [    0.615889] zswap: loaded using pool lzo/zbud
2023-02-03T12:32:49.702581-05:00 KALIFORNIAGL kernel: [    0.616141] Key type .fscrypt registered
2023-02-03T12:32:49.702582-05:00 KALIFORNIAGL kernel: [    0.616142] Key type fscrypt-provisioning registered
2023-02-03T12:32:49.702582-05:00 KALIFORNIAGL kernel: [    0.618845] Key type encrypted registered
2023-02-03T12:32:49.702583-05:00 KALIFORNIAGL kernel: [    0.618848] AppArmor: AppArmor sha1 policy hashing enabled
2023-02-03T12:32:49.702587-05:00 KALIFORNIAGL kernel: [    0.618853] ima: No TPM chip found, activating TPM-bypass!
2023-02-03T12:32:49.702588-05:00 KALIFORNIAGL kernel: [    0.618856] ima: Allocated hash algorithm: sha256
2023-02-03T12:32:49.702588-05:00 KALIFORNIAGL kernel: [    0.618861] ima: No architecture policies found
2023-02-03T12:32:49.702589-05:00 KALIFORNIAGL kernel: [    0.618867] evm: Initialising EVM extended attributes:
2023-02-03T12:32:49.702589-05:00 KALIFORNIAGL kernel: [    0.618867] evm: security.selinux
2023-02-03T12:32:49.702590-05:00 KALIFORNIAGL kernel: [    0.618868] evm: security.SMACK64 (disabled)
2023-02-03T12:32:49.702592-05:00 KALIFORNIAGL kernel: [    0.618869] evm: security.SMACK64EXEC (disabled)
2023-02-03T12:32:49.702593-05:00 KALIFORNIAGL kernel: [    0.618869] evm: security.SMACK64TRANSMUTE (disabled)
2023-02-03T12:32:49.702593-05:00 KALIFORNIAGL kernel: [    0.618869] evm: security.SMACK64MMAP (disabled)
2023-02-03T12:32:49.702594-05:00 KALIFORNIAGL kernel: [    0.618870] evm: security.apparmor
2023-02-03T12:32:49.702594-05:00 KALIFORNIAGL kernel: [    0.618870] evm: security.ima
2023-02-03T12:32:49.702595-05:00 KALIFORNIAGL kernel: [    0.618871] evm: security.capability
2023-02-03T12:32:49.702595-05:00 KALIFORNIAGL kernel: [    0.618871] evm: HMAC attrs: 0x1
2023-02-03T12:32:49.702598-05:00 KALIFORNIAGL kernel: [    0.682143] Freeing unused decrypted memory: 2036K
2023-02-03T12:32:49.702598-05:00 KALIFORNIAGL kernel: [    0.682426] Freeing unused kernel image (initmem) memory: 2716K
2023-02-03T12:32:49.702599-05:00 KALIFORNIAGL kernel: [    0.693686] Write protecting the kernel read-only data: 30720k
2023-02-03T12:32:49.702599-05:00 KALIFORNIAGL kernel: [    0.694095] Freeing unused kernel image (text/rodata gap) memory: 2040K
2023-02-03T12:32:49.702600-05:00 KALIFORNIAGL kernel: [    0.694220] Freeing unused kernel image (rodata/data gap) memory: 412K
2023-02-03T12:32:49.702600-05:00 KALIFORNIAGL kernel: [    0.725151] x86/mm: Checked W+X mappings: passed, no W+X pages found.
2023-02-03T12:32:49.702603-05:00 KALIFORNIAGL kernel: [    0.725152] x86/mm: Checking user space page tables
2023-02-03T12:32:49.702603-05:00 KALIFORNIAGL kernel: [    0.754302] x86/mm: Checked W+X mappings: passed, no W+X pages found.
2023-02-03T12:32:49.702604-05:00 KALIFORNIAGL kernel: [    0.754305] Run /init as init process
2023-02-03T12:32:49.702604-05:00 KALIFORNIAGL kernel: [    0.754306]   with arguments:
2023-02-03T12:32:49.702605-05:00 KALIFORNIAGL kernel: [    0.754306]     /init
2023-02-03T12:32:49.702605-05:00 KALIFORNIAGL kernel: [    0.754307]     splash
2023-02-03T12:32:49.702606-05:00 KALIFORNIAGL kernel: [    0.754308]   with environment:
2023-02-03T12:32:49.702608-05:00 KALIFORNIAGL kernel: [    0.754308]     HOME=/
2023-02-03T12:32:49.702609-05:00 KALIFORNIAGL kernel: [    0.754309]     TERM=linux
2023-02-03T12:32:49.702610-05:00 KALIFORNIAGL kernel: [    0.754309]     BOOT_IMAGE=/boot/vmlinuz-6.0.0-kali6-amd64
